Archive member included to satisfy reference by file (symbol)

app/libapp.a(hum_tem_sensor.c.obj)
                              (--whole-archive)
app/libapp.a(imu_sensor.c.obj)
                              (--whole-archive)
app/libapp.a(main.c.obj)      (--whole-archive)
app/libapp.a(pressure_sensor.c.obj)
                              (--whole-archive)
zephyr/libzephyr.a(heap.c.obj)
                              (--whole-archive)
zephyr/libzephyr.a(cbprintf_packaged.c.obj)
                              (--whole-archive)
zephyr/libzephyr.a(clock.c.obj)
                              (--whole-archive)
zephyr/libzephyr.a(printk.c.obj)
                              (--whole-archive)
zephyr/libzephyr.a(sem.c.obj)
                              (--whole-archive)
zephyr/libzephyr.a(thread_entry.c.obj)
                              (--whole-archive)
zephyr/libzephyr.a(cbprintf_complete.c.obj)
                              (--whole-archive)
zephyr/libzephyr.a(assert.c.obj)
                              (--whole-archive)
zephyr/libzephyr.a(mpsc_pbuf.c.obj)
                              (--whole-archive)
zephyr/libzephyr.a(dec.c.obj)
                              (--whole-archive)
zephyr/libzephyr.a(hex.c.obj)
                              (--whole-archive)
zephyr/libzephyr.a(rb.c.obj)  (--whole-archive)
zephyr/libzephyr.a(timeutil.c.obj)
                              (--whole-archive)
zephyr/libzephyr.a(bitarray.c.obj)
                              (--whole-archive)
zephyr/libzephyr.a(ring_buffer.c.obj)
                              (--whole-archive)
zephyr/libzephyr.a(last_section_id.c.obj)
                              (--whole-archive)
zephyr/libzephyr.a(configs.c.obj)
                              (--whole-archive)
zephyr/libzephyr.a(stm32cube_hal.c.obj)
                              (--whole-archive)
zephyr/libzephyr.a(soc_config.c.obj)
                              (--whole-archive)
zephyr/libzephyr.a(stm32_backup_domain.c.obj)
                              (--whole-archive)
zephyr/libzephyr.a(soc.c.obj)
                              (--whole-archive)
zephyr/libzephyr.a(log_core.c.obj)
                              (--whole-archive)
zephyr/libzephyr.a(log_mgmt.c.obj)
                              (--whole-archive)
zephyr/libzephyr.a(log_cache.c.obj)
                              (--whole-archive)
zephyr/libzephyr.a(log_msg.c.obj)
                              (--whole-archive)
zephyr/libzephyr.a(log_output.c.obj)
                              (--whole-archive)
zephyr/libzephyr.a(mem_attr.c.obj)
                              (--whole-archive)
zephyr/libzephyr.a(flash_map.c.obj)
                              (--whole-archive)
zephyr/libzephyr.a(flash_map_default.c.obj)
                              (--whole-archive)
zephyr/libzephyr.a(flash_map_layout.c.obj)
                              (--whole-archive)
zephyr/libzephyr.a(tracing_none.c.obj)
                              (--whole-archive)
zephyr/libzephyr.a(kernel_shell.c.obj)
                              (--whole-archive)
zephyr/libzephyr.a(cycles.c.obj)
                              (--whole-archive)
zephyr/libzephyr.a(sleep.c.obj)
                              (--whole-archive)
zephyr/libzephyr.a(uptime.c.obj)
                              (--whole-archive)
zephyr/libzephyr.a(version.c.obj)
                              (--whole-archive)
zephyr/libzephyr.a(log-level.c.obj)
                              (--whole-archive)
zephyr/libzephyr.a(thread.c.obj)
                              (--whole-archive)
zephyr/libzephyr.a(list.c.obj)
                              (--whole-archive)
zephyr/libzephyr.a(stacks.c.obj)
                              (--whole-archive)
zephyr/libzephyr.a(suspend.c.obj)
                              (--whole-archive)
zephyr/libzephyr.a(resume.c.obj)
                              (--whole-archive)
zephyr/libzephyr.a(kill.c.obj)
                              (--whole-archive)
zephyr/libzephyr.a(device_service.c.obj)
                              (--whole-archive)
zephyr/libzephyr.a(devmem_service.c.obj)
                              (--whole-archive)
zephyr/libzephyr.a(shell_uart.c.obj)
                              (--whole-archive)
zephyr/libzephyr.a(shell.c.obj)
                              (--whole-archive)
zephyr/libzephyr.a(shell_fprintf.c.obj)
                              (--whole-archive)
zephyr/libzephyr.a(shell_utils.c.obj)
                              (--whole-archive)
zephyr/libzephyr.a(shell_ops.c.obj)
                              (--whole-archive)
zephyr/libzephyr.a(shell_log_backend.c.obj)
                              (--whole-archive)
zephyr/libzephyr.a(shell_help.c.obj)
                              (--whole-archive)
zephyr/libzephyr.a(shell_cmds.c.obj)
                              (--whole-archive)
zephyr/libzephyr.a(shell_history.c.obj)
                              (--whole-archive)
zephyr/libzephyr.a(shell_wildcard.c.obj)
                              (--whole-archive)
zephyr/libzephyr.a(flash_util.c.obj)
[...]
Memory Configuration

Name             Origin             Length             Attributes
FLASH            0x0000000008000000 0x0000000000100000 xr
RAM              0x0000000020000000 0x0000000000018000 xw
IDT_LIST         0x00000000ffff7fff 0x0000000000008000 xw
*default*        0x0000000000000000 0xffffffffffffffff

Linker script and memory map

                0x0000000008011650                vfprintf = __d_vfprintf
                0x0000000000000000                vfscanf = __d_vfscanf
LOAD zephyr/CMakeFiles/zephyr_pre0.dir/misc/empty_file.c.obj
LOAD zephyr/CMakeFiles/offsets.dir/./arch/arm/core/offsets/offsets.c.obj
LOAD app/libapp.a
LOAD zephyr/libzephyr.a
LOAD zephyr/arch/common/libarch__common.a
LOAD zephyr/arch/arch/arm/core/libarch__arm__core.a
LOAD zephyr/arch/arch/arm/core/cortex_m/libarch__arm__core__cortex_m.a
LOAD zephyr/arch/arch/arm/core/mpu/libarch__arm__core__mpu.a
LOAD zephyr/lib/libc/picolibc/liblib__libc__picolibc.a
LOAD zephyr/lib/libc/common/liblib__libc__common.a
LOAD zephyr/lib/posix/options/liblib__posix__options.a
LOAD zephyr/subsys/fs/libsubsys__fs.a
LOAD zephyr/drivers/interrupt_controller/libdrivers__interrupt_controller.a
LOAD zephyr/drivers/adc/libdrivers__adc.a
LOAD zephyr/drivers/clock_control/libdrivers__clock_control.a
LOAD zephyr/drivers/console/libdrivers__console.a
LOAD zephyr/drivers/dma/libdrivers__dma.a
LOAD zephyr/drivers/flash/libdrivers__flash.a
LOAD zephyr/drivers/gpio/libdrivers__gpio.a
LOAD zephyr/drivers/i2c/libdrivers__i2c.a
LOAD zephyr/drivers/pinctrl/libdrivers__pinctrl.a
LOAD zephyr/drivers/reset/libdrivers__reset.a
LOAD zephyr/drivers/sensor/st/stmemsc/libdrivers__sensor__st__stmemsc.a
LOAD zephyr/drivers/sensor/st/hts221/libdrivers__sensor__st__hts221.a
LOAD zephyr/drivers/sensor/st/lis3mdl/libdrivers__sensor__st__lis3mdl.a
LOAD zephyr/drivers/sensor/st/lps22hb/libdrivers__sensor__st__lps22hb.a
LOAD zephyr/drivers/sensor/st/lsm6dsl/libdrivers__sensor__st__lsm6dsl.a
LOAD zephyr/drivers/sensor/st/stm32_temp/libdrivers__sensor__st__stm32_temp.a
LOAD zephyr/drivers/sensor/st/stm32_vbat/libdrivers__sensor__st__stm32_vbat.a
LOAD zephyr/drivers/sensor/st/stm32_vref/libdrivers__sensor__st__stm32_vref.a
LOAD zephyr/drivers/sensor/st/vl53l0x/libdrivers__sensor__st__vl53l0x.a
LOAD zephyr/drivers/serial/libdrivers__serial.a
LOAD zephyr/drivers/timer/libdrivers__timer.a
LOAD modules/hal_st/lib..__modules__hal__st.a
LOAD modules/hal_stm32/stm32cube/lib..__modules__hal__stm32__stm32cube.a
LOAD modules/littlefs/libmodules__littlefs.a
LOAD zephyr/kernel/libkernel.a
LOAD zephyr/arch/common/libisr_tables.a
LOAD /home/dharm/zephyr-sdk-0.17.2/arm-zephyr-eabi/bin/../lib/gcc/../../picolibc/arm-zephyr-eabi/lib/thumb/v7e-m/nofp/libc.a
LOAD /home/dharm/zephyr-sdk-0.17.2/arm-zephyr-eabi/bin/../lib/gcc/arm-zephyr-eabi/12.2.0/thumb/v7e-m/nofp/libgcc.a
                0x0000000000000020                _region_min_align = 0x20

.rel.plt        0x0000000008000000        0x0
 *(SORT_BY_ALIGNMENT(.rel.plt))
                [!provide]                        PROVIDE (__rel_iplt_start = .)
 *(SORT_BY_ALIGNMENT(.rel.iplt))
 .rel.iplt      0x0000000008000000        0x0 app/libapp.a(hum_tem_sensor.c.obj)
                [!provide]                        PROVIDE (__rel_iplt_end = .)

.rela.plt       0x0000000000000000        0x0
 *(SORT_BY_ALIGNMENT(.rela.plt))
                [!provide]                        PROVIDE (__rela_iplt_start = .)
 *(SORT_BY_ALIGNMENT(.rela.iplt))
                [!provide]                        PROVIDE (__rela_iplt_end = .)

.rel.dyn
 *(SORT_BY_ALIGNMENT(.rel.*))

.rela.dyn
 *(SORT_BY_ALIGNMENT(.rela.*))

/DISCARD/
 *(SORT_BY_ALIGNMENT(.plt))

/DISCARD/
 *(SORT_BY_ALIGNMENT(.iplt))
                0x0000000008000000                __rom_region_start = 0x8000000

rom_start       0x0000000008000000      0x188
                0x0000000008000000                __rom_start_address = .
 FILL mask 0x00
                0x0000000008000000                . = (. + (0x0 - (. - __rom_start_address)))
                0x0000000008000000                . = ALIGN (0x4)
                0x0000000008000000                . = ALIGN (0x80)
                0x0000000008000000                . = ALIGN (0x200)
                0x0000000008000000                _vector_start = .
 *(SORT_BY_ALIGNMENT(.exc_vector_table))
 *(SORT_BY_ALIGNMENT(.exc_vector_table.*))
 .exc_vector_table._vector_table_section
                0x0000000008000000       0x40 zephyr/arch/arch/arm/core/cortex_m/libarch__arm__core__cortex_m.a(vector_table.S.obj)
                0x0000000008000000                _vector_table
 *(SORT_BY_ALIGNMENT(.vectors))
                0x0000000008000188                _vector_end = .
                0x0000000008000040                . = ALIGN (0x4)
 *(SORT_BY_ALIGNMENT(.gnu.linkonce.irq_vector_table*))
 .gnu.linkonce.irq_vector_table
                0x0000000008000040      0x148 zephyr/arch/common/libisr_tables.a(isr_tables.c.obj)
                0x0000000008000040                _irq_vector_table
                0x0000000008000188                _vector_end = .

text            0x0000000008000188    0x1abf4
                0x0000000008000188                __text_region_start = .
 *(SORT_BY_ALIGNMENT(.text))
 .text          0x0000000008000188      0x378 /home/dharm/zephyr-sdk-0.17.2/arm-zephyr-eabi/bin/../lib/gcc/arm-zephyr-eabi/12.2.0/thumb/v7e-m/nofp/libgcc.a(_arm_addsubdf3.o)
                0x0000000008000188                __aeabi_drsub
                0x0000000008000190                __aeabi_dsub
                0x0000000008000190                __subdf3
                0x0000000008000194                __adddf3
                0x0000000008000194                __aeabi_dadd
                0x000000000800040c                __aeabi_ui2d
                0x000000000800040c                __floatunsidf
                0x000000000800042c                __floatsidf
                0x000000000800042c                __aeabi_i2d
                0x0000000008000450                __extendsfdf2
                0x0000000008000450                __aeabi_f2d
                0x0000000008000494                __aeabi_ul2d
                0x0000000008000494                __floatundidf
                0x00000000080004a4                __floatdidf
                0x00000000080004a4                __aeabi_l2d
 .text          0x0000000008000500      0x424 /home/dharm/zephyr-sdk-0.17.2/arm-zephyr-eabi/bin/../lib/gcc/arm-zephyr-eabi/12.2.0/thumb/v7e-m/nofp/libgcc.a(_arm_muldivdf3.o)
                0x0000000008000500                __aeabi_dmul
                0x0000000008000500                __muldf3
                0x0000000008000754                __aeabi_ddiv
                0x0000000008000754                __divdf3
 .text          0x0000000008000924      0x21c /home/dharm/zephyr-sdk-0.17.2/arm-zephyr-eabi/bin/../lib/gcc/arm-zephyr-eabi/12.2.0/thumb/v7e-m/nofp/libgcc.a(_arm_addsubsf3.o)
                0x0000000008000924                __aeabi_frsub
                0x000000000800092c                __subsf3
                0x000000000800092c                __aeabi_fsub
                0x0000000008000930                __aeabi_fadd
                0x0000000008000930                __addsf3
                0x0000000008000a90                __aeabi_ui2f
                0x0000000008000a90                __floatunsisf
                0x0000000008000a98                __aeabi_i2f
                0x0000000008000a98                __floatsisf
                0x0000000008000ab4                __floatundisf
                0x0000000008000ab4                __aeabi_ul2f
                0x0000000008000ac4                __floatdisf
                0x0000000008000ac4                __aeabi_l2f
 .text          0x0000000008000b40      0x2a0 /home/dharm/zephyr-sdk-0.17.2/arm-zephyr-eabi/bin/../lib/gcc/arm-zephyr-eabi/12.2.0/thumb/v7e-m/nofp/libgcc.a(_arm_muldivsf3.o)
                0x0000000008000b40                __mulsf3
                0x0000000008000b40                __aeabi_fmul
                0x0000000008000ca8                __divsf3
                0x0000000008000ca8                __aeabi_fdiv
 .text          0x0000000008000de0       0xec /home/dharm/zephyr-sdk-0.17.2/arm-zephyr-eabi/bin/../lib/gcc/arm-zephyr-eabi/12.2.0/thumb/v7e-m/nofp/libgcc.a(_arm_cmpsf2.o)
                0x0000000008000de0                __gtsf2
                0x0000000008000de0                __gesf2
                0x0000000008000de8                __lesf2
                0x0000000008000de8                __ltsf2
                0x0000000008000df0                __nesf2
                0x0000000008000df0                __eqsf2
                0x0000000008000df0                __cmpsf2
                0x0000000008000e50                __aeabi_cfrcmple
                0x0000000008000e58                __aeabi_cfcmple
                0x0000000008000e58                __aeabi_cfcmpeq
                0x0000000008000e68                __aeabi_fcmpeq
                0x0000000008000e7c                __aeabi_fcmplt
                0x0000000008000e90                __aeabi_fcmple
                0x0000000008000ea4                __aeabi_fcmpge
                0x0000000008000eb8                __aeabi_fcmpgt
 .text          0x0000000008000ecc       0x4c /home/dharm/zephyr-sdk-0.17.2/arm-zephyr-eabi/bin/../lib/gcc/arm-zephyr-eabi/12.2.0/thumb/v7e-m/nofp/libgcc.a(_arm_fixsfsi.o)
                0x0000000008000ecc                __fixsfsi
                0x0000000008000ecc                __aeabi_f2iz
 .text          0x0000000008000f18       0xa0 /home/dharm/zephyr-sdk-0.17.2/arm-zephyr-eabi/bin/../lib/gcc/arm-zephyr-eabi/12.2.0/thumb/v7e-m/nofp/libgcc.a(_aeabi_ldivmod.o)
                0x0000000008000f18                __aeabi_ldivmod
 .text          0x0000000008000fb8       0x30 /home/dharm/zephyr-sdk-0.17.2/arm-zephyr-eabi/bin/../lib/gcc/arm-zephyr-eabi/12.2.0/thumb/v7e-m/nofp/libgcc.a(_aeabi_uldivmod.o)
                0x0000000008000fb8                __aeabi_uldivmod
 .text          0x0000000008000fe8       0x40 /home/dharm/zephyr-sdk-0.17.2/arm-zephyr-eabi/bin/../lib/gcc/arm-zephyr-eabi/12.2.0/thumb/v7e-m/nofp/libgcc.a(_fixunssfdi.o)
                0x0000000008000fe8                __aeabi_f2ulz
                0x0000000008000fe8                __fixunssfdi
 .text          0x0000000008001028        0x4 /home/dharm/zephyr-sdk-0.17.2/arm-zephyr-eabi/bin/../lib/gcc/arm-zephyr-eabi/12.2.0/thumb/v7e-m/nofp/libgcc.a(_dvmd_tls.o)
                0x0000000008001028                __aeabi_ldiv0
                0x0000000008001028                __aeabi_idiv0
 .text          0x000000000800102c       0x40 /home/dharm/zephyr-sdk-0.17.2/arm-zephyr-eabi/bin/../lib/gcc/arm-zephyr-eabi/12.2.0/thumb/v7e-m/nofp/libgcc.a(_arm_fixunsdfsi.o)
                0x000000000800102c                __fixunsdfsi
                0x000000000800102c                __aeabi_d2uiz
 .text          0x000000000800106c       0x14 /home/dharm/zephyr-sdk-0.17.2/arm-zephyr-eabi/bin/../lib/gcc/../../picolibc/arm-zephyr-eabi/lib/thumb/v7e-m/nofp/libc.a(strcmp.S.o)
                0x000000000800106c                strcmp
 .text          0x0000000008001080       0x10 /home/dharm/zephyr-sdk-0.17.2/arm-zephyr-eabi/bin/../lib/gcc/../../picolibc/arm-zephyr-eabi/lib/thumb/v7e-m/nofp/libc.a(strcpy.S.o)
                0x0000000008001080                strcpy
 .text          0x0000000008001090       0x10 /home/dharm/zephyr-sdk-0.17.2/arm-zephyr-eabi/bin/../lib/gcc/../../picolibc/arm-zephyr-eabi/lib/thumb/v7e-m/nofp/libc.a(strlen.S.o)
                0x0000000008001090                strlen
 .text          0x00000000080010a0       0x26 /home/dharm/zephyr-sdk-0.17.2/arm-zephyr-eabi/bin/../lib/gcc/arm-zephyr-eabi/12.2.0/thumb/v7e-m/nofp/libgcc.a(_popcountsi2.o)
                0x00000000080010a0                __popcountsi2
 .text          0x00000000080010c6       0x26 /home/dharm/zephyr-sdk-0.17.2/arm-zephyr-eabi/bin/../lib/gcc/arm-zephyr-eabi/12.2.0/thumb/v7e-m/nofp/libgcc.a(_fixsfdi.o)
                0x00000000080010c6                __aeabi_f2lz
                0x00000000080010c6                __fixsfdi
 .text          0x00000000080010ec      0x2a0 /home/dharm/zephyr-sdk-0.17.2/arm-zephyr-eabi/bin/../lib/gcc/arm-zephyr-eabi/12.2.0/thumb/v7e-m/nofp/libgcc.a(_udivmoddi4.o)
                0x00000000080010ec                __udivmoddi4
 *(SORT_BY_ALIGNMENT(.text.*))
 *fill*         0x000000000800138c        0x4 
 .text.hum_temp_sensor_process_sample
                0x0000000008001390      0x164 app/libapp.a(hum_tem_sensor.c.obj)
                0x0000000008001390                hum_temp_sensor_process_sample
 *fill*         0x00000000080014f4        0x4 
 .text.imu_sensor_sample_process.part.0
                0x00000000080014f8      0x208 app/libapp.a(imu_sensor.c.obj)
 .text.pressure_sensor_process_sample
                0x0000000008001700       0xfc app/libapp.a(pressure_sensor.c.obj)
                0x0000000008001700                pressure_sensor_process_sample
 *fill*         0x00000000080017fc        0x4 
 .text.cmd_kernel_uptime
                0x0000000008001800       0xe0 zephyr/libzephyr.a(uptime.c.obj)
 .text.lsm6dsl_accel_convert
                0x00000000080018e0       0x58 zephyr/drivers/sensor/st/lsm6dsl/libdrivers__sensor__st__lsm6dsl.a(lsm6dsl.c.obj)
 .text.lsm6dsl_gyro_convert
                0x0000000008001938       0x6c zephyr/drivers/sensor/st/lsm6dsl/libdrivers__sensor__st__lsm6dsl.a(lsm6dsl.c.obj)
 *fill*         0x00000000080019a4        0x4 
 .text.lsm6dsl_attr_set
                0x00000000080019a8      0x1a4 zephyr/drivers/sensor/st/lsm6dsl/libdrivers__sensor__st__lsm6dsl.a(lsm6dsl.c.obj)
 .text.hun_temp_sensor_init
                0x0000000008001b4c       0x5c app/libapp.a(hum_tem_sensor.c.obj)
                0x0000000008001b4c                hun_temp_sensor_init
 .text.sensor_channel_get.constprop.0.isra.0
                0x0000000008001ba8       0x18 app/libapp.a(imu_sensor.c.obj)
 .text.imu_sensor_sample_process
                0x0000000008001bc0       0x3c app/libapp.a(imu_sensor.c.obj)
                0x0000000008001bc0                imu_sensor_sample_process
 .text.imu_sensor_init
                0x0000000008001bfc       0x88 app/libapp.a(imu_sensor.c.obj)
                0x0000000008001bfc                imu_sensor_init
 .text.shell_start_thread
                0x0000000008001c84       0x44 app/libapp.a(main.c.obj)
 .text.shell_stop_thread
                0x0000000008001cc8       0x24 app/libapp.a(main.c.obj)
 .text.sensor_demo_thread
                0x0000000008001cec       0x64 app/libapp.a(main.c.obj)
 .text.main     0x0000000008001d50       0x5c app/libapp.a(main.c.obj)
                0x0000000008001d50                main
 .text.pressure_sensor_init
                0x0000000008001dac       0x5c app/libapp.a(pressure_sensor.c.obj)
                0x0000000008001dac                pressure_sensor_init
 .text.cbvprintf_package
                0x0000000008001e08      0x3a4 zephyr/libzephyr.a(cbprintf_packaged.c.obj)
                0x0000000008001e08                cbvprintf_package
 .text.cbprintf_package_convert
                0x00000000080021ac      0x3d4 zephyr/libzephyr.a(cbprintf_packaged.c.obj)
                0x00000000080021ac                cbprintf_package_convert
 .text.__printk_hook_install
                0x0000000008002580        0xc zephyr/libzephyr.a(printk.c.obj)
                0x0000000008002580                __printk_hook_install
 .text.z_thread_entry
                0x000000000800258c       0x34 zephyr/libzephyr.a(thread_entry.c.obj)
                0x000000000800258c                z_thread_entry
 .text.st_stm32_common_config
                0x00000000080025c0       0x14 zephyr/libzephyr.a(soc_config.c.obj)
 .text.stm32_backup_domain_enable_access
                0x00000000080025d4       0x3c zephyr/libzephyr.a(stm32_backup_domain.c.obj)
                0x00000000080025d4                stm32_backup_domain_enable_access
 .text.stm32_backup_domain_disable_access
                0x0000000008002610       0x68 zephyr/libzephyr.a(stm32_backup_domain.c.obj)
                0x0000000008002610                stm32_backup_domain_disable_access
 .text.soc_early_init_hook
                0x0000000008002678       0x30 zephyr/libzephyr.a(soc.c.obj)
                0x0000000008002678                soc_early_init_hook
 .text.activate_foreach_backend
                0x00000000080026a8       0x64 zephyr/libzephyr.a(log_core.c.obj)
 .text.enable_logger
                0x000000000800270c       0x5c zephyr/libzephyr.a(log_core.c.obj)
 .text.log_process_thread_timer_expiry_fn
                0x0000000008002768        0xc zephyr/libzephyr.a(log_core.c.obj)
 .text.z_log_init
                0x0000000008002774       0x94 zephyr/libzephyr.a(log_core.c.obj)
 .text.log_set_timestamp_func
                0x0000000008002808       0x20 zephyr/libzephyr.a(log_core.c.obj)
                0x0000000008002808                log_set_timestamp_func
 .text.z_log_notify_backend_enabled
                0x0000000008002828       0x1c zephyr/libzephyr.a(log_core.c.obj)
                0x0000000008002828                z_log_notify_backend_enabled
 .text.z_log_dropped
                0x0000000008002844       0x44 zephyr/libzephyr.a(log_core.c.obj)
                0x0000000008002844                z_log_dropped
 .text.z_log_dropped_read_and_clear
                0x0000000008002888       0x20 zephyr/libzephyr.a(log_core.c.obj)
                0x0000000008002888                z_log_dropped_read_and_clear
 .text.dropped_notify
                0x00000000080028a8       0x30 zephyr/libzephyr.a(log_core.c.obj)
                0x00000000080028a8                dropped_notify
 .text.z_log_msg_init
                0x00000000080028d8       0x20 zephyr/libzephyr.a(log_core.c.obj)
                0x00000000080028d8                z_log_msg_init
 .text.log_core_init
                0x00000000080028f8       0x54 zephyr/libzephyr.a(log_core.c.obj)
                0x00000000080028f8                log_core_init
 .text.z_log_msg_alloc
                0x000000000800294c       0x10 zephyr/libzephyr.a(log_core.c.obj)
                0x000000000800294c                z_log_msg_alloc
 .text.z_log_msg_local_claim
                0x000000000800295c        0xc zephyr/libzephyr.a(log_core.c.obj)
                0x000000000800295c                z_log_msg_local_claim
 .text.z_log_msg_free
                0x0000000008002968       0x10 zephyr/libzephyr.a(log_core.c.obj)
                0x0000000008002968                z_log_msg_free
 .text.z_log_msg_pending
                0x0000000008002978        0xc zephyr/libzephyr.a(log_core.c.obj)
                0x0000000008002978                z_log_msg_pending
 .text.z_impl_log_process
                0x0000000008002984       0xe8 zephyr/libzephyr.a(log_core.c.obj)
                0x0000000008002984                z_impl_log_process
 .text.z_impl_log_panic
                0x0000000008002a6c       0x44 zephyr/libzephyr.a(log_core.c.obj)
                0x0000000008002a6c                z_impl_log_panic
 .text.log_process_thread_func
                0x0000000008002ab0       0xa4 zephyr/libzephyr.a(log_core.c.obj)
 .text.z_log_msg_post_finalize
                0x0000000008002b54       0x78 zephyr/libzephyr.a(log_core.c.obj)
 .text.z_log_msg_commit
                0x0000000008002bcc       0x24 zephyr/libzephyr.a(log_core.c.obj)
                0x0000000008002bcc                z_log_msg_commit
 .text.log_source_name_get
                0x0000000008002bf0       0x1c zephyr/libzephyr.a(log_mgmt.c.obj)
                0x0000000008002bf0                log_source_name_get
 .text.z_log_runtime_filters_init
                0x0000000008002c0c       0x3c zephyr/libzephyr.a(log_mgmt.c.obj)
                0x0000000008002c0c                z_log_runtime_filters_init
 .text.log_source_id_get
                0x0000000008002c48       0x38 zephyr/libzephyr.a(log_mgmt.c.obj)
                0x0000000008002c48                log_source_id_get
 .text.filter_set
                0x0000000008002c80       0xbc zephyr/libzephyr.a(log_mgmt.c.obj)
                0x0000000008002c80                filter_set
 .text.backend_filter_set
                0x0000000008002d3c       0x30 zephyr/libzephyr.a(log_mgmt.c.obj)
 .text.log_filter_get
                0x0000000008002d6c       0x4c zephyr/libzephyr.a(log_mgmt.c.obj)
                0x0000000008002d6c                log_filter_get
 .text.z_impl_z_log_msg_static_create
                0x0000000008002db8      0x110 zephyr/libzephyr.a(log_msg.c.obj)
                0x0000000008002db8                z_impl_z_log_msg_static_create
 .text.z_log_msg_runtime_vcreate
                0x0000000008002ec8       0xb0 zephyr/libzephyr.a(log_msg.c.obj)
                0x0000000008002ec8                z_log_msg_runtime_vcreate
 .text.log_msg_get_source_id
                0x0000000008002f78       0x18 zephyr/libzephyr.a(log_msg.c.obj)
                0x0000000008002f78                log_msg_get_source_id
 .text.print_formatted
                0x0000000008002f90       0x24 zephyr/libzephyr.a(log_output.c.obj)
 .text.newline_print
                0x0000000008002fb4       0x1c zephyr/libzephyr.a(log_output.c.obj)
 .text.log_output_process
                0x0000000008002fd0      0x2d4 zephyr/libzephyr.a(log_output.c.obj)
                0x0000000008002fd0                log_output_process
 .text.log_output_dropped_process
                0x00000000080032a4       0x58 zephyr/libzephyr.a(log_output.c.obj)
                0x00000000080032a4                log_output_dropped_process
 .text.log_output_timestamp_freq_set
                0x00000000080032fc       0x2c zephyr/libzephyr.a(log_output.c.obj)
                0x00000000080032fc                log_output_timestamp_freq_set
 .text.mem_attr_get_regions
                0x0000000008003328        0xc zephyr/libzephyr.a(mem_attr.c.obj)
                0x0000000008003328                mem_attr_get_regions
 .text.flash_area_open
                0x0000000008003334       0x4c zephyr/libzephyr.a(flash_map.c.obj)
                0x0000000008003334                flash_area_open
 .text.cmd_kernel_cycles
                0x0000000008003380       0x1c zephyr/libzephyr.a(cycles.c.obj)
 .text.cmd_kernel_sleep
                0x000000000800339c       0x40 zephyr/libzephyr.a(sleep.c.obj)
 .text.cmd_kernel_version
                0x00000000080033dc       0x18 zephyr/libzephyr.a(version.c.obj)
 .text.cmd_kernel_log_level_set
                0x00000000080033f4       0x84 zephyr/libzephyr.a(log-level.c.obj)
 .text.z_thread_is_valid
                0x0000000008003478       0x20 zephyr/libzephyr.a(thread.c.obj)
                0x0000000008003478                z_thread_is_valid
 .text.cmd_kernel_thread_list
                0x0000000008003498       0x34 zephyr/libzephyr.a(list.c.obj)
 .text.shell_tdata_dump
                0x00000000080034cc       0xc0 zephyr/libzephyr.a(list.c.obj)
 .text.cmd_kernel_thread_stacks
                0x000000000800358c       0x70 zephyr/libzephyr.a(stacks.c.obj)
 .text.shell_stack_dump
                0x00000000080035fc       0x60 zephyr/libzephyr.a(stacks.c.obj)
 .text.cmd_kernel_thread_suspend
                0x000000000800365c       0x64 zephyr/libzephyr.a(suspend.c.obj)
 .text.cmd_kernel_thread_resume
                0x00000000080036c0       0x64 zephyr/libzephyr.a(resume.c.obj)
 .text.cmd_kernel_thread_kill
                0x0000000008003724       0x64 zephyr/libzephyr.a(kill.c.obj)
 .text.cmd_device_list
                0x0000000008003788       0xd8 zephyr/libzephyr.a(device_service.c.obj)
 .text.cmd_devmem
                0x0000000008003860       0xc4 zephyr/libzephyr.a(devmem_service.c.obj)
 .text.cmd_dump
                0x0000000008003924      0x178 zephyr/libzephyr.a(devmem_service.c.obj)
 .text.set_bypass.isra.0
                0x0000000008003a9c       0x4c zephyr/libzephyr.a(devmem_service.c.obj)
 .text.bypass_cb
                0x0000000008003ae8      0x114 zephyr/libzephyr.a(devmem_service.c.obj)
 .text.cmd_load
                0x0000000008003bfc       0xd8 zephyr/libzephyr.a(devmem_service.c.obj)
 .text.enable_shell_uart
                0x0000000008003cd4       0x38 zephyr/libzephyr.a(shell_uart.c.obj)
 .text.init     0x0000000008003d0c       0x54 zephyr/libzephyr.a(shell_uart.c.obj)
 .text.uart_callback
                0x0000000008003d60      0x134 zephyr/libzephyr.a(shell_uart.c.obj)
 .text.shell_internal_help_print
                0x0000000008003e94       0x20 zephyr/libzephyr.a(shell.c.obj)
 .text.kill_handler
                0x0000000008003eb4       0x54 zephyr/libzephyr.a(shell.c.obj)
 .text.z_cursor_next_line_move.isra.0
                0x0000000008003f08        0xc zephyr/libzephyr.a(shell.c.obj)
 .text.history_handle
                0x0000000008003f14       0xac zephyr/libzephyr.a(shell.c.obj)
 .text.execute  0x0000000008003fc0      0x2c8 zephyr/libzephyr.a(shell.c.obj)
 .text.state_set.constprop.0
                0x0000000008004288       0x4c zephyr/libzephyr.a(shell.c.obj)
 .text.shell_process
                0x00000000080042d4      0x69c zephyr/libzephyr.a(shell.c.obj)
                0x00000000080042d4                shell_process
 .text.shell_thread
                0x0000000008004970       0xe4 zephyr/libzephyr.a(shell.c.obj)
                0x0000000008004970                shell_thread
 .text.cmd_help
                0x0000000008004a54       0x44 zephyr/libzephyr.a(shell.c.obj)
 .text.shell_hexdump_line
                0x0000000008004a98       0xcc zephyr/libzephyr.a(shell.c.obj)
                0x0000000008004a98                shell_hexdump_line
 .text.shell_init
                0x0000000008004b64       0xe8 zephyr/libzephyr.a(shell.c.obj)
                0x0000000008004b64                shell_init
 .text.z_shell_fprintf_fmt
                0x0000000008004c4c       0x28 zephyr/libzephyr.a(shell_fprintf.c.obj)
                0x0000000008004c4c                z_shell_fprintf_fmt
 .text.z_shell_cmd_get
                0x0000000008004c74       0x74 zephyr/libzephyr.a(shell_utils.c.obj)
                0x0000000008004c74                z_shell_cmd_get
 .text.shell_strtoul
                0x0000000008004ce8       0x50 zephyr/libzephyr.a(shell_utils.c.obj)
                0x0000000008004ce8                shell_strtoul
 .text.z_clear_eos
                0x0000000008004d38       0x18 zephyr/libzephyr.a(shell_ops.c.obj)
 .text.z_cursor_next_line_move.isra.0
                0x0000000008004d50        0xc zephyr/libzephyr.a(shell_ops.c.obj)
 .text.z_shell_op_cursor_vert_move
                0x0000000008004d5c       0x2c zephyr/libzephyr.a(shell_ops.c.obj)
                0x0000000008004d5c                z_shell_op_cursor_vert_move
 .text.z_shell_op_cursor_horiz_move
                0x0000000008004d88       0x2c zephyr/libzephyr.a(shell_ops.c.obj)
                0x0000000008004d88                z_shell_op_cursor_horiz_move
 .text.z_shell_print_cmd
                0x0000000008004db4       0x78 zephyr/libzephyr.a(shell_ops.c.obj)
                0x0000000008004db4                z_shell_print_cmd
 .text.z_shell_vt100_color_set
                0x0000000008004e2c       0x40 zephyr/libzephyr.a(shell_ops.c.obj)
                0x0000000008004e2c                z_shell_vt100_color_set
 .text.z_shell_vt100_colors_restore
                0x0000000008004e6c       0x3c zephyr/libzephyr.a(shell_ops.c.obj)
                0x0000000008004e6c                z_shell_vt100_colors_restore
 .text.z_shell_op_word_remove
                0x0000000008004ea8       0xc8 zephyr/libzephyr.a(shell_ops.c.obj)
                0x0000000008004ea8                z_shell_op_word_remove
 .text.reprint_from_cursor
                0x0000000008004f70       0xe0 zephyr/libzephyr.a(shell_ops.c.obj)
 .text.z_shell_op_char_insert
                0x0000000008005050       0x70 zephyr/libzephyr.a(shell_ops.c.obj)
                0x0000000008005050                z_shell_op_char_insert
 .text.z_shell_print_prompt_and_cmd
                0x00000000080050c0       0x30 zephyr/libzephyr.a(shell_ops.c.obj)
                0x00000000080050c0                z_shell_print_prompt_and_cmd
 .text.z_cursor_next_line_move.isra.0
                0x00000000080050f0        0xc zephyr/libzephyr.a(shell_help.c.obj)
 .text.formatted_structured_help_print
                0x00000000080050fc       0x40 zephyr/libzephyr.a(shell_help.c.obj)
 .text.z_shell_help_subcmd_print
                0x000000000800513c       0xd0 zephyr/libzephyr.a(shell_help.c.obj)
                0x000000000800513c                z_shell_help_subcmd_print
 .text.z_shell_help_cmd_print
                0x000000000800520c       0x64 zephyr/libzephyr.a(shell_help.c.obj)
                0x000000000800520c                z_shell_help_cmd_print
 .text.z_shell_help_request
                0x0000000008005270       0x28 zephyr/libzephyr.a(shell_help.c.obj)
                0x0000000008005270                z_shell_help_request
 .text.cmd_resize_default
                0x0000000008005298       0x2c zephyr/libzephyr.a(shell_cmds.c.obj)
 .text.cmd_shell_stats_show
                0x00000000080052c4       0x14 zephyr/libzephyr.a(shell_cmds.c.obj)
 .text.cmd_backends
                0x00000000080052d8       0x4c zephyr/libzephyr.a(shell_cmds.c.obj)
 .text.cmd_prompt_off
                0x0000000008005324       0x10 zephyr/libzephyr.a(shell_cmds.c.obj)
 .text.cmd_history
                0x0000000008005334       0x40 zephyr/libzephyr.a(shell_cmds.c.obj)
 .text.cmd_get_retval
                0x0000000008005374       0x1c zephyr/libzephyr.a(shell_cmds.c.obj)
 .text.cmd_echo
                0x0000000008005390       0x50 zephyr/libzephyr.a(shell_cmds.c.obj)
 .text.cmd_clear
                0x00000000080053e0       0x34 zephyr/libzephyr.a(shell_cmds.c.obj)
 .text.cmd_resize
                0x0000000008005414      0x1a0 zephyr/libzephyr.a(shell_cmds.c.obj)
 .text.z_shell_wildcard_process
                0x00000000080055b4       0xe4 zephyr/libzephyr.a(shell_wildcard.c.obj)
                0x00000000080055b4                z_shell_wildcard_process
 .text.z_arm_fatal_error
                0x0000000008005698       0xe0 zephyr/arch/arch/arm/core/libarch__arm__core.a(fatal.c.obj)
                0x0000000008005698                z_arm_fatal_error
 .text.z_SysNmiOnReset
                0x0000000008005778        0x8 zephyr/arch/arch/arm/core/libarch__arm__core.a(nmi_on_reset.S.obj)
                0x0000000008005778                z_SysNmiOnReset
 .text.arch_tls_stack_setup
                0x0000000008005780       0x40 zephyr/arch/arch/arm/core/libarch__arm__core.a(tls.c.obj)
                0x0000000008005780                arch_tls_stack_setup
 .text._HandlerModeExit
                0x00000000080057c0       0x20 zephyr/arch/arch/arm/core/cortex_m/libarch__arm__core__cortex_m.a(exc_exit.c.obj)
                0x00000000080057c0                z_arm_exc_exit
                0x00000000080057c0                z_arm_int_exit
 .text.bus_fault.constprop.0
                0x00000000080057e0      0x108 zephyr/arch/arch/arm/core/cortex_m/libarch__arm__core__cortex_m.a(fault.c.obj)
 .text.usage_fault.constprop.0
                0x00000000080058e8       0xdc zephyr/arch/arch/arm/core/cortex_m/libarch__arm__core__cortex_m.a(fault.c.obj)
 .text.mem_manage_fault
                0x00000000080059c4      0x140 zephyr/arch/arch/arm/core/cortex_m/libarch__arm__core__cortex_m.a(fault.c.obj)
 .text.z_arm_fault
                0x0000000008005b04      0x20c zephyr/arch/arch/arm/core/cortex_m/libarch__arm__core__cortex_m.a(fault.c.obj)
                0x0000000008005b04                z_arm_fault
 .text.z_arm_fault_init
                0x0000000008005d10       0x18 zephyr/arch/arch/arm/core/cortex_m/libarch__arm__core__cortex_m.a(fault.c.obj)
                0x0000000008005d10                z_arm_fault_init
 .text.__fault  0x0000000008005d28       0x14 zephyr/arch/arch/arm/core/cortex_m/libarch__arm__core__cortex_m.a(fault_s.S.obj)
                0x0000000008005d28                z_arm_bus_fault
                0x0000000008005d28                z_arm_usage_fault
                0x0000000008005d28                z_arm_mpu_fault
                0x0000000008005d28                z_arm_exc_spurious
                0x0000000008005d28                z_arm_debug_monitor
                0x0000000008005d28                z_arm_hard_fault
 .text._reset_section
                0x0000000008005d3c       0x44 zephyr/arch/arch/arm/core/cortex_m/libarch__arm__core__cortex_m.a(reset.S.obj)
                0x0000000008005d3c                z_arm_reset
                0x0000000008005d3c                __start
 .text.z_impl_k_thread_abort
                0x0000000008005d80       0x2c zephyr/arch/arch/arm/core/cortex_m/libarch__arm__core__cortex_m.a(thread_abort.c.obj)
                0x0000000008005d80                z_impl_k_thread_abort
 .text.z_arm_pendsv
                0x0000000008005dac       0x64 zephyr/arch/arch/arm/core/cortex_m/libarch__arm__core__cortex_m.a(swap_helper.S.obj)
                0x0000000008005dac                z_arm_pendsv
 .text.z_arm_svc
                0x0000000008005e10       0x24 zephyr/arch/arch/arm/core/cortex_m/libarch__arm__core__cortex_m.a(swap_helper.S.obj)
                0x0000000008005e10                z_arm_svc
 .text.arm_irq_enable
                0x0000000008005e34       0x1c zephyr/arch/arch/arm/core/cortex_m/libarch__arm__core__cortex_m.a(irq_manage.c.obj)
                0x0000000008005e34                arm_irq_enable
 .text.arm_irq_priority_set
                0x0000000008005e50       0x30 zephyr/arch/arch/arm/core/cortex_m/libarch__arm__core__cortex_m.a(irq_manage.c.obj)
                0x0000000008005e50                arm_irq_priority_set
 .text.relocate_vector_table
                0x0000000008005e80       0x1c zephyr/arch/arch/arm/core/cortex_m/libarch__arm__core__cortex_m.a(prep_c.c.obj)
                0x0000000008005e80                relocate_vector_table
 .text.z_prep_c
                0x0000000008005e9c       0x38 zephyr/arch/arch/arm/core/cortex_m/libarch__arm__core__cortex_m.a(prep_c.c.obj)
                0x0000000008005e9c                z_prep_c
 .text.arch_new_thread
                0x0000000008005ed4       0x38 zephyr/arch/arch/arm/core/cortex_m/libarch__arm__core__cortex_m.a(thread.c.obj)
                0x0000000008005ed4                arch_new_thread
 .text.z_check_thread_stack_fail
                0x0000000008005f0c       0x30 zephyr/arch/arch/arm/core/cortex_m/libarch__arm__core__cortex_m.a(thread.c.obj)
                0x0000000008005f0c                z_check_thread_stack_fail
 .text.arch_switch_to_main_thread
                0x0000000008005f3c       0x40 zephyr/arch/arch/arm/core/cortex_m/libarch__arm__core__cortex_m.a(thread.c.obj)
                0x0000000008005f3c                arch_switch_to_main_thread
 .text.z_arm_cpu_idle_init
                0x0000000008005f7c        0xc zephyr/arch/arch/arm/core/cortex_m/libarch__arm__core__cortex_m.a(cpu_idle.c.obj)
                0x0000000008005f7c                z_arm_cpu_idle_init
 .text.z_arm_interrupt_init
                0x0000000008005f88       0x18 zephyr/arch/arch/arm/core/cortex_m/libarch__arm__core__cortex_m.a(irq_init.c.obj)
                0x0000000008005f88                z_arm_interrupt_init
 .text._isr_wrapper
                0x0000000008005fa0       0x24 zephyr/arch/arch/arm/core/cortex_m/libarch__arm__core__cortex_m.a(isr_wrapper.c.obj)
                0x0000000008005fa0                _isr_wrapper
 .text.z_arm_configure_static_mpu_regions
                0x0000000008005fc4       0x18 zephyr/arch/arch/arm/core/mpu/libarch__arm__core__mpu.a(arm_core_mpu.c.obj)
                0x0000000008005fc4                z_arm_configure_static_mpu_regions
 .text.z_arm_configure_dynamic_mpu_regions
                0x0000000008005fdc       0x24 zephyr/arch/arch/arm/core/mpu/libarch__arm__core__mpu.a(arm_core_mpu.c.obj)
                0x0000000008005fdc                z_arm_configure_dynamic_mpu_regions
 .text.region_allocate_and_init
                0x0000000008006000       0x58 zephyr/arch/arch/arm/core/mpu/libarch__arm__core__mpu.a(arm_mpu.c.obj)
 .text.mpu_configure_regions
                0x0000000008006058       0x70 zephyr/arch/arch/arm/core/mpu/libarch__arm__core__mpu.a(arm_mpu.c.obj)
 .text.arm_core_mpu_enable
                0x00000000080060c8       0x18 zephyr/arch/arch/arm/core/mpu/libarch__arm__core__mpu.a(arm_mpu.c.obj)
                0x00000000080060c8                arm_core_mpu_enable
 .text.arm_core_mpu_disable
                0x00000000080060e0       0x14 zephyr/arch/arch/arm/core/mpu/libarch__arm__core__mpu.a(arm_mpu.c.obj)
                0x00000000080060e0                arm_core_mpu_disable
 .text.arm_core_mpu_configure_static_mpu_regions
                0x00000000080060f4       0x14 zephyr/arch/arch/arm/core/mpu/libarch__arm__core__mpu.a(arm_mpu.c.obj)
                0x00000000080060f4                arm_core_mpu_configure_static_mpu_regions
 .text.arm_core_mpu_configure_dynamic_mpu_regions
                0x0000000008006108       0x38 zephyr/arch/arch/arm/core/mpu/libarch__arm__core__mpu.a(arm_mpu.c.obj)
                0x0000000008006108                arm_core_mpu_configure_dynamic_mpu_regions
 .text.z_arm_mpu_init
                0x0000000008006140      0x17c zephyr/arch/arch/arm/core/mpu/libarch__arm__core__mpu.a(arm_mpu.c.obj)
                0x0000000008006140                z_arm_mpu_init
 .text.cbvprintf
                0x00000000080062bc       0x38 zephyr/lib/libc/picolibc/liblib__libc__picolibc.a(cbprintf.c.obj)
                0x00000000080062bc                cbvprintf
 .text.z_impl_zephyr_fputc
                0x00000000080062f4       0x10 zephyr/lib/libc/picolibc/liblib__libc__picolibc.a(stdio.c.obj)
                0x00000000080062f4                z_impl_zephyr_fputc
 .text.__stdout_hook_install
                0x0000000008006304       0x18 zephyr/lib/libc/picolibc/liblib__libc__picolibc.a(stdio.c.obj)
                0x0000000008006304                __stdout_hook_install
 .text.malloc_prepare
                0x000000000800631c       0x24 zephyr/lib/libc/common/liblib__libc__common.a(malloc.c.obj)
 .text.malloc_lock
                0x0000000008006340       0x14 zephyr/lib/libc/common/liblib__libc__common.a(malloc.c.obj)
 .text.malloc_unlock
                0x0000000008006354        0xc zephyr/lib/libc/common/liblib__libc__common.a(malloc.c.obj)
 .text.malloc   0x0000000008006360       0x34 zephyr/lib/libc/common/liblib__libc__common.a(malloc.c.obj)
                0x0000000008006360                malloc
 .text.free     0x0000000008006394       0x1c zephyr/lib/libc/common/liblib__libc__common.a(malloc.c.obj)
                0x0000000008006394                free
 .text.getopt_init
                0x00000000080063b0       0x48 zephyr/lib/posix/options/liblib__posix__options.a(getopt.c.obj)
                0x00000000080063b0                getopt_init
 .text.getopt   0x00000000080063f8       0xf8 zephyr/lib/posix/options/liblib__posix__options.a(getopt.c.obj)
                0x00000000080063f8                getopt
 .text.z_getopt_global_state_update
                0x00000000080064f0       0x34 zephyr/lib/posix/options/liblib__posix__options.a(getopt_common.c.obj)
                0x00000000080064f0                z_getopt_global_state_update
 .text.getopt_state_get
                0x0000000008006524        0x8 zephyr/lib/posix/options/liblib__posix__options.a(getopt_common.c.obj)
                0x0000000008006524                getopt_state_get
 .text.registry_find
                0x000000000800652c       0x2c zephyr/subsys/fs/libsubsys__fs.a(fs.c.obj)
 .text.k_mutex_lock.constprop.0.isra.0
                0x0000000008006558       0x10 zephyr/subsys/fs/libsubsys__fs.a(fs.c.obj)
 .text.k_mutex_unlock.constprop.0.isra.0
                0x0000000008006568        0xc zephyr/subsys/fs/libsubsys__fs.a(fs.c.obj)
 .text.fs_get_mnt_point
                0x0000000008006574       0x90 zephyr/subsys/fs/libsubsys__fs.a(fs.c.obj)
 .text.fs_open  0x0000000008006604      0x124 zephyr/subsys/fs/libsubsys__fs.a(fs.c.obj)
                0x0000000008006604                fs_open
 .text.fs_close
                0x0000000008006728       0x3c zephyr/subsys/fs/libsubsys__fs.a(fs.c.obj)
                0x0000000008006728                fs_close
 .text.fs_read  0x0000000008006764       0x3c zephyr/subsys/fs/libsubsys__fs.a(fs.c.obj)
                0x0000000008006764                fs_read
 .text.fs_write
                0x00000000080067a0       0x3c zephyr/subsys/fs/libsubsys__fs.a(fs.c.obj)
                0x00000000080067a0                fs_write
 .text.fs_seek  0x00000000080067dc       0x3c zephyr/subsys/fs/libsubsys__fs.a(fs.c.obj)
                0x00000000080067dc                fs_seek
 .text.fs_truncate
                0x0000000008006818       0x3c zephyr/subsys/fs/libsubsys__fs.a(fs.c.obj)
                0x0000000008006818                fs_truncate
 .text.fs_opendir
                0x0000000008006854       0xd0 zephyr/subsys/fs/libsubsys__fs.a(fs.c.obj)
                0x0000000008006854                fs_opendir
 .text.fs_readdir
                0x0000000008006924       0xf4 zephyr/subsys/fs/libsubsys__fs.a(fs.c.obj)
                0x0000000008006924                fs_readdir
 .text.fs_closedir
                0x0000000008006a18       0x44 zephyr/subsys/fs/libsubsys__fs.a(fs.c.obj)
                0x0000000008006a18                fs_closedir
 .text.fs_mkdir
                0x0000000008006a5c       0x90 zephyr/subsys/fs/libsubsys__fs.a(fs.c.obj)
                0x0000000008006a5c                fs_mkdir
 .text.fs_unlink
                0x0000000008006aec       0x90 zephyr/subsys/fs/libsubsys__fs.a(fs.c.obj)
                0x0000000008006aec                fs_unlink
 .text.fs_stat  0x0000000008006b7c       0x8c zephyr/subsys/fs/libsubsys__fs.a(fs.c.obj)
                0x0000000008006b7c                fs_stat
 .text.fs_statvfs
                0x0000000008006c08       0x88 zephyr/subsys/fs/libsubsys__fs.a(fs.c.obj)
                0x0000000008006c08                fs_statvfs
 .text.fs_register
                0x0000000008006c90       0x50 zephyr/subsys/fs/libsubsys__fs.a(fs.c.obj)
                0x0000000008006c90                fs_register
 .text.fs_impl_strip_prefix
                0x0000000008006ce0       0x18 zephyr/subsys/fs/libsubsys__fs.a(fs_impl.c.obj)
                0x0000000008006ce0                fs_impl_strip_prefix
 .text.littlefs_init
                0x0000000008006cf8        0xc zephyr/subsys/fs/libsubsys__fs.a(littlefs_fs.c.obj)
 .text.release_file_data
                0x0000000008006d04       0x28 zephyr/subsys/fs/libsubsys__fs.a(littlefs_fs.c.obj)
 .text.lfs_to_errno
                0x0000000008006d2c       0x1c zephyr/subsys/fs/libsubsys__fs.a(littlefs_fs.c.obj)
 .text.errno_to_lfs
                0x0000000008006d48       0x20 zephyr/subsys/fs/libsubsys__fs.a(littlefs_fs.c.obj)
 .text.littlefs_open
                0x0000000008006d68       0xac zephyr/subsys/fs/libsubsys__fs.a(littlefs_fs.c.obj)
 .text.littlefs_opendir
                0x0000000008006e14       0x68 zephyr/subsys/fs/libsubsys__fs.a(littlefs_fs.c.obj)
 .text.littlefs_closedir
                0x0000000008006e7c       0x38 zephyr/subsys/fs/libsubsys__fs.a(littlefs_fs.c.obj)
 .text.littlefs_unmount.part.0.isra.0
                0x0000000008006eb4       0x38 zephyr/subsys/fs/libsubsys__fs.a(littlefs_fs.c.obj)
 .text.littlefs_unmount
                0x0000000008006eec       0x4c zephyr/subsys/fs/libsubsys__fs.a(littlefs_fs.c.obj)
 .text.littlefs_mount
                0x0000000008006f38      0x35c zephyr/subsys/fs/libsubsys__fs.a(littlefs_fs.c.obj)
 .text.cmd_pwd  0x0000000008007294       0x18 zephyr/subsys/fs/libsubsys__fs.a(shell.c.obj)
 .text.create_abs_path.constprop.0
                0x00000000080072ac       0x74 zephyr/subsys/fs/libsubsys__fs.a(shell.c.obj)
 .text.cmd_cd   0x0000000008007320       0xa0 zephyr/subsys/fs/libsubsys__fs.a(shell.c.obj)
 .text.cmd_ls   0x00000000080073c0       0xac zephyr/subsys/fs/libsubsys__fs.a(shell.c.obj)
 .text.cmd_mkdir
                0x000000000800746c       0x2c zephyr/subsys/fs/libsubsys__fs.a(shell.c.obj)
 .text.cmd_read
                0x0000000008007498      0x1b8 zephyr/subsys/fs/libsubsys__fs.a(shell.c.obj)
 .text.cmd_cat  0x0000000008007650       0xcc zephyr/subsys/fs/libsubsys__fs.a(shell.c.obj)
 .text.cmd_rm   0x000000000800771c       0x30 zephyr/subsys/fs/libsubsys__fs.a(shell.c.obj)
 .text.cmd_cp   0x000000000800774c       0xec zephyr/subsys/fs/libsubsys__fs.a(shell.c.obj)
 .text.cmd_statvfs
                0x0000000008007838       0x50 zephyr/subsys/fs/libsubsys__fs.a(shell.c.obj)
 .text.cmd_trunc
                0x0000000008007888       0x80 zephyr/subsys/fs/libsubsys__fs.a(shell.c.obj)
 .text.cmd_write
                0x0000000008007908      0x108 zephyr/subsys/fs/libsubsys__fs.a(shell.c.obj)
 .text.stm32_exti_isr
                0x0000000008007a10       0x4c zephyr/drivers/interrupt_controller/libdrivers__interrupt_controller.a(intc_exti_stm32.c.obj)
 .text.stm32_fill_irq_table
                0x0000000008007a5c       0x18 zephyr/drivers/interrupt_controller/libdrivers__interrupt_controller.a(intc_exti_stm32.c.obj)
 .text.stm32_exti_init
                0x0000000008007a74       0xb4 zephyr/drivers/interrupt_controller/libdrivers__interrupt_controller.a(intc_exti_stm32.c.obj)
 .text.stm32_gpio_intc_enable_line
                0x0000000008007b28       0x2c zephyr/drivers/interrupt_controller/libdrivers__interrupt_controller.a(intc_exti_stm32.c.obj)
                0x0000000008007b28                stm32_gpio_intc_enable_line
 .text.stm32_gpio_intc_disable_line
                0x0000000008007b54       0x10 zephyr/drivers/interrupt_controller/libdrivers__interrupt_controller.a(intc_exti_stm32.c.obj)
                0x0000000008007b54                stm32_gpio_intc_disable_line
 .text.stm32_gpio_intc_select_line_trigger
                0x0000000008007b64       0x50 zephyr/drivers/interrupt_controller/libdrivers__interrupt_controller.a(intc_exti_stm32.c.obj)
                0x0000000008007b64                stm32_gpio_intc_select_line_trigger
 .text.stm32_gpio_intc_set_irq_callback
                0x0000000008007bb4       0x40 zephyr/drivers/interrupt_controller/libdrivers__interrupt_controller.a(intc_exti_stm32.c.obj)
                0x0000000008007bb4                stm32_gpio_intc_set_irq_callback
 .text.stm32_gpio_intc_remove_irq_callback
                0x0000000008007bf4       0x24 zephyr/drivers/interrupt_controller/libdrivers__interrupt_controller.a(intc_exti_stm32.c.obj)
                0x0000000008007bf4                stm32_gpio_intc_remove_irq_callback
 .text.stm32_exti_get_line_src_port
                0x0000000008007c18       0x34 zephyr/drivers/interrupt_controller/libdrivers__interrupt_controller.a(intc_exti_stm32.c.obj)
                0x0000000008007c18                stm32_exti_get_line_src_port
 .text.adc_stm32_channel_setup
                0x0000000008007c4c      0x10c zephyr/drivers/adc/libdrivers__adc.a(adc_stm32.c.obj)
 .text.adc_stm32_isr_18
                0x0000000008007d58       0xf0 zephyr/drivers/adc/libdrivers__adc.a(adc_stm32.c.obj)
 .text.adc_stm32_calibrate.isra.0
                0x0000000008007e48       0x7c zephyr/drivers/adc/libdrivers__adc.a(adc_stm32.c.obj)
 .text.adc_stm32_init
                0x0000000008007ec4       0xf8 zephyr/drivers/adc/libdrivers__adc.a(adc_stm32.c.obj)
 .text.adc_stm32_read
                0x0000000008007fbc      0x300 zephyr/drivers/adc/libdrivers__adc.a(adc_stm32.c.obj)
 .text.LL_RCC_HSI_IsReady
                0x00000000080082bc       0x10 zephyr/drivers/clock_control/libdrivers__clock_control.a(clock_stm32_ll_common.c.obj)
 .text.stm32_clock_control_get_subsys_rate
                0x00000000080082cc       0xe0 zephyr/drivers/clock_control/libdrivers__clock_control.a(clock_stm32_ll_common.c.obj)
 .text.stm32_clock_control_init
                0x00000000080083ac      0x180 zephyr/drivers/clock_control/libdrivers__clock_control.a(clock_stm32_ll_common.c.obj)
                0x00000000080083ac                stm32_clock_control_init
 .text.get_pllsrc_frequency
                0x000000000800852c        0x8 zephyr/drivers/clock_control/libdrivers__clock_control.a(clock_stm32l4_l5_wb_wl.c.obj)
                0x000000000800852c                get_pllsrc_frequency
 .text.config_pll_sysclock
                0x0000000008008534       0x24 zephyr/drivers/clock_control/libdrivers__clock_control.a(clock_stm32l4_l5_wb_wl.c.obj)
                0x0000000008008534                config_pll_sysclock
 .text.config_enable_default_clocks
                0x0000000008008558       0x20 zephyr/drivers/clock_control/libdrivers__clock_control.a(clock_stm32l4_l5_wb_wl.c.obj)
                0x0000000008008558                config_enable_default_clocks
 .text.uart_console_init
                0x0000000008008578       0x28 zephyr/drivers/console/libdrivers__console.a(uart_console.c.obj)
 .text.console_out
                0x00000000080085a0       0x28 zephyr/drivers/console/libdrivers__console.a(uart_console.c.obj)
 .text.dma_stm32_get_status
                0x00000000080085c8       0x44 zephyr/drivers/dma/libdrivers__dma.a(dma_stm32.c.obj)
 .text.dma_stm32_stop
                0x000000000800860c       0x70 zephyr/drivers/dma/libdrivers__dma.a(dma_stm32.c.obj)
 .text.dma_stm32_reload
                0x000000000800867c       0xf8 zephyr/drivers/dma/libdrivers__dma.a(dma_stm32.c.obj)
 .text.dma_stm32_init
                0x0000000008008774       0x90 zephyr/drivers/dma/libdrivers__dma.a(dma_stm32.c.obj)
 .text.dma_stm32_irq_handler
                0x0000000008008804       0xc8 zephyr/drivers/dma/libdrivers__dma.a(dma_stm32.c.obj)
 .text.dma_stm32_configure
                0x00000000080088cc      0x328 zephyr/drivers/dma/libdrivers__dma.a(dma_stm32.c.obj)
 .text.dma_stm32_id_to_stream
                0x0000000008008bf4        0xc zephyr/drivers/dma/libdrivers__dma.a(dma_stm32_v2.c.obj)
                0x0000000008008bf4                dma_stm32_id_to_stream
 .text.dma_stm32_clear_ht
                0x0000000008008c00        0xc zephyr/drivers/dma/libdrivers__dma.a(dma_stm32_v2.c.obj)
                0x0000000008008c00                dma_stm32_clear_ht
 .text.dma_stm32_clear_tc
                0x0000000008008c0c        0xc zephyr/drivers/dma/libdrivers__dma.a(dma_stm32_v2.c.obj)
                0x0000000008008c0c                dma_stm32_clear_tc
 .text.dma_stm32_is_ht_active
                0x0000000008008c18       0x18 zephyr/drivers/dma/libdrivers__dma.a(dma_stm32_v2.c.obj)
                0x0000000008008c18                dma_stm32_is_ht_active
 .text.dma_stm32_is_tc_active
                0x0000000008008c30       0x18 zephyr/drivers/dma/libdrivers__dma.a(dma_stm32_v2.c.obj)
                0x0000000008008c30                dma_stm32_is_tc_active
 .text.dma_stm32_clear_te
                0x0000000008008c48        0xc zephyr/drivers/dma/libdrivers__dma.a(dma_stm32_v2.c.obj)
                0x0000000008008c48                dma_stm32_clear_te
 .text.dma_stm32_is_te_active
                0x0000000008008c54       0x18 zephyr/drivers/dma/libdrivers__dma.a(dma_stm32_v2.c.obj)
                0x0000000008008c54                dma_stm32_is_te_active
 .text.dma_stm32_is_gi_active
                0x0000000008008c6c       0x18 zephyr/drivers/dma/libdrivers__dma.a(dma_stm32_v2.c.obj)
                0x0000000008008c6c                dma_stm32_is_gi_active
 .text.stm32_dma_dump_stream_irq
                0x0000000008008c84       0x70 zephyr/drivers/dma/libdrivers__dma.a(dma_stm32_v2.c.obj)
                0x0000000008008c84                stm32_dma_dump_stream_irq
 .text.stm32_dma_is_tc_irq_active
                0x0000000008008cf4       0x2c zephyr/drivers/dma/libdrivers__dma.a(dma_stm32_v2.c.obj)
                0x0000000008008cf4                stm32_dma_is_tc_irq_active
 .text.stm32_dma_is_ht_irq_active
                0x0000000008008d20       0x2c zephyr/drivers/dma/libdrivers__dma.a(dma_stm32_v2.c.obj)
                0x0000000008008d20                stm32_dma_is_ht_irq_active
 .text.stm32_dma_enable_stream
                0x0000000008008d4c       0x1c zephyr/drivers/dma/libdrivers__dma.a(dma_stm32_v2.c.obj)
                0x0000000008008d4c                stm32_dma_enable_stream
 .text.stm32_dma_is_enabled_stream
                0x0000000008008d68       0x1c zephyr/drivers/dma/libdrivers__dma.a(dma_stm32_v2.c.obj)
                0x0000000008008d68                stm32_dma_is_enabled_stream
 .text.stm32_dma_disable_stream
                0x0000000008008d84       0x2c zephyr/drivers/dma/libdrivers__dma.a(dma_stm32_v2.c.obj)
                0x0000000008008d84                stm32_dma_disable_stream
 .text.jesd216_bfp_decode_dw16
                0x0000000008008db0       0x40 zephyr/drivers/flash/libdrivers__flash.a(jesd216.c.obj)
                0x0000000008008db0                jesd216_bfp_decode_dw16
 .text.flash_stm32_qspi_get_parameters
                0x0000000008008df0        0x8 zephyr/drivers/flash/libdrivers__flash.a(flash_stm32_qspi.c.obj)
 .text.qspi_dma_callback
                0x0000000008008df8       0x28 zephyr/drivers/flash/libdrivers__flash.a(flash_stm32_qspi.c.obj)
 .text.qspi_send_cmd.isra.0
                0x0000000008008e20       0x44 zephyr/drivers/flash/libdrivers__flash.a(flash_stm32_qspi.c.obj)
 .text.qspi_read_access.isra.0
                0x0000000008008e64       0x64 zephyr/drivers/flash/libdrivers__flash.a(flash_stm32_qspi.c.obj)
 .text.flash_stm32_qspi_write
                0x0000000008008ec8      0x13c zephyr/drivers/flash/libdrivers__flash.a(flash_stm32_qspi.c.obj)
 .text.flash_stm32_qspi_erase
                0x0000000008009004      0x124 zephyr/drivers/flash/libdrivers__flash.a(flash_stm32_qspi.c.obj)
 .text.qspi_read_sfdp.isra.0
                0x0000000008009128       0xac zephyr/drivers/flash/libdrivers__flash.a(flash_stm32_qspi.c.obj)
 .text.flash_stm32_qspi_init
                0x00000000080091d4      0x694 zephyr/drivers/flash/libdrivers__flash.a(flash_stm32_qspi.c.obj)
 .text.flash_stm32_get_parameters
                0x0000000008009868        0x8 zephyr/drivers/flash/libdrivers__flash.a(flash_stm32.c.obj)
 .text.flash_stm32_get_size
                0x0000000008009870       0x18 zephyr/drivers/flash/libdrivers__flash.a(flash_stm32.c.obj)
 .text.flash_stm32_read.part.0
                0x0000000008009888       0x28 zephyr/drivers/flash/libdrivers__flash.a(flash_stm32.c.obj)
 .text.stm32_flash_init
                0x00000000080098b0       0x74 zephyr/drivers/flash/libdrivers__flash.a(flash_stm32.c.obj)
 .text.flash_stm32_wait_flash_idle
                0x0000000008009924       0x74 zephyr/drivers/flash/libdrivers__flash.a(flash_stm32.c.obj)
                0x0000000008009924                flash_stm32_wait_flash_idle
 .text.flash_stm32_cr_lock
                0x0000000008009998       0x44 zephyr/drivers/flash/libdrivers__flash.a(flash_stm32.c.obj)
                0x0000000008009998                flash_stm32_cr_lock
 .text.flash_stm32_erase
                0x00000000080099dc       0x9c zephyr/drivers/flash/libdrivers__flash.a(flash_stm32.c.obj)
 .text.flash_stm32_write
                0x0000000008009a78       0x88 zephyr/drivers/flash/libdrivers__flash.a(flash_stm32.c.obj)
 .text.flash_stm32_write_range
                0x0000000008009b00       0xd0 zephyr/drivers/flash/libdrivers__flash.a(flash_stm32l4x.c.obj)
                0x0000000008009b00                flash_stm32_write_range
 .text.flash_stm32_page_layout
                0x0000000008009bd0       0x38 zephyr/drivers/flash/libdrivers__flash.a(flash_stm32l4x.c.obj)
                0x0000000008009bd0                flash_stm32_page_layout
 .text.gpio_stm32_pin_interrupt_configure
                0x0000000008009c08       0xb0 zephyr/drivers/gpio/libdrivers__gpio.a(gpio_stm32.c.obj)
 .text.gpio_stm32_init
                0x0000000008009cb8       0x44 zephyr/drivers/gpio/libdrivers__gpio.a(gpio_stm32.c.obj)
 .text.i2c_stm32_get_config.part.0
                0x0000000008009cfc       0x20 zephyr/drivers/i2c/libdrivers__i2c.a(i2c_ll_stm32.c.obj)
 .text.i2c_stm32_set_smbus_mode
                0x0000000008009d1c       0x5c zephyr/drivers/i2c/libdrivers__i2c.a(i2c_ll_stm32.c.obj)
                0x0000000008009d1c                i2c_stm32_set_smbus_mode
 .text.i2c_stm32_runtime_configure
                0x0000000008009d78       0x90 zephyr/drivers/i2c/libdrivers__i2c.a(i2c_ll_stm32.c.obj)
                0x0000000008009d78                i2c_stm32_runtime_configure
 .text.i2c_stm32_init
                0x0000000008009e08       0xf4 zephyr/drivers/i2c/libdrivers__i2c.a(i2c_ll_stm32.c.obj)
 .text.i2c_stm32_activate
                0x0000000008009efc       0x74 zephyr/drivers/i2c/libdrivers__i2c.a(i2c_ll_stm32_common.c.obj)
                0x0000000008009efc                i2c_stm32_activate
 .text.msg_init
                0x0000000008009f70       0x9c zephyr/drivers/i2c/libdrivers__i2c.a(i2c_ll_stm32_v2.c.obj)
 .text.i2c_stm32_configure_timing
                0x000000000800a00c      0x170 zephyr/drivers/i2c/libdrivers__i2c.a(i2c_ll_stm32_v2.c.obj)
                0x000000000800a00c                i2c_stm32_configure_timing
 .text.pinctrl_configure_pins
                0x000000000800a17c       0x84 zephyr/drivers/pinctrl/libdrivers__pinctrl.a(pinctrl_stm32.c.obj)
                0x000000000800a17c                pinctrl_configure_pins
 .text.hts221_channel_get
                0x000000000800a200       0x90 zephyr/drivers/sensor/st/hts221/libdrivers__sensor__st__hts221.a(hts221.c.obj)
 .text.hts221_sample_fetch
                0x000000000800a290       0x44 zephyr/drivers/sensor/st/hts221/libdrivers__sensor__st__hts221.a(hts221.c.obj)
 .text.hts221_init
                0x000000000800a2d4      0x12c zephyr/drivers/sensor/st/hts221/libdrivers__sensor__st__hts221.a(hts221.c.obj)
                0x000000000800a2d4                hts221_init
 .text.lis3mdl_init
                0x000000000800a400       0xc8 zephyr/drivers/sensor/st/lis3mdl/libdrivers__sensor__st__lis3mdl.a(lis3mdl.c.obj)
                0x000000000800a400                lis3mdl_init
 .text.lis3mdl_channel_get
                0x000000000800a4c8      0x138 zephyr/drivers/sensor/st/lis3mdl/libdrivers__sensor__st__lis3mdl.a(lis3mdl.c.obj)
 .text.lps22hb_channel_get
                0x000000000800a600       0x54 zephyr/drivers/sensor/st/lps22hb/libdrivers__sensor__st__lps22hb.a(lps22hb.c.obj)
 .text.lps22hb_init.part.0
                0x000000000800a654       0x20 zephyr/drivers/sensor/st/lps22hb/libdrivers__sensor__st__lps22hb.a(lps22hb.c.obj)
 .text.lsm6dsl_gyro_set_odr_raw
                0x000000000800a674       0x38 zephyr/drivers/sensor/st/lsm6dsl/libdrivers__sensor__st__lsm6dsl.a(lsm6dsl.c.obj)
 .text.lsm6dsl_attr_set.part.0
                0x000000000800a6ac       0x24 zephyr/drivers/sensor/st/lsm6dsl/libdrivers__sensor__st__lsm6dsl.a(lsm6dsl.c.obj)
 .text.lsm6dsl_accel_set_odr_raw
                0x000000000800a6d0       0x38 zephyr/drivers/sensor/st/lsm6dsl/libdrivers__sensor__st__lsm6dsl.a(lsm6dsl.c.obj)
 .text.lsm6dsl_init.part.0
                0x000000000800a708      0x108 zephyr/drivers/sensor/st/lsm6dsl/libdrivers__sensor__st__lsm6dsl.a(lsm6dsl.c.obj)
 .text.lsm6dsl_init
                0x000000000800a810       0x34 zephyr/drivers/sensor/st/lsm6dsl/libdrivers__sensor__st__lsm6dsl.a(lsm6dsl.c.obj)
 .text.lsm6dsl_i2c_init
                0x000000000800a844       0x20 zephyr/drivers/sensor/st/lsm6dsl/libdrivers__sensor__st__lsm6dsl.a(lsm6dsl_i2c.c.obj)
                0x000000000800a844                lsm6dsl_i2c_init
 .text.lsm6dsl_trigger_set
                0x000000000800a864       0x8c zephyr/drivers/sensor/st/lsm6dsl/libdrivers__sensor__st__lsm6dsl.a(lsm6dsl_trigger.c.obj)
                0x000000000800a864                lsm6dsl_trigger_set
 .text.lsm6dsl_init_interrupt
                0x000000000800a8f0       0xdc zephyr/drivers/sensor/st/lsm6dsl/libdrivers__sensor__st__lsm6dsl.a(lsm6dsl_trigger.c.obj)
                0x000000000800a8f0                lsm6dsl_init_interrupt
 .text.stm32_temp_channel_get
                0x000000000800a9cc       0xf0 zephyr/drivers/sensor/st/stm32_temp/libdrivers__sensor__st__stm32_temp.a(stm32_temp.c.obj)
 .text.stm32_temp_sample_fetch
                0x000000000800aabc       0x84 zephyr/drivers/sensor/st/stm32_temp/libdrivers__sensor__st__stm32_temp.a(stm32_temp.c.obj)
 .text.stm32_temp_init
                0x000000000800ab40       0x88 zephyr/drivers/sensor/st/stm32_temp/libdrivers__sensor__st__stm32_temp.a(stm32_temp.c.obj)
 .text.stm32_vbat_sample_fetch
                0x000000000800abc8       0x7c zephyr/drivers/sensor/st/stm32_vbat/libdrivers__sensor__st__stm32_vbat.a(stm32_vbat.c.obj)
 .text.stm32_vbat_init
                0x000000000800ac44       0xa0 zephyr/drivers/sensor/st/stm32_vbat/libdrivers__sensor__st__stm32_vbat.a(stm32_vbat.c.obj)
 .text.stm32_vref_channel_get.part.0
                0x000000000800ace4       0x20 zephyr/drivers/sensor/st/stm32_vref/libdrivers__sensor__st__stm32_vref.a(stm32_vref.c.obj)
 .text.stm32_vref_sample_fetch
                0x000000000800ad04       0x84 zephyr/drivers/sensor/st/stm32_vref/libdrivers__sensor__st__stm32_vref.a(stm32_vref.c.obj)
 .text.stm32_vref_init
                0x000000000800ad88       0x88 zephyr/drivers/sensor/st/stm32_vref/libdrivers__sensor__st__stm32_vref.a(stm32_vref.c.obj)
 .text.vl53l0x_channel_get
                0x000000000800ae10       0x9c zephyr/drivers/sensor/st/vl53l0x/libdrivers__sensor__st__vl53l0x.a(vl53l0x.c.obj)
 .text.vl53l0x_init.part.0
                0x000000000800aeac       0x4c zephyr/drivers/sensor/st/vl53l0x/libdrivers__sensor__st__vl53l0x.a(vl53l0x.c.obj)
 .text.vl53l0x_start
                0x000000000800aef8      0x370 zephyr/drivers/sensor/st/vl53l0x/libdrivers__sensor__st__vl53l0x.a(vl53l0x.c.obj)
 .text.vl53l0x_sample_fetch
                0x000000000800b268       0x6c zephyr/drivers/sensor/st/vl53l0x/libdrivers__sensor__st__vl53l0x.a(vl53l0x.c.obj)
 .text.VL53L0X_WrByte.part.0
                0x000000000800b2d4       0x24 zephyr/drivers/sensor/st/vl53l0x/libdrivers__sensor__st__vl53l0x.a(vl53l0x_platform.c.obj)
 .text.VL53L0X_RdByte.part.0
                0x000000000800b2f8       0x24 zephyr/drivers/sensor/st/vl53l0x/libdrivers__sensor__st__vl53l0x.a(vl53l0x_platform.c.obj)
 .text.VL53L0X_WriteMulti
                0x000000000800b31c       0x5c zephyr/drivers/sensor/st/vl53l0x/libdrivers__sensor__st__vl53l0x.a(vl53l0x_platform.c.obj)
                0x000000000800b31c                VL53L0X_WriteMulti
 .text.VL53L0X_ReadMulti
                0x000000000800b378       0x44 zephyr/drivers/sensor/st/vl53l0x/libdrivers__sensor__st__vl53l0x.a(vl53l0x_platform.c.obj)
                0x000000000800b378                VL53L0X_ReadMulti
 .text.VL53L0X_WrWord
                0x000000000800b3bc       0x50 zephyr/drivers/sensor/st/vl53l0x/libdrivers__sensor__st__vl53l0x.a(vl53l0x_platform.c.obj)
                0x000000000800b3bc                VL53L0X_WrWord
 .text.VL53L0X_UpdateByte
                0x000000000800b40c       0x54 zephyr/drivers/sensor/st/vl53l0x/libdrivers__sensor__st__vl53l0x.a(vl53l0x_platform.c.obj)
                0x000000000800b40c                VL53L0X_UpdateByte
 .text.VL53L0X_RdWord
                0x000000000800b460       0x50 zephyr/drivers/sensor/st/vl53l0x/libdrivers__sensor__st__vl53l0x.a(vl53l0x_platform.c.obj)
                0x000000000800b460                VL53L0X_RdWord
 .text.VL53L0X_RdDWord
                0x000000000800b4b0       0x4c zephyr/drivers/sensor/st/vl53l0x/libdrivers__sensor__st__vl53l0x.a(vl53l0x_platform.c.obj)
                0x000000000800b4b0                VL53L0X_RdDWord
 .text.uart_stm32_irq_err_enable
                0x000000000800b4fc       0x60 zephyr/drivers/serial/libdrivers__serial.a(uart_stm32.c.obj)
 .text.uart_stm32_irq_err_disable
                0x000000000800b55c       0x60 zephyr/drivers/serial/libdrivers__serial.a(uart_stm32.c.obj)
 .text.uart_stm32_set_baudrate.part.0
                0x000000000800b5bc       0x1c zephyr/drivers/serial/libdrivers__serial.a(uart_stm32.c.obj)
 .text.uart_stm32_parameters_set
                0x000000000800b5d8      0x138 zephyr/drivers/serial/libdrivers__serial.a(uart_stm32.c.obj)
 .text.uart_stm32_init
                0x000000000800b710      0x200 zephyr/drivers/serial/libdrivers__serial.a(uart_stm32.c.obj)
 .text.uart_stm32_configure
                0x000000000800b910      0x14c zephyr/drivers/serial/libdrivers__serial.a(uart_stm32.c.obj)
 .text.elapsed  0x000000000800ba5c       0x4c zephyr/drivers/timer/libdrivers__timer.a(cortex_m_systick.c.obj)
 .text.sys_clock_driver_init
                0x000000000800baa8       0x38 zephyr/drivers/timer/libdrivers__timer.a(cortex_m_systick.c.obj)
 .text.sys_clock_isr
                0x000000000800bae0       0x60 zephyr/drivers/timer/libdrivers__timer.a(cortex_m_systick.c.obj)
                0x000000000800bae0                sys_clock_isr
 .text.sys_clock_set_timeout
                0x000000000800bb40       0xf8 zephyr/drivers/timer/libdrivers__timer.a(cortex_m_systick.c.obj)
                0x000000000800bb40                sys_clock_set_timeout
 .text.sys_clock_elapsed
                0x000000000800bc38       0x3c zephyr/drivers/timer/libdrivers__timer.a(cortex_m_systick.c.obj)
                0x000000000800bc38                sys_clock_elapsed
 .text.sys_clock_cycle_get_32
                0x000000000800bc74       0x28 zephyr/drivers/timer/libdrivers__timer.a(cortex_m_systick.c.obj)
                0x000000000800bc74                sys_clock_cycle_get_32
 .text.VL53L0X_SetDeviceMode
                0x000000000800bc9c       0x1c modules/hal_st/lib..__modules__hal__st.a(vl53l0x_api.c.obj)
                0x000000000800bc9c                VL53L0X_SetDeviceMode
 .text.VL53L0X_DataInit
                0x000000000800bcb8      0x170 modules/hal_st/lib..__modules__hal__st.a(vl53l0x_api.c.obj)
                0x000000000800bcb8                VL53L0X_DataInit
 .text.VL53L0X_GetInterruptThresholds
                0x000000000800be28       0x40 modules/hal_st/lib..__modules__hal__st.a(vl53l0x_api.c.obj)
                0x000000000800be28                VL53L0X_GetInterruptThresholds
 .text.VL53L0X_CheckAndLoadInterruptSettings
                0x000000000800be68       0x84 modules/hal_st/lib..__modules__hal__st.a(vl53l0x_api.c.obj)
                0x000000000800be68                VL53L0X_CheckAndLoadInterruptSettings
 .text.VL53L0X_StaticInit
                0x000000000800beec      0x1a8 modules/hal_st/lib..__modules__hal__st.a(vl53l0x_api.c.obj)
                0x000000000800beec                VL53L0X_StaticInit
 .text.is_aperture
                0x000000000800c094       0x14 modules/hal_st/lib..__modules__hal__st.a(vl53l0x_api_calibration.c.obj)
                0x000000000800c094                is_aperture
 .text.VL53L0X_calc_timeout_mclks
                0x000000000800c0a8       0x28 modules/hal_st/lib..__modules__hal__st.a(vl53l0x_api_core.c.obj)
                0x000000000800c0a8                VL53L0X_calc_timeout_mclks
 .text.VL53L0X_calc_timeout_us
                0x000000000800c0d0       0x20 modules/hal_st/lib..__modules__hal__st.a(vl53l0x_api_core.c.obj)
                0x000000000800c0d0                VL53L0X_calc_timeout_us
 .text.VL53L0X_calc_dmax
                0x000000000800c0f0       0xdc modules/hal_st/lib..__modules__hal__st.a(vl53l0x_api_core.c.obj)
                0x000000000800c0f0                VL53L0X_calc_dmax
 .text.VL53L0X_calc_sigma_estimate
                0x000000000800c1cc      0x218 modules/hal_st/lib..__modules__hal__st.a(vl53l0x_api_core.c.obj)
                0x000000000800c1cc                VL53L0X_calc_sigma_estimate
 .text.VL53L0X_check_part_used
                0x000000000800c3e4       0x38 modules/hal_st/lib..__modules__hal__st.a(vl53l0x_api_strings.c.obj)
                0x000000000800c3e4                VL53L0X_check_part_used
 .text.VL53L0X_get_device_info
                0x000000000800c41c       0x84 modules/hal_st/lib..__modules__hal__st.a(vl53l0x_api_strings.c.obj)
                0x000000000800c41c                VL53L0X_get_device_info
 .text.HAL_RCC_GetSysClockFreq
                0x000000000800c4a0       0x9c modules/hal_stm32/stm32cube/lib..__modules__hal__stm32__stm32cube.a(stm32l4xx_hal_rcc.c.obj)
                0x000000000800c4a0                HAL_RCC_GetSysClockFreq
 .text.HAL_DMA_Init
                0x000000000800c53c       0xe4 modules/hal_stm32/stm32cube/lib..__modules__hal__stm32__stm32cube.a(stm32l4xx_hal_dma.c.obj)
                0x000000000800c53c                HAL_DMA_Init
 .text.HAL_QSPI_Init
                0x000000000800c620       0xa0 modules/hal_stm32/stm32cube/lib..__modules__hal__stm32__stm32cube.a(stm32l4xx_hal_qspi.c.obj)
                0x000000000800c620                HAL_QSPI_Init
 .text.HAL_QSPI_Transmit_DMA
                0x000000000800c6c0      0x114 modules/hal_stm32/stm32cube/lib..__modules__hal__stm32__stm32cube.a(stm32l4xx_hal_qspi.c.obj)
                0x000000000800c6c0                HAL_QSPI_Transmit_DMA
 .text.HAL_QSPI_Receive_DMA
                0x000000000800c7d4      0x120 modules/hal_stm32/stm32cube/lib..__modules__hal__stm32__stm32cube.a(stm32l4xx_hal_qspi.c.obj)
                0x000000000800c7d4                HAL_QSPI_Receive_DMA
 .text.HAL_QSPI_Abort_IT
                0x000000000800c8f4       0x7c modules/hal_stm32/stm32cube/lib..__modules__hal__stm32__stm32cube.a(stm32l4xx_hal_qspi.c.obj)
                0x000000000800c8f4                HAL_QSPI_Abort_IT
 .text.HAL_QSPI_IRQHandler
                0x000000000800c970      0x1fc modules/hal_stm32/stm32cube/lib..__modules__hal__stm32__stm32cube.a(stm32l4xx_hal_qspi.c.obj)
                0x000000000800c970                HAL_QSPI_IRQHandler
 .text.LL_DMA_Init
                0x000000000800cb6c       0x58 modules/hal_stm32/stm32cube/lib..__modules__hal__stm32__stm32cube.a(stm32l4xx_ll_dma.c.obj)
                0x000000000800cb6c                LL_DMA_Init
 .text.LL_SetFlashLatency
                0x000000000800cbc4       0xa8 modules/hal_stm32/stm32cube/lib..__modules__hal__stm32__stm32cube.a(stm32l4xx_ll_utils.c.obj)
                0x000000000800cbc4                LL_SetFlashLatency
 .text.lfs_dir_traverse_filter
                0x000000000800cc6c       0x70 modules/littlefs/libmodules__littlefs.a(lfs.c.obj)
 .text.lfs_dir_getslice
                0x000000000800ccdc      0x124 modules/littlefs/libmodules__littlefs.a(lfs.c.obj)
 .text.lfs_dir_getgstate
                0x000000000800ce00       0x34 modules/littlefs/libmodules__littlefs.a(lfs.c.obj)
 .text.lfs_path_islast
                0x000000000800ce34       0x28 modules/littlefs/libmodules__littlefs.a(lfs.c.obj)
 .text.lfs_dir_getinfo
                0x000000000800ce5c       0x90 modules/littlefs/libmodules__littlefs.a(lfs.c.obj)
 .text.lfs_dir_traverse.constprop.0
                0x000000000800ceec      0x298 modules/littlefs/libmodules__littlefs.a(lfs.c.obj)
 .text.lfs_dir_getread.constprop.0
                0x000000000800d184       0xc4 modules/littlefs/libmodules__littlefs.a(lfs.c.obj)
 .text.lfs_dir_fetchmatch
                0x000000000800d248      0x480 modules/littlefs/libmodules__littlefs.a(lfs.c.obj)
 .text.lfs_dir_find
                0x000000000800d6c8      0x154 modules/littlefs/libmodules__littlefs.a(lfs.c.obj)
 .text.lfs_tortoise_detectcycles.part.0
                0x000000000800d81c       0x50 modules/littlefs/libmodules__littlefs.a(lfs.c.obj)
 .text.lfs_fs_parent
                0x000000000800d86c       0x8c modules/littlefs/libmodules__littlefs.a(lfs.c.obj)
 .text.lfs_fs_pred
                0x000000000800d8f8       0x64 modules/littlefs/libmodules__littlefs.a(lfs.c.obj)
 .text.lfs_file_flushedread
                0x000000000800d95c       0xd8 modules/littlefs/libmodules__littlefs.a(lfs.c.obj)
 .text.lfs_fs_traverse_
                0x000000000800da34      0x158 modules/littlefs/libmodules__littlefs.a(lfs.c.obj)
 .text.lfs_alloc_scan
                0x000000000800db8c       0x50 modules/littlefs/libmodules__littlefs.a(lfs.c.obj)
 .text.lfs_alloc
                0x000000000800dbdc       0xd4 modules/littlefs/libmodules__littlefs.a(lfs.c.obj)
 .text.lfs_fs_size_
                0x000000000800dcb0       0x1c modules/littlefs/libmodules__littlefs.a(lfs.c.obj)
 .text.lfs_file_relocate
                0x000000000800dccc       0xe8 modules/littlefs/libmodules__littlefs.a(lfs.c.obj)
 .text.lfs_dir_commitcrc
                0x000000000800ddb4      0x1e8 modules/littlefs/libmodules__littlefs.a(lfs.c.obj)
 .text.lfs_dir_compact
                0x000000000800df9c      0x250 modules/littlefs/libmodules__littlefs.a(lfs.c.obj)
 .text.lfs_dir_relocatingcommit
                0x000000000800e1ec      0x494 modules/littlefs/libmodules__littlefs.a(lfs.c.obj)
 .text.lfs_dir_orphaningcommit
                0x000000000800e680      0x308 modules/littlefs/libmodules__littlefs.a(lfs.c.obj)
 .text.lfs_fs_deorphan
                0x000000000800e988      0x180 modules/littlefs/libmodules__littlefs.a(lfs.c.obj)
 .text.lfs_dir_drop
                0x000000000800eb08       0x3c modules/littlefs/libmodules__littlefs.a(lfs.c.obj)
 .text.lfs_fs_forceconsistency
                0x000000000800eb44       0xb8 modules/littlefs/libmodules__littlefs.a(lfs.c.obj)
 .text.lfs_file_opencfg_
                0x000000000800ebfc      0x248 modules/littlefs/libmodules__littlefs.a(lfs.c.obj)
 .text.lfs_format
                0x000000000800ee44       0xc8 modules/littlefs/libmodules__littlefs.a(lfs.c.obj)
                0x000000000800ee44                lfs_format
 .text.lfs_mount
                0x000000000800ef0c      0x2bc modules/littlefs/libmodules__littlefs.a(lfs.c.obj)
                0x000000000800ef0c                lfs_mount
 .text.lfs_remove
                0x000000000800f1c8       0xe0 modules/littlefs/libmodules__littlefs.a(lfs.c.obj)
                0x000000000800f1c8                lfs_remove
 .text.lfs_rename
                0x000000000800f2a8      0x27c modules/littlefs/libmodules__littlefs.a(lfs.c.obj)
                0x000000000800f2a8                lfs_rename
 .text.lfs_mkdir
                0x000000000800f524      0x160 modules/littlefs/libmodules__littlefs.a(lfs.c.obj)
                0x000000000800f524                lfs_mkdir
 .text.lfs_dir_open
                0x000000000800f684       0x84 modules/littlefs/libmodules__littlefs.a(lfs.c.obj)
                0x000000000800f684                lfs_dir_open
 .text.lfs_dir_read
                0x000000000800f708       0x94 modules/littlefs/libmodules__littlefs.a(lfs.c.obj)
                0x000000000800f708                lfs_dir_read
 .text.lfs_crc  0x000000000800f79c       0x38 modules/littlefs/libmodules__littlefs.a(zephyr_lfs_crc.c.obj)
                0x000000000800f79c                lfs_crc
 .text.z_device_get_all_static
                0x000000000800f7d4       0x18 zephyr/kernel/libkernel.a(device.c.obj)
                0x000000000800f7d4                z_device_get_all_static
 .text.k_sys_fatal_error_handler
                0x000000000800f7ec       0x28 zephyr/kernel/libkernel.a(fatal.c.obj)
                0x000000000800f7ec                k_sys_fatal_error_handler
 .text.z_fatal_error
                0x000000000800f814      0x110 zephyr/kernel/libkernel.a(fatal.c.obj)
                0x000000000800f814                z_fatal_error
 .text.z_sys_init_run_level
                0x000000000800f924       0x30 zephyr/kernel/libkernel.a(init.c.obj)
 .text.bg_thread_main
                0x000000000800f954       0xc0 zephyr/kernel/libkernel.a(init.c.obj)
 .text.z_bss_zero
                0x000000000800fa14       0x18 zephyr/kernel/libkernel.a(init.c.obj)
                0x000000000800fa14                z_bss_zero
 .text.z_init_cpu
                0x000000000800fa2c       0x78 zephyr/kernel/libkernel.a(init.c.obj)
                0x000000000800fa2c                z_init_cpu
 .text.z_cstart
                0x000000000800faa4       0xd4 zephyr/kernel/libkernel.a(init.c.obj)
                0x000000000800faa4                z_cstart
 .text.statics_init
                0x000000000800fb78       0x24 zephyr/kernel/libkernel.a(kheap.c.obj)
 .text.k_heap_alloc
                0x000000000800fb9c       0x1c zephyr/kernel/libkernel.a(kheap.c.obj)
                0x000000000800fb9c                k_heap_alloc
 .text.init_mem_slab_obj_core_list
                0x000000000800fbb8       0x24 zephyr/kernel/libkernel.a(mem_slab.c.obj)
 .text.k_mem_slab_alloc
                0x000000000800fbdc       0x5c zephyr/kernel/libkernel.a(mem_slab.c.obj)
                0x000000000800fbdc                k_mem_slab_alloc
 .text.z_impl_k_mutex_lock
                0x000000000800fc38       0xf0 zephyr/kernel/libkernel.a(mutex.c.obj)
                0x000000000800fc38                z_impl_k_mutex_lock
 .text.z_impl_k_mutex_unlock
                0x000000000800fd28       0xa0 zephyr/kernel/libkernel.a(mutex.c.obj)
                0x000000000800fd28                z_impl_k_mutex_unlock
 .text.z_impl_k_sem_give
                0x000000000800fdc8       0x74 zephyr/kernel/libkernel.a(sem.c.obj)
                0x000000000800fdc8                z_impl_k_sem_give
 .text.z_impl_k_sem_take
                0x000000000800fe3c       0x4c zephyr/kernel/libkernel.a(sem.c.obj)
                0x000000000800fe3c                z_impl_k_sem_take
 .text.work_queue_main
                0x000000000800fe88      0x14c zephyr/kernel/libkernel.a(work.c.obj)
 .text.submit_to_queue_locked
                0x000000000800ffd4       0xb8 zephyr/kernel/libkernel.a(work.c.obj)
 .text.k_work_submit
                0x000000000801008c        0xc zephyr/kernel/libkernel.a(work.c.obj)
                0x000000000801008c                k_work_submit
 .text.k_work_queue_start
                0x0000000008010098       0x80 zephyr/kernel/libkernel.a(work.c.obj)
                0x0000000008010098                k_work_queue_start
 .text.z_impl_k_thread_name_set
                0x0000000008010118       0x20 zephyr/kernel/libkernel.a(thread.c.obj)
                0x0000000008010118                z_impl_k_thread_name_set
 .text.k_thread_state_str
                0x0000000008010138       0x84 zephyr/kernel/libkernel.a(thread.c.obj)
                0x0000000008010138                k_thread_state_str
 .text.z_setup_new_thread
                0x00000000080101bc       0xf8 zephyr/kernel/libkernel.a(thread.c.obj)
                0x00000000080101bc                z_setup_new_thread
 .text.z_impl_k_thread_create
                0x00000000080102b4       0x58 zephyr/kernel/libkernel.a(thread.c.obj)
                0x00000000080102b4                z_impl_k_thread_create
 .text.z_dummy_thread_init
                0x000000000801030c       0x1c zephyr/kernel/libkernel.a(thread.c.obj)
                0x000000000801030c                z_dummy_thread_init
 .text.z_swap_irqlock
                0x0000000008010328       0x34 zephyr/kernel/libkernel.a(sched.c.obj)
 .text.ready_thread
                0x000000000801035c       0x84 zephyr/kernel/libkernel.a(sched.c.obj)
 .text.unready_thread
                0x00000000080103e0       0x54 zephyr/kernel/libkernel.a(sched.c.obj)
 .text.add_thread_timeout
                0x0000000008010434       0x1c zephyr/kernel/libkernel.a(sched.c.obj)
 .text.move_thread_to_end_of_prio_q
                0x0000000008010450       0x90 zephyr/kernel/libkernel.a(sched.c.obj)
                0x0000000008010450                move_thread_to_end_of_prio_q
 .text.z_impl_k_thread_suspend
                0x00000000080104e0       0xf0 zephyr/kernel/libkernel.a(sched.c.obj)
                0x00000000080104e0                z_impl_k_thread_suspend
 .text.z_pend_curr
                0x00000000080105d0       0x44 zephyr/kernel/libkernel.a(sched.c.obj)
                0x00000000080105d0                z_pend_curr
 .text.z_thread_prio_set
                0x0000000008010614       0xe4 zephyr/kernel/libkernel.a(sched.c.obj)
                0x0000000008010614                z_thread_prio_set
 .text.z_reschedule
                0x00000000080106f8       0x24 zephyr/kernel/libkernel.a(sched.c.obj)
                0x00000000080106f8                z_reschedule
 .text.z_impl_k_thread_resume
                0x000000000801071c       0x3c zephyr/kernel/libkernel.a(sched.c.obj)
                0x000000000801071c                z_impl_k_thread_resume
 .text.z_reschedule_irqlock
                0x0000000008010758       0x28 zephyr/kernel/libkernel.a(sched.c.obj)
                0x0000000008010758                z_reschedule_irqlock
 .text.k_sched_lock
                0x0000000008010780       0x28 zephyr/kernel/libkernel.a(sched.c.obj)
                0x0000000008010780                k_sched_lock
 .text.k_sched_unlock
                0x00000000080107a8       0x68 zephyr/kernel/libkernel.a(sched.c.obj)
                0x00000000080107a8                k_sched_unlock
 .text.z_sched_init
                0x0000000008010810       0x10 zephyr/kernel/libkernel.a(sched.c.obj)
                0x0000000008010810                z_sched_init
 .text.z_impl_k_yield
                0x0000000008010820       0x88 zephyr/kernel/libkernel.a(sched.c.obj)
                0x0000000008010820                z_impl_k_yield
 .text.z_tick_sleep
                0x00000000080108a8       0x78 zephyr/kernel/libkernel.a(sched.c.obj)
 .text.z_impl_k_wakeup
                0x0000000008010920       0x48 zephyr/kernel/libkernel.a(sched.c.obj)
                0x0000000008010920                z_impl_k_wakeup
 .text.z_impl_k_sched_current_thread_query
                0x0000000008010968        0xc zephyr/kernel/libkernel.a(sched.c.obj)
                0x0000000008010968                z_impl_k_sched_current_thread_query
 .text.z_thread_abort
                0x0000000008010974      0x140 zephyr/kernel/libkernel.a(sched.c.obj)
                0x0000000008010974                z_thread_abort
 .text.z_impl_k_thread_join
                0x0000000008010ab4       0x6c zephyr/kernel/libkernel.a(sched.c.obj)
                0x0000000008010ab4                z_impl_k_thread_join
 .text.z_sched_wait
                0x0000000008010b20       0x24 zephyr/kernel/libkernel.a(sched.c.obj)
                0x0000000008010b20                z_sched_wait
 .text.slice_timeout
                0x0000000008010b44       0x20 zephyr/kernel/libkernel.a(timeslicing.c.obj)
 .text.thread_is_sliceable
                0x0000000008010b64       0x3c zephyr/kernel/libkernel.a(timeslicing.c.obj)
                0x0000000008010b64                thread_is_sliceable
 .text.z_reset_time_slice
                0x0000000008010ba0       0x50 zephyr/kernel/libkernel.a(timeslicing.c.obj)
                0x0000000008010ba0                z_reset_time_slice
 .text.z_time_slice
                0x0000000008010bf0       0x60 zephyr/kernel/libkernel.a(timeslicing.c.obj)
                0x0000000008010bf0                z_time_slice
 .text.z_thread_monitor_exit
                0x0000000008010c50       0x3c zephyr/kernel/libkernel.a(thread_monitor.c.obj)
                0x0000000008010c50                z_thread_monitor_exit
 .text.k_thread_foreach
                0x0000000008010c8c       0x34 zephyr/kernel/libkernel.a(thread_monitor.c.obj)
                0x0000000008010c8c                k_thread_foreach
 .text.k_thread_foreach_unlocked
                0x0000000008010cc0       0x48 zephyr/kernel/libkernel.a(thread_monitor.c.obj)
                0x0000000008010cc0                k_thread_foreach_unlocked
 .text.z_data_copy
                0x0000000008010d08       0x38 zephyr/kernel/libkernel.a(xip.c.obj)
                0x0000000008010d08                z_data_copy
 .text.first    0x0000000008010d40       0x10 zephyr/kernel/libkernel.a(timeout.c.obj)
 .text.elapsed  0x0000000008010d50       0x14 zephyr/kernel/libkernel.a(timeout.c.obj)
 .text.remove_timeout
                0x0000000008010d64       0x38 zephyr/kernel/libkernel.a(timeout.c.obj)
 .text.z_add_timeout
                0x0000000008010d9c      0x120 zephyr/kernel/libkernel.a(timeout.c.obj)
                0x0000000008010d9c                z_add_timeout
 .text.sys_clock_announce
                0x0000000008010ebc       0xc0 zephyr/kernel/libkernel.a(timeout.c.obj)
                0x0000000008010ebc                sys_clock_announce
 .text.sys_clock_tick_get
                0x0000000008010f7c       0x30 zephyr/kernel/libkernel.a(timeout.c.obj)
                0x0000000008010f7c                sys_clock_tick_get
 .text.z_timer_expiration_handler
                0x0000000008010fac      0x110 zephyr/kernel/libkernel.a(timer.c.obj)
                0x0000000008010fac                z_timer_expiration_handler
 .text.z_impl_k_timer_start
                0x00000000080110bc       0x70 zephyr/kernel/libkernel.a(timer.c.obj)
                0x00000000080110bc                z_impl_k_timer_start
 .text.clear_event_registrations
                0x000000000801112c       0x60 zephyr/kernel/libkernel.a(poll.c.obj)
 .text.z_impl_k_poll
                0x000000000801118c       0xb0 zephyr/kernel/libkernel.a(poll.c.obj)
                0x000000000801118c                z_impl_k_poll
 .text.z_impl_k_poll_signal_raise
                0x000000000801123c       0x50 zephyr/kernel/libkernel.a(poll.c.obj)
                0x000000000801123c                z_impl_k_poll_signal_raise
 .text.boot_banner
                0x000000000801128c        0xc zephyr/kernel/libkernel.a(banner.c.obj)
                0x000000000801128c                boot_banner
 .text.k_sys_work_q_init
                0x0000000008011298       0x2c zephyr/kernel/libkernel.a(system_work_q.c.obj)
 .text.snprintf
                0x00000000080112c4       0x54 /home/dharm/zephyr-sdk-0.17.2/arm-zephyr-eabi/bin/../lib/gcc/../../picolibc/arm-zephyr-eabi/lib/thumb/v7e-m/nofp/libc.a(libc_tinystdio_snprintf.c.o)
                0x00000000080112c4                snprintf
 .text.sprintf  0x0000000008011318       0x48 /home/dharm/zephyr-sdk-0.17.2/arm-zephyr-eabi/bin/../lib/gcc/../../picolibc/arm-zephyr-eabi/lib/thumb/v7e-m/nofp/libc.a(libc_tinystdio_sprintf.c.o)
                0x0000000008011318                sprintf
 .text.strtol   0x0000000008011360       0xec /home/dharm/zephyr-sdk-0.17.2/arm-zephyr-eabi/bin/../lib/gcc/../../picolibc/arm-zephyr-eabi/lib/thumb/v7e-m/nofp/libc.a(libc_tinystdio_strtol.c.o)
                0x0000000008011360                strtol
 .text.strtoul  0x000000000801144c       0xcc /home/dharm/zephyr-sdk-0.17.2/arm-zephyr-eabi/bin/../lib/gcc/../../picolibc/arm-zephyr-eabi/lib/thumb/v7e-m/nofp/libc.a(libc_tinystdio_strtoul.c.o)
                0x000000000801144c                strtoul
 .text.skip_to_arg
                0x0000000008011518      0x138 /home/dharm/zephyr-sdk-0.17.2/arm-zephyr-eabi/bin/../lib/gcc/../../picolibc/arm-zephyr-eabi/lib/thumb/v7e-m/nofp/libc.a(libc_tinystdio_vfprintf.c.o)
 .text.vfprintf
                0x0000000008011650      0x9c4 /home/dharm/zephyr-sdk-0.17.2/arm-zephyr-eabi/bin/../lib/gcc/../../picolibc/arm-zephyr-eabi/lib/thumb/v7e-m/nofp/libc.a(libc_tinystdio_vfprintf.c.o)
                0x0000000008011650                __d_vfprintf
 .text.div10    0x0000000008012014       0x28 /home/dharm/zephyr-sdk-0.17.2/arm-zephyr-eabi/bin/../lib/gcc/../../picolibc/arm-zephyr-eabi/lib/thumb/v7e-m/nofp/libc.a(libc_tinystdio_dtoa_ryu.c.o)
 .text.__dtoa_engine
                0x000000000801203c      0x49c /home/dharm/zephyr-sdk-0.17.2/arm-zephyr-eabi/bin/../lib/gcc/../../picolibc/arm-zephyr-eabi/lib/thumb/v7e-m/nofp/libc.a(libc_tinystdio_dtoa_ryu.c.o)
                0x000000000801203c                __dtoa_engine
 .text.__log10Pow2
                0x00000000080124d8        0xc /home/dharm/zephyr-sdk-0.17.2/arm-zephyr-eabi/bin/../lib/gcc/../../picolibc/arm-zephyr-eabi/lib/thumb/v7e-m/nofp/libc.a(libc_tinystdio_ryu_log10.c.o)
                0x00000000080124d8                __log10Pow2
 .text.__log10Pow5
                0x00000000080124e4        0xc /home/dharm/zephyr-sdk-0.17.2/arm-zephyr-eabi/bin/../lib/gcc/../../picolibc/arm-zephyr-eabi/lib/thumb/v7e-m/nofp/libc.a(libc_tinystdio_ryu_log10.c.o)
                0x00000000080124e4                __log10Pow5
 .text.__pow5bits
                0x00000000080124f0       0x10 /home/dharm/zephyr-sdk-0.17.2/arm-zephyr-eabi/bin/../lib/gcc/../../picolibc/arm-zephyr-eabi/lib/thumb/v7e-m/nofp/libc.a(libc_tinystdio_ryu_pow5bits.c.o)
                0x00000000080124f0                __pow5bits
 .text.__pow5Factor
                0x0000000008012500       0x30 /home/dharm/zephyr-sdk-0.17.2/arm-zephyr-eabi/bin/../lib/gcc/../../picolibc/arm-zephyr-eabi/lib/thumb/v7e-m/nofp/libc.a(libc_tinystdio_ryu_table.c.o)
                0x0000000008012500                __pow5Factor
 .text.__double_computePow5
                0x0000000008012530       0xe8 /home/dharm/zephyr-sdk-0.17.2/arm-zephyr-eabi/bin/../lib/gcc/../../picolibc/arm-zephyr-eabi/lib/thumb/v7e-m/nofp/libc.a(libc_tinystdio_ryu_table.c.o)
                0x0000000008012530                __double_computePow5
 .text.__double_computeInvPow5
                0x0000000008012618       0xf8 /home/dharm/zephyr-sdk-0.17.2/arm-zephyr-eabi/bin/../lib/gcc/../../picolibc/arm-zephyr-eabi/lib/thumb/v7e-m/nofp/libc.a(libc_tinystdio_ryu_table.c.o)
                0x0000000008012618                __double_computeInvPow5
 .text._OffsetAbsSyms
                0x0000000008012710        0x2 zephyr/CMakeFiles/offsets.dir/./arch/arm/core/offsets/offsets.c.obj
                0x0000000008012710                _OffsetAbsSyms
 .text.shell_fetch_sample
                0x0000000008012712       0x12 app/libapp.a(main.c.obj)
 .text.chunk_size
                0x0000000008012724        0xa zephyr/libzephyr.a(heap.c.obj)
 .text.free_list_add
                0x000000000801272e       0x4e zephyr/libzephyr.a(heap.c.obj)
 .text.free_list_remove_bidx
                0x000000000801277c       0x3a zephyr/libzephyr.a(heap.c.obj)
 .text.free_list_remove
                0x00000000080127b6       0x1a zephyr/libzephyr.a(heap.c.obj)
 .text.alloc_chunk
                0x00000000080127d0       0x6e zephyr/libzephyr.a(heap.c.obj)
 .text.merge_chunks
                0x000000000801283e       0x2c zephyr/libzephyr.a(heap.c.obj)
 .text.split_chunks
                0x000000000801286a       0x34 zephyr/libzephyr.a(heap.c.obj)
 .text.free_chunk
                0x000000000801289e       0x62 zephyr/libzephyr.a(heap.c.obj)
 .text.sys_heap_free
                0x0000000008012900       0x1e zephyr/libzephyr.a(heap.c.obj)
                0x0000000008012900                sys_heap_free
 .text.sys_heap_alloc
                0x000000000801291e       0x5a zephyr/libzephyr.a(heap.c.obj)
                0x000000000801291e                sys_heap_alloc
 .text.sys_heap_noalign_alloc
                0x0000000008012978        0x6 zephyr/libzephyr.a(heap.c.obj)
                0x0000000008012978                sys_heap_noalign_alloc
 .text.sys_heap_aligned_alloc
                0x000000000801297e       0xde zephyr/libzephyr.a(heap.c.obj)
                0x000000000801297e                sys_heap_aligned_alloc
 .text.sys_heap_init
                0x0000000008012a5c       0x7a zephyr/libzephyr.a(heap.c.obj)
                0x0000000008012a5c                sys_heap_init
 .text.cbpprintf_external
                0x0000000008012ad6       0x62 zephyr/libzephyr.a(cbprintf_packaged.c.obj)
                0x0000000008012ad6                cbpprintf_external
 .text.is_ptr   0x0000000008012b38       0x4a zephyr/libzephyr.a(cbprintf_packaged.c.obj)
                0x0000000008012b38                is_ptr
 .text.arch_printk_char_out
                0x0000000008012b82        0x4 zephyr/libzephyr.a(printk.c.obj)
                0x0000000008012b82                arch_printk_char_out
 .text.printk   0x0000000008012b86       0x1a zephyr/libzephyr.a(printk.c.obj)
                0x0000000008012b86                printk
 .text.free_space
                0x0000000008012ba0       0x26 zephyr/libzephyr.a(mpsc_pbuf.c.obj)
 .text.get_usage
                0x0000000008012bc6       0x22 zephyr/libzephyr.a(mpsc_pbuf.c.obj)
 .text.idx_inc  0x0000000008012be8       0x1c zephyr/libzephyr.a(mpsc_pbuf.c.obj)
 .text.rd_idx_inc
                0x0000000008012c04       0x18 zephyr/libzephyr.a(mpsc_pbuf.c.obj)
 .text.add_skip_item
                0x0000000008012c1c       0x3a zephyr/libzephyr.a(mpsc_pbuf.c.obj)
 .text.drop_item_locked
                0x0000000008012c56      0x100 zephyr/libzephyr.a(mpsc_pbuf.c.obj)
 .text.post_drop_action
                0x0000000008012d56       0x36 zephyr/libzephyr.a(mpsc_pbuf.c.obj)
 .text.max_utilization_update
                0x0000000008012d8c       0x1a zephyr/libzephyr.a(mpsc_pbuf.c.obj)
 .text.mpsc_pbuf_init
                0x0000000008012da6       0x42 zephyr/libzephyr.a(mpsc_pbuf.c.obj)
                0x0000000008012da6                mpsc_pbuf_init
 .text.mpsc_pbuf_alloc
                0x0000000008012de8       0xfe zephyr/libzephyr.a(mpsc_pbuf.c.obj)
                0x0000000008012de8                mpsc_pbuf_alloc
 .text.mpsc_pbuf_commit
                0x0000000008012ee6       0x3e zephyr/libzephyr.a(mpsc_pbuf.c.obj)
                0x0000000008012ee6                mpsc_pbuf_commit
 .text.mpsc_pbuf_claim
                0x0000000008012f24       0xa8 zephyr/libzephyr.a(mpsc_pbuf.c.obj)
                0x0000000008012f24                mpsc_pbuf_claim
 .text.mpsc_pbuf_free
                0x0000000008012fcc       0x76 zephyr/libzephyr.a(mpsc_pbuf.c.obj)
                0x0000000008012fcc                mpsc_pbuf_free
 .text.mpsc_pbuf_is_pending
                0x0000000008013042       0x32 zephyr/libzephyr.a(mpsc_pbuf.c.obj)
                0x0000000008013042                mpsc_pbuf_is_pending
 .text.ring_buf_area_claim
                0x0000000008013074       0x30 zephyr/libzephyr.a(ring_buffer.c.obj)
                0x0000000008013074                ring_buf_area_claim
 .text.ring_buf_put_claim
                0x00000000080130a4       0x1e zephyr/libzephyr.a(ring_buffer.c.obj)
 .text.ring_buf_get_claim
                0x00000000080130c2       0x1e zephyr/libzephyr.a(ring_buffer.c.obj)
 .text.ring_buf_area_finish
                0x00000000080130e0       0x32 zephyr/libzephyr.a(ring_buffer.c.obj)
                0x00000000080130e0                ring_buf_area_finish
 .text.ring_buf_put
                0x0000000008013112       0x40 zephyr/libzephyr.a(ring_buffer.c.obj)
                0x0000000008013112                ring_buf_put
 .text.ring_buf_get
                0x0000000008013152       0x44 zephyr/libzephyr.a(ring_buffer.c.obj)
                0x0000000008013152                ring_buf_get
 .text._ConfigAbsSyms