Archive member included to satisfy reference by file (symbol)

app/libapp.a(hum_tem_sensor.c.obj)
                              (--whole-archive)
app/libapp.a(imu_sensor.c.obj)
                              (--whole-archive)
app/libapp.a(main.c.obj)      (--whole-archive)
app/libapp.a(pressure_sensor.c.obj)
                              (--whole-archive)
zephyr/libzephyr.a(heap.c.obj)
                              (--whole-archive)
zephyr/libzephyr.a(cbprintf_packaged.c.obj)
                              (--whole-archive)
zephyr/libzephyr.a(clock.c.obj)
                              (--whole-archive)
zephyr/libzephyr.a(printk.c.obj)
                              (--whole-archive)
zephyr/libzephyr.a(sem.c.obj)
                              (--whole-archive)
zephyr/libzephyr.a(thread_entry.c.obj)
                              (--whole-archive)
zephyr/libzephyr.a(cbprintf_complete.c.obj)
                              (--whole-archive)
zephyr/libzephyr.a(assert.c.obj)
                              (--whole-archive)
zephyr/libzephyr.a(mpsc_pbuf.c.obj)
                              (--whole-archive)
zephyr/libzephyr.a(dec.c.obj)
                              (--whole-archive)
zephyr/libzephyr.a(hex.c.obj)
                              (--whole-archive)
zephyr/libzephyr.a(rb.c.obj)  (--whole-archive)
zephyr/libzephyr.a(timeutil.c.obj)
                              (--whole-archive)
zephyr/libzephyr.a(bitarray.c.obj)
                              (--whole-archive)
zephyr/libzephyr.a(ring_buffer.c.obj)
                              (--whole-archive)
zephyr/libzephyr.a(last_section_id.c.obj)
                              (--whole-archive)
zephyr/libzephyr.a(configs.c.obj)
                              (--whole-archive)
zephyr/libzephyr.a(stm32cube_hal.c.obj)
                              (--whole-archive)
zephyr/libzephyr.a(soc_config.c.obj)
                              (--whole-archive)
zephyr/libzephyr.a(stm32_backup_domain.c.obj)
                              (--whole-archive)
zephyr/libzephyr.a(soc.c.obj)
                              (--whole-archive)
zephyr/libzephyr.a(log_core.c.obj)
                              (--whole-archive)
zephyr/libzephyr.a(log_mgmt.c.obj)
                              (--whole-archive)
zephyr/libzephyr.a(log_cache.c.obj)
                              (--whole-archive)
zephyr/libzephyr.a(log_msg.c.obj)
                              (--whole-archive)
zephyr/libzephyr.a(log_output.c.obj)
                              (--whole-archive)
zephyr/libzephyr.a(mem_attr.c.obj)
                              (--whole-archive)
zephyr/libzephyr.a(flash_map.c.obj)
                              (--whole-archive)
zephyr/libzephyr.a(flash_map_default.c.obj)
                              (--whole-archive)
zephyr/libzephyr.a(flash_map_layout.c.obj)
                              (--whole-archive)
zephyr/libzephyr.a(tracing_none.c.obj)
                              (--whole-archive)
zephyr/libzephyr.a(kernel_shell.c.obj)
                              (--whole-archive)
zephyr/libzephyr.a(cycles.c.obj)
                              (--whole-archive)
zephyr/libzephyr.a(sleep.c.obj)
                              (--whole-archive)
zephyr/libzephyr.a(uptime.c.obj)
                              (--whole-archive)
zephyr/libzephyr.a(version.c.obj)
                              (--whole-archive)
zephyr/libzephyr.a(log-level.c.obj)
                              (--whole-archive)
zephyr/libzephyr.a(thread.c.obj)
                              (--whole-archive)
zephyr/libzephyr.a(list.c.obj)
                              (--whole-archive)
zephyr/libzephyr.a(stacks.c.obj)
                              (--whole-archive)
zephyr/libzephyr.a(suspend.c.obj)
                              (--whole-archive)
zephyr/libzephyr.a(resume.c.obj)
                              (--whole-archive)
zephyr/libzephyr.a(kill.c.obj)
                              (--whole-archive)
zephyr/libzephyr.a(device_service.c.obj)
                              (--whole-archive)
zephyr/libzephyr.a(devmem_service.c.obj)
                              (--whole-archive)
zephyr/libzephyr.a(shell_uart.c.obj)
                              (--whole-archive)
zephyr/libzephyr.a(shell.c.obj)
                              (--whole-archive)
zephyr/libzephyr.a(shell_fprintf.c.obj)
                              (--whole-archive)
zephyr/libzephyr.a(shell_utils.c.obj)
                              (--whole-archive)
zephyr/libzephyr.a(shell_ops.c.obj)
                              (--whole-archive)
zephyr/libzephyr.a(shell_log_backend.c.obj)
                              (--whole-archive)
zephyr/libzephyr.a(shell_help.c.obj)
                              (--whole-archive)
zephyr/libzephyr.a(shell_cmds.c.obj)
                              (--whole-archive)
zephyr/libzephyr.a(shell_history.c.obj)
                              (--whole-archive)
zephyr/libzephyr.a(shell_wildcard.c.obj)
                              (--whole-archive)
zephyr/libzephyr.a(flash_util.c.obj)
[...]
Memory Configuration

Name             Origin             Length             Attributes
FLASH            0x0000000008000000 0x0000000000100000 xr
RAM              0x0000000020000000 0x0000000000018000 xw
IDT_LIST         0x00000000ffff7fff 0x0000000000008000 xw
*default*        0x0000000000000000 0xffffffffffffffff

Linker script and memory map

                0x0000000008011984                vfprintf = __d_vfprintf
                0x0000000000000000                vfscanf = __d_vfscanf
LOAD zephyr/CMakeFiles/zephyr_final.dir/misc/empty_file.c.obj
LOAD zephyr/CMakeFiles/zephyr_final.dir/isr_tables.c.obj
LOAD zephyr/CMakeFiles/offsets.dir/./arch/arm/core/offsets/offsets.c.obj
LOAD app/libapp.a
LOAD zephyr/libzephyr.a
LOAD zephyr/arch/common/libarch__common.a
LOAD zephyr/arch/arch/arm/core/libarch__arm__core.a
LOAD zephyr/arch/arch/arm/core/cortex_m/libarch__arm__core__cortex_m.a
LOAD zephyr/arch/arch/arm/core/mpu/libarch__arm__core__mpu.a
LOAD zephyr/lib/libc/picolibc/liblib__libc__picolibc.a
LOAD zephyr/lib/libc/common/liblib__libc__common.a
LOAD zephyr/lib/posix/options/liblib__posix__options.a
LOAD zephyr/subsys/fs/libsubsys__fs.a
LOAD zephyr/drivers/interrupt_controller/libdrivers__interrupt_controller.a
LOAD zephyr/drivers/adc/libdrivers__adc.a
LOAD zephyr/drivers/clock_control/libdrivers__clock_control.a
LOAD zephyr/drivers/console/libdrivers__console.a
LOAD zephyr/drivers/dma/libdrivers__dma.a
LOAD zephyr/drivers/flash/libdrivers__flash.a
LOAD zephyr/drivers/gpio/libdrivers__gpio.a
LOAD zephyr/drivers/i2c/libdrivers__i2c.a
LOAD zephyr/drivers/pinctrl/libdrivers__pinctrl.a
LOAD zephyr/drivers/reset/libdrivers__reset.a
LOAD zephyr/drivers/sensor/st/stmemsc/libdrivers__sensor__st__stmemsc.a
LOAD zephyr/drivers/sensor/st/hts221/libdrivers__sensor__st__hts221.a
LOAD zephyr/drivers/sensor/st/lis3mdl/libdrivers__sensor__st__lis3mdl.a
LOAD zephyr/drivers/sensor/st/lps22hb/libdrivers__sensor__st__lps22hb.a
LOAD zephyr/drivers/sensor/st/lsm6dsl/libdrivers__sensor__st__lsm6dsl.a
LOAD zephyr/drivers/sensor/st/stm32_temp/libdrivers__sensor__st__stm32_temp.a
LOAD zephyr/drivers/sensor/st/stm32_vbat/libdrivers__sensor__st__stm32_vbat.a
LOAD zephyr/drivers/sensor/st/stm32_vref/libdrivers__sensor__st__stm32_vref.a
LOAD zephyr/drivers/sensor/st/vl53l0x/libdrivers__sensor__st__vl53l0x.a
LOAD zephyr/drivers/serial/libdrivers__serial.a
LOAD zephyr/drivers/timer/libdrivers__timer.a
LOAD modules/hal_st/lib..__modules__hal__st.a
LOAD modules/hal_stm32/stm32cube/lib..__modules__hal__stm32__stm32cube.a
LOAD modules/littlefs/libmodules__littlefs.a
LOAD zephyr/kernel/libkernel.a
LOAD zephyr/arch/common/libisr_tables.a
LOAD /home/dharm/zephyr-sdk-0.17.2/arm-zephyr-eabi/bin/../lib/gcc/../../picolibc/arm-zephyr-eabi/lib/thumb/v7e-m/nofp/libc.a
LOAD /home/dharm/zephyr-sdk-0.17.2/arm-zephyr-eabi/bin/../lib/gcc/arm-zephyr-eabi/12.2.0/thumb/v7e-m/nofp/libgcc.a
                0x0000000000000020                _region_min_align = 0x20

.rel.plt        0x0000000008000000        0x0
 *(SORT_BY_ALIGNMENT(.rel.plt))
                [!provide]                        PROVIDE (__rel_iplt_start = .)
 *(SORT_BY_ALIGNMENT(.rel.iplt))
 .rel.iplt      0x0000000008000000        0x0 zephyr/CMakeFiles/zephyr_final.dir/isr_tables.c.obj
                [!provide]                        PROVIDE (__rel_iplt_end = .)

.rela.plt       0x0000000000000000        0x0
 *(SORT_BY_ALIGNMENT(.rela.plt))
                [!provide]                        PROVIDE (__rela_iplt_start = .)
 *(SORT_BY_ALIGNMENT(.rela.iplt))
                [!provide]                        PROVIDE (__rela_iplt_end = .)

.rel.dyn
 *(SORT_BY_ALIGNMENT(.rel.*))

.rela.dyn
 *(SORT_BY_ALIGNMENT(.rela.*))

/DISCARD/
 *(SORT_BY_ALIGNMENT(.plt))

/DISCARD/
 *(SORT_BY_ALIGNMENT(.iplt))
                0x0000000008000000                __rom_region_start = 0x8000000

rom_start       0x0000000008000000      0x188
                0x0000000008000000                __rom_start_address = .
 FILL mask 0x00
                0x0000000008000000                . = (. + (0x0 - (. - __rom_start_address)))
                0x0000000008000000                . = ALIGN (0x4)
                0x0000000008000000                . = ALIGN (0x80)
                0x0000000008000000                . = ALIGN (0x200)
                0x0000000008000000                _vector_start = .
 *(SORT_BY_ALIGNMENT(.exc_vector_table))
 *(SORT_BY_ALIGNMENT(.exc_vector_table.*))
 .exc_vector_table._vector_table_section
                0x0000000008000000       0x40 zephyr/arch/arch/arm/core/cortex_m/libarch__arm__core__cortex_m.a(vector_table.S.obj)
                0x0000000008000000                _vector_table
 *(SORT_BY_ALIGNMENT(.vectors))
                0x0000000008000188                _vector_end = .
                0x0000000008000040                . = ALIGN (0x4)
 *(SORT_BY_ALIGNMENT(.gnu.linkonce.irq_vector_table*))
 .gnu.linkonce.irq_vector_table
                0x0000000008000040      0x148 zephyr/CMakeFiles/zephyr_final.dir/isr_tables.c.obj
                0x0000000008000040                _irq_vector_table
                0x0000000008000188                _vector_end = .

text            0x0000000008000188    0x1af18
                0x0000000008000188                __text_region_start = .
 *(SORT_BY_ALIGNMENT(.text))
 .text          0x0000000008000188      0x378 /home/dharm/zephyr-sdk-0.17.2/arm-zephyr-eabi/bin/../lib/gcc/arm-zephyr-eabi/12.2.0/thumb/v7e-m/nofp/libgcc.a(_arm_addsubdf3.o)
                0x0000000008000188                __aeabi_drsub
                0x0000000008000190                __aeabi_dsub
                0x0000000008000190                __subdf3
                0x0000000008000194                __adddf3
                0x0000000008000194                __aeabi_dadd
                0x000000000800040c                __aeabi_ui2d
                0x000000000800040c                __floatunsidf
                0x000000000800042c                __floatsidf
                0x000000000800042c                __aeabi_i2d
                0x0000000008000450                __extendsfdf2
                0x0000000008000450                __aeabi_f2d
                0x0000000008000494                __aeabi_ul2d
                0x0000000008000494                __floatundidf
                0x00000000080004a4                __floatdidf
                0x00000000080004a4                __aeabi_l2d
 .text          0x0000000008000500      0x424 /home/dharm/zephyr-sdk-0.17.2/arm-zephyr-eabi/bin/../lib/gcc/arm-zephyr-eabi/12.2.0/thumb/v7e-m/nofp/libgcc.a(_arm_muldivdf3.o)
                0x0000000008000500                __aeabi_dmul
                0x0000000008000500                __muldf3
                0x0000000008000754                __aeabi_ddiv
                0x0000000008000754                __divdf3
 .text          0x0000000008000924      0x21c /home/dharm/zephyr-sdk-0.17.2/arm-zephyr-eabi/bin/../lib/gcc/arm-zephyr-eabi/12.2.0/thumb/v7e-m/nofp/libgcc.a(_arm_addsubsf3.o)
                0x0000000008000924                __aeabi_frsub
                0x000000000800092c                __subsf3
                0x000000000800092c                __aeabi_fsub
                0x0000000008000930                __aeabi_fadd
                0x0000000008000930                __addsf3
                0x0000000008000a90                __aeabi_ui2f
                0x0000000008000a90                __floatunsisf
                0x0000000008000a98                __aeabi_i2f
                0x0000000008000a98                __floatsisf
                0x0000000008000ab4                __floatundisf
                0x0000000008000ab4                __aeabi_ul2f
                0x0000000008000ac4                __floatdisf
                0x0000000008000ac4                __aeabi_l2f
 .text          0x0000000008000b40      0x2a0 /home/dharm/zephyr-sdk-0.17.2/arm-zephyr-eabi/bin/../lib/gcc/arm-zephyr-eabi/12.2.0/thumb/v7e-m/nofp/libgcc.a(_arm_muldivsf3.o)
                0x0000000008000b40                __mulsf3
                0x0000000008000b40                __aeabi_fmul
                0x0000000008000ca8                __divsf3
                0x0000000008000ca8                __aeabi_fdiv
 .text          0x0000000008000de0       0xec /home/dharm/zephyr-sdk-0.17.2/arm-zephyr-eabi/bin/../lib/gcc/arm-zephyr-eabi/12.2.0/thumb/v7e-m/nofp/libgcc.a(_arm_cmpsf2.o)
                0x0000000008000de0                __gtsf2
                0x0000000008000de0                __gesf2
                0x0000000008000de8                __lesf2
                0x0000000008000de8                __ltsf2
                0x0000000008000df0                __nesf2
                0x0000000008000df0                __eqsf2
                0x0000000008000df0                __cmpsf2
                0x0000000008000e50                __aeabi_cfrcmple
                0x0000000008000e58                __aeabi_cfcmple
                0x0000000008000e58                __aeabi_cfcmpeq
                0x0000000008000e68                __aeabi_fcmpeq
                0x0000000008000e7c                __aeabi_fcmplt
                0x0000000008000e90                __aeabi_fcmple
                0x0000000008000ea4                __aeabi_fcmpge
                0x0000000008000eb8                __aeabi_fcmpgt
 .text          0x0000000008000ecc       0x4c /home/dharm/zephyr-sdk-0.17.2/arm-zephyr-eabi/bin/../lib/gcc/arm-zephyr-eabi/12.2.0/thumb/v7e-m/nofp/libgcc.a(_arm_fixsfsi.o)
                0x0000000008000ecc                __fixsfsi
                0x0000000008000ecc                __aeabi_f2iz
 .text          0x0000000008000f18       0xa0 /home/dharm/zephyr-sdk-0.17.2/arm-zephyr-eabi/bin/../lib/gcc/arm-zephyr-eabi/12.2.0/thumb/v7e-m/nofp/libgcc.a(_aeabi_ldivmod.o)
                0x0000000008000f18                __aeabi_ldivmod
 .text          0x0000000008000fb8       0x30 /home/dharm/zephyr-sdk-0.17.2/arm-zephyr-eabi/bin/../lib/gcc/arm-zephyr-eabi/12.2.0/thumb/v7e-m/nofp/libgcc.a(_aeabi_uldivmod.o)
                0x0000000008000fb8                __aeabi_uldivmod
 .text          0x0000000008000fe8       0x40 /home/dharm/zephyr-sdk-0.17.2/arm-zephyr-eabi/bin/../lib/gcc/arm-zephyr-eabi/12.2.0/thumb/v7e-m/nofp/libgcc.a(_fixunssfdi.o)
                0x0000000008000fe8                __aeabi_f2ulz
                0x0000000008000fe8                __fixunssfdi
 .text          0x0000000008001028        0x4 /home/dharm/zephyr-sdk-0.17.2/arm-zephyr-eabi/bin/../lib/gcc/arm-zephyr-eabi/12.2.0/thumb/v7e-m/nofp/libgcc.a(_dvmd_tls.o)
                0x0000000008001028                __aeabi_ldiv0
                0x0000000008001028                __aeabi_idiv0
 .text          0x000000000800102c       0x40 /home/dharm/zephyr-sdk-0.17.2/arm-zephyr-eabi/bin/../lib/gcc/arm-zephyr-eabi/12.2.0/thumb/v7e-m/nofp/libgcc.a(_arm_fixunsdfsi.o)
                0x000000000800102c                __fixunsdfsi
                0x000000000800102c                __aeabi_d2uiz
 .text          0x000000000800106c       0x14 /home/dharm/zephyr-sdk-0.17.2/arm-zephyr-eabi/bin/../lib/gcc/../../picolibc/arm-zephyr-eabi/lib/thumb/v7e-m/nofp/libc.a(strcmp.S.o)
                0x000000000800106c                strcmp
 .text          0x0000000008001080       0x10 /home/dharm/zephyr-sdk-0.17.2/arm-zephyr-eabi/bin/../lib/gcc/../../picolibc/arm-zephyr-eabi/lib/thumb/v7e-m/nofp/libc.a(strcpy.S.o)
                0x0000000008001080                strcpy
 .text          0x0000000008001090       0x10 /home/dharm/zephyr-sdk-0.17.2/arm-zephyr-eabi/bin/../lib/gcc/../../picolibc/arm-zephyr-eabi/lib/thumb/v7e-m/nofp/libc.a(strlen.S.o)
                0x0000000008001090                strlen
 .text          0x00000000080010a0       0x26 /home/dharm/zephyr-sdk-0.17.2/arm-zephyr-eabi/bin/../lib/gcc/arm-zephyr-eabi/12.2.0/thumb/v7e-m/nofp/libgcc.a(_popcountsi2.o)
                0x00000000080010a0                __popcountsi2
 .text          0x00000000080010c6       0x26 /home/dharm/zephyr-sdk-0.17.2/arm-zephyr-eabi/bin/../lib/gcc/arm-zephyr-eabi/12.2.0/thumb/v7e-m/nofp/libgcc.a(_fixsfdi.o)
                0x00000000080010c6                __aeabi_f2lz
                0x00000000080010c6                __fixsfdi
 .text          0x00000000080010ec      0x2a0 /home/dharm/zephyr-sdk-0.17.2/arm-zephyr-eabi/bin/../lib/gcc/arm-zephyr-eabi/12.2.0/thumb/v7e-m/nofp/libgcc.a(_udivmoddi4.o)
                0x00000000080010ec                __udivmoddi4
 *(SORT_BY_ALIGNMENT(.text.*))
 *fill*         0x000000000800138c        0x4 
 .text.hum_temp_sensor_get_string
                0x0000000008001390      0x13c app/libapp.a(hum_tem_sensor.c.obj)
                0x0000000008001390                hum_temp_sensor_get_string
 *fill*         0x00000000080014cc        0x4 
 .text.imu_sensor_get_string
                0x00000000080014d0      0x254 app/libapp.a(imu_sensor.c.obj)
                0x00000000080014d0                imu_sensor_get_string
 *fill*         0x0000000008001724        0x4 
 .text.pressure_sensor_get_string
                0x0000000008001728       0xc0 app/libapp.a(pressure_sensor.c.obj)
                0x0000000008001728                pressure_sensor_get_string
 .text.cmd_kernel_uptime
                0x00000000080017e8       0xe0 zephyr/libzephyr.a(uptime.c.obj)
 .text.lsm6dsl_accel_convert
                0x00000000080018c8       0x58 zephyr/drivers/sensor/st/lsm6dsl/libdrivers__sensor__st__lsm6dsl.a(lsm6dsl.c.obj)
 .text.lsm6dsl_gyro_convert
                0x0000000008001920       0x6c zephyr/drivers/sensor/st/lsm6dsl/libdrivers__sensor__st__lsm6dsl.a(lsm6dsl.c.obj)
 *fill*         0x000000000800198c        0x4 
 .text.lsm6dsl_attr_set
                0x0000000008001990      0x1a4 zephyr/drivers/sensor/st/lsm6dsl/libdrivers__sensor__st__lsm6dsl.a(lsm6dsl.c.obj)
 .text.hun_temp_sensor_init
                0x0000000008001b34       0x58 app/libapp.a(hum_tem_sensor.c.obj)
                0x0000000008001b34                hun_temp_sensor_init
 .text.sensor_channel_get.constprop.0.isra.0
                0x0000000008001b8c       0x18 app/libapp.a(imu_sensor.c.obj)
 .text.imu_sensor_init
                0x0000000008001ba4       0x30 app/libapp.a(imu_sensor.c.obj)
                0x0000000008001ba4                imu_sensor_init
 .text.cmd_fetch_all
                0x0000000008001bd4       0x58 app/libapp.a(main.c.obj)
 .text.cmd_stop_imu
                0x0000000008001c2c       0x30 app/libapp.a(main.c.obj)
 .text.cmd_clear_logs
                0x0000000008001c5c       0x78 app/libapp.a(main.c.obj)
 .text.cmd_start_hum
                0x0000000008001cd4       0x5c app/libapp.a(main.c.obj)
 .text.imu_thread
                0x0000000008001d30       0x50 app/libapp.a(main.c.obj)
                0x0000000008001d30                imu_thread
 .text.mount_fs
                0x0000000008001d80       0x80 app/libapp.a(main.c.obj)
 .text.hum_thread
                0x0000000008001e00       0x50 app/libapp.a(main.c.obj)
                0x0000000008001e00                hum_thread
 .text.press_thread
                0x0000000008001e50       0x50 app/libapp.a(main.c.obj)
                0x0000000008001e50                press_thread
 .text.cmd_start_imu
                0x0000000008001ea0       0x5c app/libapp.a(main.c.obj)
 .text.cmd_start_press
                0x0000000008001efc       0x5c app/libapp.a(main.c.obj)
 .text.cmd_stop_hum
                0x0000000008001f58       0x30 app/libapp.a(main.c.obj)
 .text.cmd_stop_press
                0x0000000008001f88       0x30 app/libapp.a(main.c.obj)
 .text.main     0x0000000008001fb8       0x4c app/libapp.a(main.c.obj)
                0x0000000008001fb8                main
 .text.pressure_sensor_init
                0x0000000008002004       0x58 app/libapp.a(pressure_sensor.c.obj)
                0x0000000008002004                pressure_sensor_init
 .text.cbvprintf_package
                0x000000000800205c      0x3a4 zephyr/libzephyr.a(cbprintf_packaged.c.obj)
                0x000000000800205c                cbvprintf_package
 .text.cbprintf_package_convert
                0x0000000008002400      0x3d4 zephyr/libzephyr.a(cbprintf_packaged.c.obj)
                0x0000000008002400                cbprintf_package_convert
 .text.__printk_hook_install
                0x00000000080027d4        0xc zephyr/libzephyr.a(printk.c.obj)
                0x00000000080027d4                __printk_hook_install
 .text.z_thread_entry
                0x00000000080027e0       0x34 zephyr/libzephyr.a(thread_entry.c.obj)
                0x00000000080027e0                z_thread_entry
 .text.st_stm32_common_config
                0x0000000008002814       0x14 zephyr/libzephyr.a(soc_config.c.obj)
 .text.stm32_backup_domain_enable_access
                0x0000000008002828       0x3c zephyr/libzephyr.a(stm32_backup_domain.c.obj)
                0x0000000008002828                stm32_backup_domain_enable_access
 .text.stm32_backup_domain_disable_access
                0x0000000008002864       0x68 zephyr/libzephyr.a(stm32_backup_domain.c.obj)
                0x0000000008002864                stm32_backup_domain_disable_access
 .text.soc_early_init_hook
                0x00000000080028cc       0x30 zephyr/libzephyr.a(soc.c.obj)
                0x00000000080028cc                soc_early_init_hook
 .text.activate_foreach_backend
                0x00000000080028fc       0x64 zephyr/libzephyr.a(log_core.c.obj)
 .text.enable_logger
                0x0000000008002960       0x5c zephyr/libzephyr.a(log_core.c.obj)
 .text.log_process_thread_timer_expiry_fn
                0x00000000080029bc        0xc zephyr/libzephyr.a(log_core.c.obj)
 .text.z_log_init
                0x00000000080029c8       0x94 zephyr/libzephyr.a(log_core.c.obj)
 .text.log_set_timestamp_func
                0x0000000008002a5c       0x20 zephyr/libzephyr.a(log_core.c.obj)
                0x0000000008002a5c                log_set_timestamp_func
 .text.z_log_notify_backend_enabled
                0x0000000008002a7c       0x1c zephyr/libzephyr.a(log_core.c.obj)
                0x0000000008002a7c                z_log_notify_backend_enabled
 .text.z_log_dropped
                0x0000000008002a98       0x44 zephyr/libzephyr.a(log_core.c.obj)
                0x0000000008002a98                z_log_dropped
 .text.z_log_dropped_read_and_clear
                0x0000000008002adc       0x20 zephyr/libzephyr.a(log_core.c.obj)
                0x0000000008002adc                z_log_dropped_read_and_clear
 .text.dropped_notify
                0x0000000008002afc       0x30 zephyr/libzephyr.a(log_core.c.obj)
                0x0000000008002afc                dropped_notify
 .text.z_log_msg_init
                0x0000000008002b2c       0x20 zephyr/libzephyr.a(log_core.c.obj)
                0x0000000008002b2c                z_log_msg_init
 .text.log_core_init
                0x0000000008002b4c       0x54 zephyr/libzephyr.a(log_core.c.obj)
                0x0000000008002b4c                log_core_init
 .text.z_log_msg_alloc
                0x0000000008002ba0       0x10 zephyr/libzephyr.a(log_core.c.obj)
                0x0000000008002ba0                z_log_msg_alloc
 .text.z_log_msg_local_claim
                0x0000000008002bb0        0xc zephyr/libzephyr.a(log_core.c.obj)
                0x0000000008002bb0                z_log_msg_local_claim
 .text.z_log_msg_free
                0x0000000008002bbc       0x10 zephyr/libzephyr.a(log_core.c.obj)
                0x0000000008002bbc                z_log_msg_free
 .text.z_log_msg_pending
                0x0000000008002bcc        0xc zephyr/libzephyr.a(log_core.c.obj)
                0x0000000008002bcc                z_log_msg_pending
 .text.z_impl_log_process
                0x0000000008002bd8       0xe8 zephyr/libzephyr.a(log_core.c.obj)
                0x0000000008002bd8                z_impl_log_process
 .text.z_impl_log_panic
                0x0000000008002cc0       0x44 zephyr/libzephyr.a(log_core.c.obj)
                0x0000000008002cc0                z_impl_log_panic
 .text.log_process_thread_func
                0x0000000008002d04       0xa4 zephyr/libzephyr.a(log_core.c.obj)
 .text.z_log_msg_post_finalize
                0x0000000008002da8       0x78 zephyr/libzephyr.a(log_core.c.obj)
 .text.z_log_msg_commit
                0x0000000008002e20       0x24 zephyr/libzephyr.a(log_core.c.obj)
                0x0000000008002e20                z_log_msg_commit
 .text.log_source_name_get
                0x0000000008002e44       0x1c zephyr/libzephyr.a(log_mgmt.c.obj)
                0x0000000008002e44                log_source_name_get
 .text.z_log_runtime_filters_init
                0x0000000008002e60       0x3c zephyr/libzephyr.a(log_mgmt.c.obj)
                0x0000000008002e60                z_log_runtime_filters_init
 .text.log_source_id_get
                0x0000000008002e9c       0x38 zephyr/libzephyr.a(log_mgmt.c.obj)
                0x0000000008002e9c                log_source_id_get
 .text.filter_set
                0x0000000008002ed4       0xbc zephyr/libzephyr.a(log_mgmt.c.obj)
                0x0000000008002ed4                filter_set
 .text.backend_filter_set
                0x0000000008002f90       0x30 zephyr/libzephyr.a(log_mgmt.c.obj)
 .text.log_filter_get
                0x0000000008002fc0       0x4c zephyr/libzephyr.a(log_mgmt.c.obj)
                0x0000000008002fc0                log_filter_get
 .text.z_impl_z_log_msg_static_create
                0x000000000800300c      0x110 zephyr/libzephyr.a(log_msg.c.obj)
                0x000000000800300c                z_impl_z_log_msg_static_create
 .text.z_log_msg_runtime_vcreate
                0x000000000800311c       0xb0 zephyr/libzephyr.a(log_msg.c.obj)
                0x000000000800311c                z_log_msg_runtime_vcreate
 .text.log_msg_get_source_id
                0x00000000080031cc       0x18 zephyr/libzephyr.a(log_msg.c.obj)
                0x00000000080031cc                log_msg_get_source_id
 .text.print_formatted
                0x00000000080031e4       0x24 zephyr/libzephyr.a(log_output.c.obj)
 .text.newline_print
                0x0000000008003208       0x1c zephyr/libzephyr.a(log_output.c.obj)
 .text.log_output_process
                0x0000000008003224      0x2d4 zephyr/libzephyr.a(log_output.c.obj)
                0x0000000008003224                log_output_process
 .text.log_output_dropped_process
                0x00000000080034f8       0x58 zephyr/libzephyr.a(log_output.c.obj)
                0x00000000080034f8                log_output_dropped_process
 .text.log_output_timestamp_freq_set
                0x0000000008003550       0x2c zephyr/libzephyr.a(log_output.c.obj)
                0x0000000008003550                log_output_timestamp_freq_set
 .text.mem_attr_get_regions
                0x000000000800357c        0xc zephyr/libzephyr.a(mem_attr.c.obj)
                0x000000000800357c                mem_attr_get_regions
 .text.flash_area_open
                0x0000000008003588       0x4c zephyr/libzephyr.a(flash_map.c.obj)
                0x0000000008003588                flash_area_open
 .text.cmd_kernel_cycles
                0x00000000080035d4       0x1c zephyr/libzephyr.a(cycles.c.obj)
 .text.cmd_kernel_sleep
                0x00000000080035f0       0x40 zephyr/libzephyr.a(sleep.c.obj)
 .text.cmd_kernel_version
                0x0000000008003630       0x18 zephyr/libzephyr.a(version.c.obj)
 .text.cmd_kernel_log_level_set
                0x0000000008003648       0x84 zephyr/libzephyr.a(log-level.c.obj)
 .text.z_thread_is_valid
                0x00000000080036cc       0x20 zephyr/libzephyr.a(thread.c.obj)
                0x00000000080036cc                z_thread_is_valid
 .text.cmd_kernel_thread_list
                0x00000000080036ec       0x34 zephyr/libzephyr.a(list.c.obj)
 .text.shell_tdata_dump
                0x0000000008003720       0xc0 zephyr/libzephyr.a(list.c.obj)
 .text.cmd_kernel_thread_stacks
                0x00000000080037e0       0x70 zephyr/libzephyr.a(stacks.c.obj)
 .text.shell_stack_dump
                0x0000000008003850       0x60 zephyr/libzephyr.a(stacks.c.obj)
 .text.cmd_kernel_thread_suspend
                0x00000000080038b0       0x64 zephyr/libzephyr.a(suspend.c.obj)
 .text.cmd_kernel_thread_resume
                0x0000000008003914       0x64 zephyr/libzephyr.a(resume.c.obj)
 .text.cmd_kernel_thread_kill
                0x0000000008003978       0x64 zephyr/libzephyr.a(kill.c.obj)
 .text.cmd_device_list
                0x00000000080039dc       0xd8 zephyr/libzephyr.a(device_service.c.obj)
 .text.cmd_devmem
                0x0000000008003ab4       0xc4 zephyr/libzephyr.a(devmem_service.c.obj)
 .text.cmd_dump
                0x0000000008003b78      0x178 zephyr/libzephyr.a(devmem_service.c.obj)
 .text.set_bypass.isra.0
                0x0000000008003cf0       0x4c zephyr/libzephyr.a(devmem_service.c.obj)
 .text.bypass_cb
                0x0000000008003d3c      0x114 zephyr/libzephyr.a(devmem_service.c.obj)
 .text.cmd_load
                0x0000000008003e50       0xd8 zephyr/libzephyr.a(devmem_service.c.obj)
 .text.enable_shell_uart
                0x0000000008003f28       0x38 zephyr/libzephyr.a(shell_uart.c.obj)
 .text.init     0x0000000008003f60       0x54 zephyr/libzephyr.a(shell_uart.c.obj)
 .text.uart_callback
                0x0000000008003fb4      0x134 zephyr/libzephyr.a(shell_uart.c.obj)
 .text.shell_internal_help_print
                0x00000000080040e8       0x20 zephyr/libzephyr.a(shell.c.obj)
 .text.kill_handler
                0x0000000008004108       0x54 zephyr/libzephyr.a(shell.c.obj)
 .text.z_cursor_next_line_move.isra.0
                0x000000000800415c        0xc zephyr/libzephyr.a(shell.c.obj)
 .text.history_handle
                0x0000000008004168       0xac zephyr/libzephyr.a(shell.c.obj)
 .text.execute  0x0000000008004214      0x2c8 zephyr/libzephyr.a(shell.c.obj)
 .text.state_set.constprop.0
                0x00000000080044dc       0x4c zephyr/libzephyr.a(shell.c.obj)
 .text.shell_process
                0x0000000008004528      0x69c zephyr/libzephyr.a(shell.c.obj)
                0x0000000008004528                shell_process
 .text.shell_thread
                0x0000000008004bc4       0xe4 zephyr/libzephyr.a(shell.c.obj)
                0x0000000008004bc4                shell_thread
 .text.cmd_help
                0x0000000008004ca8       0x44 zephyr/libzephyr.a(shell.c.obj)
 .text.shell_hexdump_line
                0x0000000008004cec       0xcc zephyr/libzephyr.a(shell.c.obj)
                0x0000000008004cec                shell_hexdump_line
 .text.shell_init
                0x0000000008004db8       0xe8 zephyr/libzephyr.a(shell.c.obj)
                0x0000000008004db8                shell_init
 .text.z_shell_fprintf_fmt
                0x0000000008004ea0       0x28 zephyr/libzephyr.a(shell_fprintf.c.obj)
                0x0000000008004ea0                z_shell_fprintf_fmt
 .text.z_shell_cmd_get
                0x0000000008004ec8       0x74 zephyr/libzephyr.a(shell_utils.c.obj)
                0x0000000008004ec8                z_shell_cmd_get
 .text.shell_strtoul
                0x0000000008004f3c       0x50 zephyr/libzephyr.a(shell_utils.c.obj)
                0x0000000008004f3c                shell_strtoul
 .text.z_clear_eos
                0x0000000008004f8c       0x18 zephyr/libzephyr.a(shell_ops.c.obj)
 .text.z_cursor_next_line_move.isra.0
                0x0000000008004fa4        0xc zephyr/libzephyr.a(shell_ops.c.obj)
 .text.z_shell_op_cursor_vert_move
                0x0000000008004fb0       0x2c zephyr/libzephyr.a(shell_ops.c.obj)
                0x0000000008004fb0                z_shell_op_cursor_vert_move
 .text.z_shell_op_cursor_horiz_move
                0x0000000008004fdc       0x2c zephyr/libzephyr.a(shell_ops.c.obj)
                0x0000000008004fdc                z_shell_op_cursor_horiz_move
 .text.z_shell_print_cmd
                0x0000000008005008       0x78 zephyr/libzephyr.a(shell_ops.c.obj)
                0x0000000008005008                z_shell_print_cmd
 .text.z_shell_vt100_color_set
                0x0000000008005080       0x40 zephyr/libzephyr.a(shell_ops.c.obj)
                0x0000000008005080                z_shell_vt100_color_set
 .text.z_shell_vt100_colors_restore
                0x00000000080050c0       0x3c zephyr/libzephyr.a(shell_ops.c.obj)
                0x00000000080050c0                z_shell_vt100_colors_restore
 .text.z_shell_op_word_remove
                0x00000000080050fc       0xc8 zephyr/libzephyr.a(shell_ops.c.obj)
                0x00000000080050fc                z_shell_op_word_remove
 .text.reprint_from_cursor
                0x00000000080051c4       0xe0 zephyr/libzephyr.a(shell_ops.c.obj)
 .text.z_shell_op_char_insert
                0x00000000080052a4       0x70 zephyr/libzephyr.a(shell_ops.c.obj)
                0x00000000080052a4                z_shell_op_char_insert
 .text.z_shell_print_prompt_and_cmd
                0x0000000008005314       0x30 zephyr/libzephyr.a(shell_ops.c.obj)
                0x0000000008005314                z_shell_print_prompt_and_cmd
 .text.z_cursor_next_line_move.isra.0
                0x0000000008005344        0xc zephyr/libzephyr.a(shell_help.c.obj)
 .text.formatted_structured_help_print
                0x0000000008005350       0x40 zephyr/libzephyr.a(shell_help.c.obj)
 .text.z_shell_help_subcmd_print
                0x0000000008005390       0xd0 zephyr/libzephyr.a(shell_help.c.obj)
                0x0000000008005390                z_shell_help_subcmd_print
 .text.z_shell_help_cmd_print
                0x0000000008005460       0x64 zephyr/libzephyr.a(shell_help.c.obj)
                0x0000000008005460                z_shell_help_cmd_print
 .text.z_shell_help_request
                0x00000000080054c4       0x28 zephyr/libzephyr.a(shell_help.c.obj)
                0x00000000080054c4                z_shell_help_request
 .text.cmd_resize_default
                0x00000000080054ec       0x2c zephyr/libzephyr.a(shell_cmds.c.obj)
 .text.cmd_shell_stats_show
                0x0000000008005518       0x14 zephyr/libzephyr.a(shell_cmds.c.obj)
 .text.cmd_backends
                0x000000000800552c       0x4c zephyr/libzephyr.a(shell_cmds.c.obj)
 .text.cmd_prompt_off
                0x0000000008005578       0x10 zephyr/libzephyr.a(shell_cmds.c.obj)
 .text.cmd_history
                0x0000000008005588       0x40 zephyr/libzephyr.a(shell_cmds.c.obj)
 .text.cmd_get_retval
                0x00000000080055c8       0x1c zephyr/libzephyr.a(shell_cmds.c.obj)
 .text.cmd_echo
                0x00000000080055e4       0x50 zephyr/libzephyr.a(shell_cmds.c.obj)
 .text.cmd_clear
                0x0000000008005634       0x34 zephyr/libzephyr.a(shell_cmds.c.obj)
 .text.cmd_resize
                0x0000000008005668      0x1a0 zephyr/libzephyr.a(shell_cmds.c.obj)
 .text.z_shell_wildcard_process
                0x0000000008005808       0xe4 zephyr/libzephyr.a(shell_wildcard.c.obj)
                0x0000000008005808                z_shell_wildcard_process
 .text.z_arm_fatal_error
                0x00000000080058ec       0xe0 zephyr/arch/arch/arm/core/libarch__arm__core.a(fatal.c.obj)
                0x00000000080058ec                z_arm_fatal_error
 .text.z_SysNmiOnReset
                0x00000000080059cc        0x8 zephyr/arch/arch/arm/core/libarch__arm__core.a(nmi_on_reset.S.obj)
                0x00000000080059cc                z_SysNmiOnReset
 .text.arch_tls_stack_setup
                0x00000000080059d4       0x40 zephyr/arch/arch/arm/core/libarch__arm__core.a(tls.c.obj)
                0x00000000080059d4                arch_tls_stack_setup
 .text._HandlerModeExit
                0x0000000008005a14       0x20 zephyr/arch/arch/arm/core/cortex_m/libarch__arm__core__cortex_m.a(exc_exit.c.obj)
                0x0000000008005a14                z_arm_exc_exit
                0x0000000008005a14                z_arm_int_exit
 .text.bus_fault.constprop.0
                0x0000000008005a34      0x108 zephyr/arch/arch/arm/core/cortex_m/libarch__arm__core__cortex_m.a(fault.c.obj)
 .text.usage_fault.constprop.0
                0x0000000008005b3c       0xdc zephyr/arch/arch/arm/core/cortex_m/libarch__arm__core__cortex_m.a(fault.c.obj)
 .text.mem_manage_fault
                0x0000000008005c18      0x140 zephyr/arch/arch/arm/core/cortex_m/libarch__arm__core__cortex_m.a(fault.c.obj)
 .text.z_arm_fault
                0x0000000008005d58      0x20c zephyr/arch/arch/arm/core/cortex_m/libarch__arm__core__cortex_m.a(fault.c.obj)
                0x0000000008005d58                z_arm_fault
 .text.z_arm_fault_init
                0x0000000008005f64       0x18 zephyr/arch/arch/arm/core/cortex_m/libarch__arm__core__cortex_m.a(fault.c.obj)
                0x0000000008005f64                z_arm_fault_init
 .text.__fault  0x0000000008005f7c       0x14 zephyr/arch/arch/arm/core/cortex_m/libarch__arm__core__cortex_m.a(fault_s.S.obj)
                0x0000000008005f7c                z_arm_bus_fault
                0x0000000008005f7c                z_arm_usage_fault
                0x0000000008005f7c                z_arm_mpu_fault
                0x0000000008005f7c                z_arm_exc_spurious
                0x0000000008005f7c                z_arm_debug_monitor
                0x0000000008005f7c                z_arm_hard_fault
 .text._reset_section
                0x0000000008005f90       0x44 zephyr/arch/arch/arm/core/cortex_m/libarch__arm__core__cortex_m.a(reset.S.obj)
                0x0000000008005f90                z_arm_reset
                0x0000000008005f90                __start
 .text.z_impl_k_thread_abort
                0x0000000008005fd4       0x2c zephyr/arch/arch/arm/core/cortex_m/libarch__arm__core__cortex_m.a(thread_abort.c.obj)
                0x0000000008005fd4                z_impl_k_thread_abort
 .text.z_arm_pendsv
                0x0000000008006000       0x64 zephyr/arch/arch/arm/core/cortex_m/libarch__arm__core__cortex_m.a(swap_helper.S.obj)
                0x0000000008006000                z_arm_pendsv
 .text.z_arm_svc
                0x0000000008006064       0x24 zephyr/arch/arch/arm/core/cortex_m/libarch__arm__core__cortex_m.a(swap_helper.S.obj)
                0x0000000008006064                z_arm_svc
 .text.arm_irq_enable
                0x0000000008006088       0x1c zephyr/arch/arch/arm/core/cortex_m/libarch__arm__core__cortex_m.a(irq_manage.c.obj)
                0x0000000008006088                arm_irq_enable
 .text.arm_irq_priority_set
                0x00000000080060a4       0x30 zephyr/arch/arch/arm/core/cortex_m/libarch__arm__core__cortex_m.a(irq_manage.c.obj)
                0x00000000080060a4                arm_irq_priority_set
 .text.relocate_vector_table
                0x00000000080060d4       0x1c zephyr/arch/arch/arm/core/cortex_m/libarch__arm__core__cortex_m.a(prep_c.c.obj)
                0x00000000080060d4                relocate_vector_table
 .text.z_prep_c
                0x00000000080060f0       0x38 zephyr/arch/arch/arm/core/cortex_m/libarch__arm__core__cortex_m.a(prep_c.c.obj)
                0x00000000080060f0                z_prep_c
 .text.arch_new_thread
                0x0000000008006128       0x38 zephyr/arch/arch/arm/core/cortex_m/libarch__arm__core__cortex_m.a(thread.c.obj)
                0x0000000008006128                arch_new_thread
 .text.z_check_thread_stack_fail
                0x0000000008006160       0x30 zephyr/arch/arch/arm/core/cortex_m/libarch__arm__core__cortex_m.a(thread.c.obj)
                0x0000000008006160                z_check_thread_stack_fail
 .text.arch_switch_to_main_thread
                0x0000000008006190       0x40 zephyr/arch/arch/arm/core/cortex_m/libarch__arm__core__cortex_m.a(thread.c.obj)
                0x0000000008006190                arch_switch_to_main_thread
 .text.z_arm_cpu_idle_init
                0x00000000080061d0        0xc zephyr/arch/arch/arm/core/cortex_m/libarch__arm__core__cortex_m.a(cpu_idle.c.obj)
                0x00000000080061d0                z_arm_cpu_idle_init
 .text.z_arm_interrupt_init
                0x00000000080061dc       0x18 zephyr/arch/arch/arm/core/cortex_m/libarch__arm__core__cortex_m.a(irq_init.c.obj)
                0x00000000080061dc                z_arm_interrupt_init
 .text._isr_wrapper
                0x00000000080061f4       0x24 zephyr/arch/arch/arm/core/cortex_m/libarch__arm__core__cortex_m.a(isr_wrapper.c.obj)
                0x00000000080061f4                _isr_wrapper
 .text.z_arm_configure_static_mpu_regions
                0x0000000008006218       0x18 zephyr/arch/arch/arm/core/mpu/libarch__arm__core__mpu.a(arm_core_mpu.c.obj)
                0x0000000008006218                z_arm_configure_static_mpu_regions
 .text.z_arm_configure_dynamic_mpu_regions
                0x0000000008006230       0x24 zephyr/arch/arch/arm/core/mpu/libarch__arm__core__mpu.a(arm_core_mpu.c.obj)
                0x0000000008006230                z_arm_configure_dynamic_mpu_regions
 .text.region_allocate_and_init
                0x0000000008006254       0x58 zephyr/arch/arch/arm/core/mpu/libarch__arm__core__mpu.a(arm_mpu.c.obj)
 .text.mpu_configure_regions
                0x00000000080062ac       0x70 zephyr/arch/arch/arm/core/mpu/libarch__arm__core__mpu.a(arm_mpu.c.obj)
 .text.arm_core_mpu_enable
                0x000000000800631c       0x18 zephyr/arch/arch/arm/core/mpu/libarch__arm__core__mpu.a(arm_mpu.c.obj)
                0x000000000800631c                arm_core_mpu_enable
 .text.arm_core_mpu_disable
                0x0000000008006334       0x14 zephyr/arch/arch/arm/core/mpu/libarch__arm__core__mpu.a(arm_mpu.c.obj)
                0x0000000008006334                arm_core_mpu_disable
 .text.arm_core_mpu_configure_static_mpu_regions
                0x0000000008006348       0x14 zephyr/arch/arch/arm/core/mpu/libarch__arm__core__mpu.a(arm_mpu.c.obj)
                0x0000000008006348                arm_core_mpu_configure_static_mpu_regions
 .text.arm_core_mpu_configure_dynamic_mpu_regions
                0x000000000800635c       0x38 zephyr/arch/arch/arm/core/mpu/libarch__arm__core__mpu.a(arm_mpu.c.obj)
                0x000000000800635c                arm_core_mpu_configure_dynamic_mpu_regions
 .text.z_arm_mpu_init
                0x0000000008006394      0x17c zephyr/arch/arch/arm/core/mpu/libarch__arm__core__mpu.a(arm_mpu.c.obj)
                0x0000000008006394                z_arm_mpu_init
 .text.cbvprintf
                0x0000000008006510       0x38 zephyr/lib/libc/picolibc/liblib__libc__picolibc.a(cbprintf.c.obj)
                0x0000000008006510                cbvprintf
 .text.z_impl_zephyr_fputc
                0x0000000008006548       0x10 zephyr/lib/libc/picolibc/liblib__libc__picolibc.a(stdio.c.obj)
                0x0000000008006548                z_impl_zephyr_fputc
 .text.__stdout_hook_install
                0x0000000008006558       0x18 zephyr/lib/libc/picolibc/liblib__libc__picolibc.a(stdio.c.obj)
                0x0000000008006558                __stdout_hook_install
 .text.malloc_prepare
                0x0000000008006570       0x24 zephyr/lib/libc/common/liblib__libc__common.a(malloc.c.obj)
 .text.malloc_lock
                0x0000000008006594       0x14 zephyr/lib/libc/common/liblib__libc__common.a(malloc.c.obj)
 .text.malloc_unlock
                0x00000000080065a8        0xc zephyr/lib/libc/common/liblib__libc__common.a(malloc.c.obj)
 .text.malloc   0x00000000080065b4       0x34 zephyr/lib/libc/common/liblib__libc__common.a(malloc.c.obj)
                0x00000000080065b4                malloc
 .text.free     0x00000000080065e8       0x1c zephyr/lib/libc/common/liblib__libc__common.a(malloc.c.obj)
                0x00000000080065e8                free
 .text.getopt_init
                0x0000000008006604       0x48 zephyr/lib/posix/options/liblib__posix__options.a(getopt.c.obj)
                0x0000000008006604                getopt_init
 .text.getopt   0x000000000800664c       0xf8 zephyr/lib/posix/options/liblib__posix__options.a(getopt.c.obj)
                0x000000000800664c                getopt
 .text.z_getopt_global_state_update
                0x0000000008006744       0x34 zephyr/lib/posix/options/liblib__posix__options.a(getopt_common.c.obj)
                0x0000000008006744                z_getopt_global_state_update
 .text.getopt_state_get
                0x0000000008006778        0x8 zephyr/lib/posix/options/liblib__posix__options.a(getopt_common.c.obj)
                0x0000000008006778                getopt_state_get
 .text.registry_find
                0x0000000008006780       0x2c zephyr/subsys/fs/libsubsys__fs.a(fs.c.obj)
 .text.k_mutex_lock.constprop.0.isra.0
                0x00000000080067ac       0x10 zephyr/subsys/fs/libsubsys__fs.a(fs.c.obj)
 .text.k_mutex_unlock.constprop.0.isra.0
                0x00000000080067bc        0xc zephyr/subsys/fs/libsubsys__fs.a(fs.c.obj)
 .text.fs_get_mnt_point
                0x00000000080067c8       0x90 zephyr/subsys/fs/libsubsys__fs.a(fs.c.obj)
 .text.fs_open  0x0000000008006858      0x124 zephyr/subsys/fs/libsubsys__fs.a(fs.c.obj)
                0x0000000008006858                fs_open
 .text.fs_close
                0x000000000800697c       0x3c zephyr/subsys/fs/libsubsys__fs.a(fs.c.obj)
                0x000000000800697c                fs_close
 .text.fs_read  0x00000000080069b8       0x3c zephyr/subsys/fs/libsubsys__fs.a(fs.c.obj)
                0x00000000080069b8                fs_read
 .text.fs_write
                0x00000000080069f4       0x3c zephyr/subsys/fs/libsubsys__fs.a(fs.c.obj)
                0x00000000080069f4                fs_write
 .text.fs_seek  0x0000000008006a30       0x3c zephyr/subsys/fs/libsubsys__fs.a(fs.c.obj)
                0x0000000008006a30                fs_seek
 .text.fs_truncate
                0x0000000008006a6c       0x3c zephyr/subsys/fs/libsubsys__fs.a(fs.c.obj)
                0x0000000008006a6c                fs_truncate
 .text.fs_opendir
                0x0000000008006aa8       0xd0 zephyr/subsys/fs/libsubsys__fs.a(fs.c.obj)
                0x0000000008006aa8                fs_opendir
 .text.fs_readdir
                0x0000000008006b78       0xf4 zephyr/subsys/fs/libsubsys__fs.a(fs.c.obj)
                0x0000000008006b78                fs_readdir
 .text.fs_closedir
                0x0000000008006c6c       0x44 zephyr/subsys/fs/libsubsys__fs.a(fs.c.obj)
                0x0000000008006c6c                fs_closedir
 .text.fs_mkdir
                0x0000000008006cb0       0x90 zephyr/subsys/fs/libsubsys__fs.a(fs.c.obj)
                0x0000000008006cb0                fs_mkdir
 .text.fs_unlink
                0x0000000008006d40       0x90 zephyr/subsys/fs/libsubsys__fs.a(fs.c.obj)
                0x0000000008006d40                fs_unlink
 .text.fs_stat  0x0000000008006dd0       0x8c zephyr/subsys/fs/libsubsys__fs.a(fs.c.obj)
                0x0000000008006dd0                fs_stat
 .text.fs_statvfs
                0x0000000008006e5c       0x88 zephyr/subsys/fs/libsubsys__fs.a(fs.c.obj)
                0x0000000008006e5c                fs_statvfs
 .text.fs_mount
                0x0000000008006ee4      0x194 zephyr/subsys/fs/libsubsys__fs.a(fs.c.obj)
                0x0000000008006ee4                fs_mount
 .text.fs_register
                0x0000000008007078       0x50 zephyr/subsys/fs/libsubsys__fs.a(fs.c.obj)
                0x0000000008007078                fs_register
 .text.fs_impl_strip_prefix
                0x00000000080070c8       0x18 zephyr/subsys/fs/libsubsys__fs.a(fs_impl.c.obj)
                0x00000000080070c8                fs_impl_strip_prefix
 .text.littlefs_init
                0x00000000080070e0        0xc zephyr/subsys/fs/libsubsys__fs.a(littlefs_fs.c.obj)
 .text.release_file_data
                0x00000000080070ec       0x28 zephyr/subsys/fs/libsubsys__fs.a(littlefs_fs.c.obj)
 .text.lfs_to_errno
                0x0000000008007114       0x1c zephyr/subsys/fs/libsubsys__fs.a(littlefs_fs.c.obj)
 .text.errno_to_lfs
                0x0000000008007130       0x20 zephyr/subsys/fs/libsubsys__fs.a(littlefs_fs.c.obj)
 .text.littlefs_open
                0x0000000008007150       0xac zephyr/subsys/fs/libsubsys__fs.a(littlefs_fs.c.obj)
 .text.littlefs_opendir
                0x00000000080071fc       0x68 zephyr/subsys/fs/libsubsys__fs.a(littlefs_fs.c.obj)
 .text.littlefs_closedir
                0x0000000008007264       0x38 zephyr/subsys/fs/libsubsys__fs.a(littlefs_fs.c.obj)
 .text.littlefs_unmount.part.0.isra.0
                0x000000000800729c       0x38 zephyr/subsys/fs/libsubsys__fs.a(littlefs_fs.c.obj)
 .text.littlefs_unmount
                0x00000000080072d4       0x4c zephyr/subsys/fs/libsubsys__fs.a(littlefs_fs.c.obj)
 .text.littlefs_mount
                0x0000000008007320      0x35c zephyr/subsys/fs/libsubsys__fs.a(littlefs_fs.c.obj)
 .text.cmd_pwd  0x000000000800767c       0x18 zephyr/subsys/fs/libsubsys__fs.a(shell.c.obj)
 .text.create_abs_path.constprop.0
                0x0000000008007694       0x74 zephyr/subsys/fs/libsubsys__fs.a(shell.c.obj)
 .text.cmd_cd   0x0000000008007708       0xa0 zephyr/subsys/fs/libsubsys__fs.a(shell.c.obj)
 .text.cmd_ls   0x00000000080077a8       0xac zephyr/subsys/fs/libsubsys__fs.a(shell.c.obj)
 .text.cmd_mkdir
                0x0000000008007854       0x2c zephyr/subsys/fs/libsubsys__fs.a(shell.c.obj)
 .text.cmd_read
                0x0000000008007880      0x1b8 zephyr/subsys/fs/libsubsys__fs.a(shell.c.obj)
 .text.cmd_cat  0x0000000008007a38       0xcc zephyr/subsys/fs/libsubsys__fs.a(shell.c.obj)
 .text.cmd_rm   0x0000000008007b04       0x30 zephyr/subsys/fs/libsubsys__fs.a(shell.c.obj)
 .text.cmd_cp   0x0000000008007b34       0xec zephyr/subsys/fs/libsubsys__fs.a(shell.c.obj)
 .text.cmd_statvfs
                0x0000000008007c20       0x50 zephyr/subsys/fs/libsubsys__fs.a(shell.c.obj)
 .text.cmd_trunc
                0x0000000008007c70       0x80 zephyr/subsys/fs/libsubsys__fs.a(shell.c.obj)
 .text.cmd_write
                0x0000000008007cf0      0x108 zephyr/subsys/fs/libsubsys__fs.a(shell.c.obj)
 .text.stm32_exti_isr
                0x0000000008007df8       0x4c zephyr/drivers/interrupt_controller/libdrivers__interrupt_controller.a(intc_exti_stm32.c.obj)
 .text.stm32_fill_irq_table
                0x0000000008007e44       0x18 zephyr/drivers/interrupt_controller/libdrivers__interrupt_controller.a(intc_exti_stm32.c.obj)
 .text.stm32_exti_init
                0x0000000008007e5c       0xb4 zephyr/drivers/interrupt_controller/libdrivers__interrupt_controller.a(intc_exti_stm32.c.obj)
 .text.stm32_gpio_intc_enable_line
                0x0000000008007f10       0x2c zephyr/drivers/interrupt_controller/libdrivers__interrupt_controller.a(intc_exti_stm32.c.obj)
                0x0000000008007f10                stm32_gpio_intc_enable_line
 .text.stm32_gpio_intc_disable_line
                0x0000000008007f3c       0x10 zephyr/drivers/interrupt_controller/libdrivers__interrupt_controller.a(intc_exti_stm32.c.obj)
                0x0000000008007f3c                stm32_gpio_intc_disable_line
 .text.stm32_gpio_intc_select_line_trigger
                0x0000000008007f4c       0x50 zephyr/drivers/interrupt_controller/libdrivers__interrupt_controller.a(intc_exti_stm32.c.obj)
                0x0000000008007f4c                stm32_gpio_intc_select_line_trigger
 .text.stm32_gpio_intc_set_irq_callback
                0x0000000008007f9c       0x40 zephyr/drivers/interrupt_controller/libdrivers__interrupt_controller.a(intc_exti_stm32.c.obj)
                0x0000000008007f9c                stm32_gpio_intc_set_irq_callback
 .text.stm32_gpio_intc_remove_irq_callback
                0x0000000008007fdc       0x24 zephyr/drivers/interrupt_controller/libdrivers__interrupt_controller.a(intc_exti_stm32.c.obj)
                0x0000000008007fdc                stm32_gpio_intc_remove_irq_callback
 .text.stm32_exti_get_line_src_port
                0x0000000008008000       0x34 zephyr/drivers/interrupt_controller/libdrivers__interrupt_controller.a(intc_exti_stm32.c.obj)
                0x0000000008008000                stm32_exti_get_line_src_port
 .text.adc_stm32_channel_setup
                0x0000000008008034      0x10c zephyr/drivers/adc/libdrivers__adc.a(adc_stm32.c.obj)
 .text.adc_stm32_isr_18
                0x0000000008008140       0xf0 zephyr/drivers/adc/libdrivers__adc.a(adc_stm32.c.obj)
 .text.adc_stm32_calibrate.isra.0
                0x0000000008008230       0x7c zephyr/drivers/adc/libdrivers__adc.a(adc_stm32.c.obj)
 .text.adc_stm32_init
                0x00000000080082ac       0xf8 zephyr/drivers/adc/libdrivers__adc.a(adc_stm32.c.obj)
 .text.adc_stm32_read
                0x00000000080083a4      0x300 zephyr/drivers/adc/libdrivers__adc.a(adc_stm32.c.obj)
 .text.LL_RCC_HSI_IsReady
                0x00000000080086a4       0x10 zephyr/drivers/clock_control/libdrivers__clock_control.a(clock_stm32_ll_common.c.obj)
 .text.stm32_clock_control_get_subsys_rate
                0x00000000080086b4       0xe0 zephyr/drivers/clock_control/libdrivers__clock_control.a(clock_stm32_ll_common.c.obj)
 .text.stm32_clock_control_init
                0x0000000008008794      0x180 zephyr/drivers/clock_control/libdrivers__clock_control.a(clock_stm32_ll_common.c.obj)
                0x0000000008008794                stm32_clock_control_init
 .text.get_pllsrc_frequency
                0x0000000008008914        0x8 zephyr/drivers/clock_control/libdrivers__clock_control.a(clock_stm32l4_l5_wb_wl.c.obj)
                0x0000000008008914                get_pllsrc_frequency
 .text.config_pll_sysclock
                0x000000000800891c       0x24 zephyr/drivers/clock_control/libdrivers__clock_control.a(clock_stm32l4_l5_wb_wl.c.obj)
                0x000000000800891c                config_pll_sysclock
 .text.config_enable_default_clocks
                0x0000000008008940       0x20 zephyr/drivers/clock_control/libdrivers__clock_control.a(clock_stm32l4_l5_wb_wl.c.obj)
                0x0000000008008940                config_enable_default_clocks
 .text.uart_console_init
                0x0000000008008960       0x28 zephyr/drivers/console/libdrivers__console.a(uart_console.c.obj)
 .text.console_out
                0x0000000008008988       0x28 zephyr/drivers/console/libdrivers__console.a(uart_console.c.obj)
 .text.dma_stm32_get_status
                0x00000000080089b0       0x44 zephyr/drivers/dma/libdrivers__dma.a(dma_stm32.c.obj)
 .text.dma_stm32_stop
                0x00000000080089f4       0x70 zephyr/drivers/dma/libdrivers__dma.a(dma_stm32.c.obj)
 .text.dma_stm32_reload
                0x0000000008008a64       0xf8 zephyr/drivers/dma/libdrivers__dma.a(dma_stm32.c.obj)
 .text.dma_stm32_init
                0x0000000008008b5c       0x90 zephyr/drivers/dma/libdrivers__dma.a(dma_stm32.c.obj)
 .text.dma_stm32_irq_handler
                0x0000000008008bec       0xc8 zephyr/drivers/dma/libdrivers__dma.a(dma_stm32.c.obj)
 .text.dma_stm32_configure
                0x0000000008008cb4      0x328 zephyr/drivers/dma/libdrivers__dma.a(dma_stm32.c.obj)
 .text.dma_stm32_id_to_stream
                0x0000000008008fdc        0xc zephyr/drivers/dma/libdrivers__dma.a(dma_stm32_v2.c.obj)
                0x0000000008008fdc                dma_stm32_id_to_stream
 .text.dma_stm32_clear_ht
                0x0000000008008fe8        0xc zephyr/drivers/dma/libdrivers__dma.a(dma_stm32_v2.c.obj)
                0x0000000008008fe8                dma_stm32_clear_ht
 .text.dma_stm32_clear_tc
                0x0000000008008ff4        0xc zephyr/drivers/dma/libdrivers__dma.a(dma_stm32_v2.c.obj)
                0x0000000008008ff4                dma_stm32_clear_tc
 .text.dma_stm32_is_ht_active
                0x0000000008009000       0x18 zephyr/drivers/dma/libdrivers__dma.a(dma_stm32_v2.c.obj)
                0x0000000008009000                dma_stm32_is_ht_active
 .text.dma_stm32_is_tc_active
                0x0000000008009018       0x18 zephyr/drivers/dma/libdrivers__dma.a(dma_stm32_v2.c.obj)
                0x0000000008009018                dma_stm32_is_tc_active
 .text.dma_stm32_clear_te
                0x0000000008009030        0xc zephyr/drivers/dma/libdrivers__dma.a(dma_stm32_v2.c.obj)
                0x0000000008009030                dma_stm32_clear_te
 .text.dma_stm32_is_te_active
                0x000000000800903c       0x18 zephyr/drivers/dma/libdrivers__dma.a(dma_stm32_v2.c.obj)
                0x000000000800903c                dma_stm32_is_te_active
 .text.dma_stm32_is_gi_active
                0x0000000008009054       0x18 zephyr/drivers/dma/libdrivers__dma.a(dma_stm32_v2.c.obj)
                0x0000000008009054                dma_stm32_is_gi_active
 .text.stm32_dma_dump_stream_irq
                0x000000000800906c       0x70 zephyr/drivers/dma/libdrivers__dma.a(dma_stm32_v2.c.obj)
                0x000000000800906c                stm32_dma_dump_stream_irq
 .text.stm32_dma_is_tc_irq_active
                0x00000000080090dc       0x2c zephyr/drivers/dma/libdrivers__dma.a(dma_stm32_v2.c.obj)
                0x00000000080090dc                stm32_dma_is_tc_irq_active
 .text.stm32_dma_is_ht_irq_active
                0x0000000008009108       0x2c zephyr/drivers/dma/libdrivers__dma.a(dma_stm32_v2.c.obj)
                0x0000000008009108                stm32_dma_is_ht_irq_active
 .text.stm32_dma_enable_stream
                0x0000000008009134       0x1c zephyr/drivers/dma/libdrivers__dma.a(dma_stm32_v2.c.obj)
                0x0000000008009134                stm32_dma_enable_stream
 .text.stm32_dma_is_enabled_stream
                0x0000000008009150       0x1c zephyr/drivers/dma/libdrivers__dma.a(dma_stm32_v2.c.obj)
                0x0000000008009150                stm32_dma_is_enabled_stream
 .text.stm32_dma_disable_stream
                0x000000000800916c       0x2c zephyr/drivers/dma/libdrivers__dma.a(dma_stm32_v2.c.obj)
                0x000000000800916c                stm32_dma_disable_stream
 .text.jesd216_bfp_decode_dw16
                0x0000000008009198       0x40 zephyr/drivers/flash/libdrivers__flash.a(jesd216.c.obj)
                0x0000000008009198                jesd216_bfp_decode_dw16
 .text.flash_stm32_qspi_get_parameters
                0x00000000080091d8        0x8 zephyr/drivers/flash/libdrivers__flash.a(flash_stm32_qspi.c.obj)
 .text.qspi_dma_callback
                0x00000000080091e0       0x28 zephyr/drivers/flash/libdrivers__flash.a(flash_stm32_qspi.c.obj)
 .text.qspi_send_cmd.isra.0
                0x0000000008009208       0x44 zephyr/drivers/flash/libdrivers__flash.a(flash_stm32_qspi.c.obj)
 .text.qspi_read_access.isra.0
                0x000000000800924c       0x64 zephyr/drivers/flash/libdrivers__flash.a(flash_stm32_qspi.c.obj)
 .text.flash_stm32_qspi_write
                0x00000000080092b0      0x13c zephyr/drivers/flash/libdrivers__flash.a(flash_stm32_qspi.c.obj)
 .text.flash_stm32_qspi_erase
                0x00000000080093ec      0x124 zephyr/drivers/flash/libdrivers__flash.a(flash_stm32_qspi.c.obj)
 .text.qspi_read_sfdp.isra.0
                0x0000000008009510       0xac zephyr/drivers/flash/libdrivers__flash.a(flash_stm32_qspi.c.obj)
 .text.flash_stm32_qspi_init
                0x00000000080095bc      0x694 zephyr/drivers/flash/libdrivers__flash.a(flash_stm32_qspi.c.obj)
 .text.flash_stm32_get_parameters
                0x0000000008009c50        0x8 zephyr/drivers/flash/libdrivers__flash.a(flash_stm32.c.obj)
 .text.flash_stm32_get_size
                0x0000000008009c58       0x18 zephyr/drivers/flash/libdrivers__flash.a(flash_stm32.c.obj)
 .text.flash_stm32_read.part.0
                0x0000000008009c70       0x28 zephyr/drivers/flash/libdrivers__flash.a(flash_stm32.c.obj)
 .text.stm32_flash_init
                0x0000000008009c98       0x74 zephyr/drivers/flash/libdrivers__flash.a(flash_stm32.c.obj)
 .text.flash_stm32_wait_flash_idle
                0x0000000008009d0c       0x74 zephyr/drivers/flash/libdrivers__flash.a(flash_stm32.c.obj)
                0x0000000008009d0c                flash_stm32_wait_flash_idle
 .text.flash_stm32_cr_lock
                0x0000000008009d80       0x44 zephyr/drivers/flash/libdrivers__flash.a(flash_stm32.c.obj)
                0x0000000008009d80                flash_stm32_cr_lock
 .text.flash_stm32_erase
                0x0000000008009dc4       0x9c zephyr/drivers/flash/libdrivers__flash.a(flash_stm32.c.obj)
 .text.flash_stm32_write
                0x0000000008009e60       0x88 zephyr/drivers/flash/libdrivers__flash.a(flash_stm32.c.obj)
 .text.flash_stm32_write_range
                0x0000000008009ee8       0xd0 zephyr/drivers/flash/libdrivers__flash.a(flash_stm32l4x.c.obj)
                0x0000000008009ee8                flash_stm32_write_range
 .text.flash_stm32_page_layout
                0x0000000008009fb8       0x38 zephyr/drivers/flash/libdrivers__flash.a(flash_stm32l4x.c.obj)
                0x0000000008009fb8                flash_stm32_page_layout
 .text.gpio_stm32_pin_interrupt_configure
                0x0000000008009ff0       0xb0 zephyr/drivers/gpio/libdrivers__gpio.a(gpio_stm32.c.obj)
 .text.gpio_stm32_init
                0x000000000800a0a0       0x44 zephyr/drivers/gpio/libdrivers__gpio.a(gpio_stm32.c.obj)
 .text.i2c_stm32_get_config.part.0
                0x000000000800a0e4       0x20 zephyr/drivers/i2c/libdrivers__i2c.a(i2c_ll_stm32.c.obj)
 .text.i2c_stm32_set_smbus_mode
                0x000000000800a104       0x5c zephyr/drivers/i2c/libdrivers__i2c.a(i2c_ll_stm32.c.obj)
                0x000000000800a104                i2c_stm32_set_smbus_mode
 .text.i2c_stm32_runtime_configure
                0x000000000800a160       0x90 zephyr/drivers/i2c/libdrivers__i2c.a(i2c_ll_stm32.c.obj)
                0x000000000800a160                i2c_stm32_runtime_configure
 .text.i2c_stm32_init
                0x000000000800a1f0       0xf4 zephyr/drivers/i2c/libdrivers__i2c.a(i2c_ll_stm32.c.obj)
 .text.i2c_stm32_activate
                0x000000000800a2e4       0x74 zephyr/drivers/i2c/libdrivers__i2c.a(i2c_ll_stm32_common.c.obj)
                0x000000000800a2e4                i2c_stm32_activate
 .text.msg_init
                0x000000000800a358       0x9c zephyr/drivers/i2c/libdrivers__i2c.a(i2c_ll_stm32_v2.c.obj)
 .text.i2c_stm32_configure_timing
                0x000000000800a3f4      0x170 zephyr/drivers/i2c/libdrivers__i2c.a(i2c_ll_stm32_v2.c.obj)
                0x000000000800a3f4                i2c_stm32_configure_timing
 .text.pinctrl_configure_pins
                0x000000000800a564       0x84 zephyr/drivers/pinctrl/libdrivers__pinctrl.a(pinctrl_stm32.c.obj)
                0x000000000800a564                pinctrl_configure_pins
 .text.hts221_channel_get
                0x000000000800a5e8       0x90 zephyr/drivers/sensor/st/hts221/libdrivers__sensor__st__hts221.a(hts221.c.obj)
 .text.hts221_sample_fetch
                0x000000000800a678       0x44 zephyr/drivers/sensor/st/hts221/libdrivers__sensor__st__hts221.a(hts221.c.obj)
 .text.hts221_init
                0x000000000800a6bc      0x12c zephyr/drivers/sensor/st/hts221/libdrivers__sensor__st__hts221.a(hts221.c.obj)
                0x000000000800a6bc                hts221_init
 .text.lis3mdl_init
                0x000000000800a7e8       0xc8 zephyr/drivers/sensor/st/lis3mdl/libdrivers__sensor__st__lis3mdl.a(lis3mdl.c.obj)
                0x000000000800a7e8                lis3mdl_init
 .text.lis3mdl_channel_get
                0x000000000800a8b0      0x138 zephyr/drivers/sensor/st/lis3mdl/libdrivers__sensor__st__lis3mdl.a(lis3mdl.c.obj)
 .text.lps22hb_channel_get
                0x000000000800a9e8       0x54 zephyr/drivers/sensor/st/lps22hb/libdrivers__sensor__st__lps22hb.a(lps22hb.c.obj)
 .text.lps22hb_init.part.0
                0x000000000800aa3c       0x20 zephyr/drivers/sensor/st/lps22hb/libdrivers__sensor__st__lps22hb.a(lps22hb.c.obj)
 .text.lsm6dsl_gyro_set_odr_raw
                0x000000000800aa5c       0x38 zephyr/drivers/sensor/st/lsm6dsl/libdrivers__sensor__st__lsm6dsl.a(lsm6dsl.c.obj)
 .text.lsm6dsl_attr_set.part.0
                0x000000000800aa94       0x24 zephyr/drivers/sensor/st/lsm6dsl/libdrivers__sensor__st__lsm6dsl.a(lsm6dsl.c.obj)
 .text.lsm6dsl_accel_set_odr_raw
                0x000000000800aab8       0x38 zephyr/drivers/sensor/st/lsm6dsl/libdrivers__sensor__st__lsm6dsl.a(lsm6dsl.c.obj)
 .text.lsm6dsl_init.part.0
                0x000000000800aaf0      0x108 zephyr/drivers/sensor/st/lsm6dsl/libdrivers__sensor__st__lsm6dsl.a(lsm6dsl.c.obj)
 .text.lsm6dsl_init
                0x000000000800abf8       0x34 zephyr/drivers/sensor/st/lsm6dsl/libdrivers__sensor__st__lsm6dsl.a(lsm6dsl.c.obj)
 .text.lsm6dsl_i2c_init
                0x000000000800ac2c       0x20 zephyr/drivers/sensor/st/lsm6dsl/libdrivers__sensor__st__lsm6dsl.a(lsm6dsl_i2c.c.obj)
                0x000000000800ac2c                lsm6dsl_i2c_init
 .text.lsm6dsl_trigger_set
                0x000000000800ac4c       0x8c zephyr/drivers/sensor/st/lsm6dsl/libdrivers__sensor__st__lsm6dsl.a(lsm6dsl_trigger.c.obj)
                0x000000000800ac4c                lsm6dsl_trigger_set
 .text.lsm6dsl_init_interrupt
                0x000000000800acd8       0xdc zephyr/drivers/sensor/st/lsm6dsl/libdrivers__sensor__st__lsm6dsl.a(lsm6dsl_trigger.c.obj)
                0x000000000800acd8                lsm6dsl_init_interrupt
 .text.stm32_temp_channel_get
                0x000000000800adb4       0xf0 zephyr/drivers/sensor/st/stm32_temp/libdrivers__sensor__st__stm32_temp.a(stm32_temp.c.obj)
 .text.stm32_temp_sample_fetch
                0x000000000800aea4       0x84 zephyr/drivers/sensor/st/stm32_temp/libdrivers__sensor__st__stm32_temp.a(stm32_temp.c.obj)
 .text.stm32_temp_init
                0x000000000800af28       0x88 zephyr/drivers/sensor/st/stm32_temp/libdrivers__sensor__st__stm32_temp.a(stm32_temp.c.obj)
 .text.stm32_vbat_sample_fetch
                0x000000000800afb0       0x7c zephyr/drivers/sensor/st/stm32_vbat/libdrivers__sensor__st__stm32_vbat.a(stm32_vbat.c.obj)
 .text.stm32_vbat_init
                0x000000000800b02c       0xa0 zephyr/drivers/sensor/st/stm32_vbat/libdrivers__sensor__st__stm32_vbat.a(stm32_vbat.c.obj)
 .text.stm32_vref_channel_get.part.0
                0x000000000800b0cc       0x20 zephyr/drivers/sensor/st/stm32_vref/libdrivers__sensor__st__stm32_vref.a(stm32_vref.c.obj)
 .text.stm32_vref_sample_fetch
                0x000000000800b0ec       0x84 zephyr/drivers/sensor/st/stm32_vref/libdrivers__sensor__st__stm32_vref.a(stm32_vref.c.obj)
 .text.stm32_vref_init
                0x000000000800b170       0x88 zephyr/drivers/sensor/st/stm32_vref/libdrivers__sensor__st__stm32_vref.a(stm32_vref.c.obj)
 .text.vl53l0x_channel_get
                0x000000000800b1f8       0x9c zephyr/drivers/sensor/st/vl53l0x/libdrivers__sensor__st__vl53l0x.a(vl53l0x.c.obj)
 .text.vl53l0x_init.part.0
                0x000000000800b294       0x4c zephyr/drivers/sensor/st/vl53l0x/libdrivers__sensor__st__vl53l0x.a(vl53l0x.c.obj)
 .text.vl53l0x_start
                0x000000000800b2e0      0x370 zephyr/drivers/sensor/st/vl53l0x/libdrivers__sensor__st__vl53l0x.a(vl53l0x.c.obj)
 .text.vl53l0x_sample_fetch
                0x000000000800b650       0x6c zephyr/drivers/sensor/st/vl53l0x/libdrivers__sensor__st__vl53l0x.a(vl53l0x.c.obj)
 .text.VL53L0X_WrByte.part.0
                0x000000000800b6bc       0x24 zephyr/drivers/sensor/st/vl53l0x/libdrivers__sensor__st__vl53l0x.a(vl53l0x_platform.c.obj)
 .text.VL53L0X_RdByte.part.0
                0x000000000800b6e0       0x24 zephyr/drivers/sensor/st/vl53l0x/libdrivers__sensor__st__vl53l0x.a(vl53l0x_platform.c.obj)
 .text.VL53L0X_WriteMulti
                0x000000000800b704       0x5c zephyr/drivers/sensor/st/vl53l0x/libdrivers__sensor__st__vl53l0x.a(vl53l0x_platform.c.obj)
                0x000000000800b704                VL53L0X_WriteMulti
 .text.VL53L0X_ReadMulti
                0x000000000800b760       0x44 zephyr/drivers/sensor/st/vl53l0x/libdrivers__sensor__st__vl53l0x.a(vl53l0x_platform.c.obj)
                0x000000000800b760                VL53L0X_ReadMulti
 .text.VL53L0X_WrWord
                0x000000000800b7a4       0x50 zephyr/drivers/sensor/st/vl53l0x/libdrivers__sensor__st__vl53l0x.a(vl53l0x_platform.c.obj)
                0x000000000800b7a4                VL53L0X_WrWord
 .text.VL53L0X_UpdateByte
                0x000000000800b7f4       0x54 zephyr/drivers/sensor/st/vl53l0x/libdrivers__sensor__st__vl53l0x.a(vl53l0x_platform.c.obj)
                0x000000000800b7f4                VL53L0X_UpdateByte
 .text.VL53L0X_RdWord
                0x000000000800b848       0x50 zephyr/drivers/sensor/st/vl53l0x/libdrivers__sensor__st__vl53l0x.a(vl53l0x_platform.c.obj)
                0x000000000800b848                VL53L0X_RdWord
 .text.VL53L0X_RdDWord
                0x000000000800b898       0x4c zephyr/drivers/sensor/st/vl53l0x/libdrivers__sensor__st__vl53l0x.a(vl53l0x_platform.c.obj)
                0x000000000800b898                VL53L0X_RdDWord
 .text.uart_stm32_irq_err_enable
                0x000000000800b8e4       0x60 zephyr/drivers/serial/libdrivers__serial.a(uart_stm32.c.obj)
 .text.uart_stm32_irq_err_disable
                0x000000000800b944       0x60 zephyr/drivers/serial/libdrivers__serial.a(uart_stm32.c.obj)
 .text.uart_stm32_set_baudrate.part.0
                0x000000000800b9a4       0x1c zephyr/drivers/serial/libdrivers__serial.a(uart_stm32.c.obj)
 .text.uart_stm32_parameters_set
                0x000000000800b9c0      0x138 zephyr/drivers/serial/libdrivers__serial.a(uart_stm32.c.obj)
 .text.uart_stm32_init
                0x000000000800baf8      0x200 zephyr/drivers/serial/libdrivers__serial.a(uart_stm32.c.obj)
 .text.uart_stm32_configure
                0x000000000800bcf8      0x14c zephyr/drivers/serial/libdrivers__serial.a(uart_stm32.c.obj)
 .text.elapsed  0x000000000800be44       0x4c zephyr/drivers/timer/libdrivers__timer.a(cortex_m_systick.c.obj)
 .text.sys_clock_driver_init
                0x000000000800be90       0x38 zephyr/drivers/timer/libdrivers__timer.a(cortex_m_systick.c.obj)
 .text.sys_clock_isr
                0x000000000800bec8       0x60 zephyr/drivers/timer/libdrivers__timer.a(cortex_m_systick.c.obj)
                0x000000000800bec8                sys_clock_isr
 .text.sys_clock_set_timeout
                0x000000000800bf28       0xf8 zephyr/drivers/timer/libdrivers__timer.a(cortex_m_systick.c.obj)
                0x000000000800bf28                sys_clock_set_timeout
 .text.sys_clock_elapsed
                0x000000000800c020       0x3c zephyr/drivers/timer/libdrivers__timer.a(cortex_m_systick.c.obj)
                0x000000000800c020                sys_clock_elapsed
 .text.sys_clock_cycle_get_32
                0x000000000800c05c       0x28 zephyr/drivers/timer/libdrivers__timer.a(cortex_m_systick.c.obj)
                0x000000000800c05c                sys_clock_cycle_get_32
 .text.VL53L0X_SetDeviceMode
                0x000000000800c084       0x1c modules/hal_st/lib..__modules__hal__st.a(vl53l0x_api.c.obj)
                0x000000000800c084                VL53L0X_SetDeviceMode
 .text.VL53L0X_DataInit
                0x000000000800c0a0      0x170 modules/hal_st/lib..__modules__hal__st.a(vl53l0x_api.c.obj)
                0x000000000800c0a0                VL53L0X_DataInit
 .text.VL53L0X_GetInterruptThresholds
                0x000000000800c210       0x40 modules/hal_st/lib..__modules__hal__st.a(vl53l0x_api.c.obj)
                0x000000000800c210                VL53L0X_GetInterruptThresholds
 .text.VL53L0X_CheckAndLoadInterruptSettings
                0x000000000800c250       0x84 modules/hal_st/lib..__modules__hal__st.a(vl53l0x_api.c.obj)
                0x000000000800c250                VL53L0X_CheckAndLoadInterruptSettings
 .text.VL53L0X_StaticInit
                0x000000000800c2d4      0x1a8 modules/hal_st/lib..__modules__hal__st.a(vl53l0x_api.c.obj)
                0x000000000800c2d4                VL53L0X_StaticInit
 .text.is_aperture
                0x000000000800c47c       0x14 modules/hal_st/lib..__modules__hal__st.a(vl53l0x_api_calibration.c.obj)
                0x000000000800c47c                is_aperture
 .text.VL53L0X_calc_timeout_mclks
                0x000000000800c490       0x28 modules/hal_st/lib..__modules__hal__st.a(vl53l0x_api_core.c.obj)
                0x000000000800c490                VL53L0X_calc_timeout_mclks
 .text.VL53L0X_calc_timeout_us
                0x000000000800c4b8       0x20 modules/hal_st/lib..__modules__hal__st.a(vl53l0x_api_core.c.obj)
                0x000000000800c4b8                VL53L0X_calc_timeout_us
 .text.VL53L0X_calc_dmax
                0x000000000800c4d8       0xdc modules/hal_st/lib..__modules__hal__st.a(vl53l0x_api_core.c.obj)
                0x000000000800c4d8                VL53L0X_calc_dmax
 .text.VL53L0X_calc_sigma_estimate
                0x000000000800c5b4      0x218 modules/hal_st/lib..__modules__hal__st.a(vl53l0x_api_core.c.obj)
                0x000000000800c5b4                VL53L0X_calc_sigma_estimate
 .text.VL53L0X_check_part_used
                0x000000000800c7cc       0x38 modules/hal_st/lib..__modules__hal__st.a(vl53l0x_api_strings.c.obj)
                0x000000000800c7cc                VL53L0X_check_part_used
 .text.VL53L0X_get_device_info
                0x000000000800c804       0x84 modules/hal_st/lib..__modules__hal__st.a(vl53l0x_api_strings.c.obj)
                0x000000000800c804                VL53L0X_get_device_info
 .text.HAL_RCC_GetSysClockFreq
                0x000000000800c888       0x9c modules/hal_stm32/stm32cube/lib..__modules__hal__stm32__stm32cube.a(stm32l4xx_hal_rcc.c.obj)
                0x000000000800c888                HAL_RCC_GetSysClockFreq
 .text.HAL_DMA_Init
                0x000000000800c924       0xe4 modules/hal_stm32/stm32cube/lib..__modules__hal__stm32__stm32cube.a(stm32l4xx_hal_dma.c.obj)
                0x000000000800c924                HAL_DMA_Init
 .text.HAL_QSPI_Init
                0x000000000800ca08       0xa0 modules/hal_stm32/stm32cube/lib..__modules__hal__stm32__stm32cube.a(stm32l4xx_hal_qspi.c.obj)
                0x000000000800ca08                HAL_QSPI_Init
 .text.HAL_QSPI_Transmit_DMA
                0x000000000800caa8      0x114 modules/hal_stm32/stm32cube/lib..__modules__hal__stm32__stm32cube.a(stm32l4xx_hal_qspi.c.obj)
                0x000000000800caa8                HAL_QSPI_Transmit_DMA
 .text.HAL_QSPI_Receive_DMA
                0x000000000800cbbc      0x120 modules/hal_stm32/stm32cube/lib..__modules__hal__stm32__stm32cube.a(stm32l4xx_hal_qspi.c.obj)
                0x000000000800cbbc                HAL_QSPI_Receive_DMA
 .text.HAL_QSPI_Abort_IT
                0x000000000800ccdc       0x7c modules/hal_stm32/stm32cube/lib..__modules__hal__stm32__stm32cube.a(stm32l4xx_hal_qspi.c.obj)
                0x000000000800ccdc                HAL_QSPI_Abort_IT
 .text.HAL_QSPI_IRQHandler
                0x000000000800cd58      0x1fc modules/hal_stm32/stm32cube/lib..__modules__hal__stm32__stm32cube.a(stm32l4xx_hal_qspi.c.obj)
                0x000000000800cd58                HAL_QSPI_IRQHandler
 .text.LL_DMA_Init
                0x000000000800cf54       0x58 modules/hal_stm32/stm32cube/lib..__modules__hal__stm32__stm32cube.a(stm32l4xx_ll_dma.c.obj)
                0x000000000800cf54                LL_DMA_Init
 .text.LL_SetFlashLatency
                0x000000000800cfac       0xa8 modules/hal_stm32/stm32cube/lib..__modules__hal__stm32__stm32cube.a(stm32l4xx_ll_utils.c.obj)
                0x000000000800cfac                LL_SetFlashLatency
 .text.lfs_dir_traverse_filter
                0x000000000800d054       0x70 modules/littlefs/libmodules__littlefs.a(lfs.c.obj)
 .text.lfs_dir_getslice
                0x000000000800d0c4      0x124 modules/littlefs/libmodules__littlefs.a(lfs.c.obj)
 .text.lfs_dir_getgstate
                0x000000000800d1e8       0x34 modules/littlefs/libmodules__littlefs.a(lfs.c.obj)
 .text.lfs_path_islast
                0x000000000800d21c       0x28 modules/littlefs/libmodules__littlefs.a(lfs.c.obj)
 .text.lfs_dir_getinfo
                0x000000000800d244       0x90 modules/littlefs/libmodules__littlefs.a(lfs.c.obj)
 .text.lfs_dir_traverse.constprop.0
                0x000000000800d2d4      0x298 modules/littlefs/libmodules__littlefs.a(lfs.c.obj)
 .text.lfs_dir_getread.constprop.0
                0x000000000800d56c       0xc4 modules/littlefs/libmodules__littlefs.a(lfs.c.obj)
 .text.lfs_dir_fetchmatch
                0x000000000800d630      0x480 modules/littlefs/libmodules__littlefs.a(lfs.c.obj)
 .text.lfs_dir_find
                0x000000000800dab0      0x154 modules/littlefs/libmodules__littlefs.a(lfs.c.obj)
 .text.lfs_tortoise_detectcycles.part.0
                0x000000000800dc04       0x50 modules/littlefs/libmodules__littlefs.a(lfs.c.obj)
 .text.lfs_fs_parent
                0x000000000800dc54       0x8c modules/littlefs/libmodules__littlefs.a(lfs.c.obj)
 .text.lfs_fs_pred
                0x000000000800dce0       0x64 modules/littlefs/libmodules__littlefs.a(lfs.c.obj)
 .text.lfs_file_flushedread
                0x000000000800dd44       0xd8 modules/littlefs/libmodules__littlefs.a(lfs.c.obj)
 .text.lfs_fs_traverse_
                0x000000000800de1c      0x158 modules/littlefs/libmodules__littlefs.a(lfs.c.obj)
 .text.lfs_alloc_scan
                0x000000000800df74       0x50 modules/littlefs/libmodules__littlefs.a(lfs.c.obj)
 .text.lfs_alloc
                0x000000000800dfc4       0xd4 modules/littlefs/libmodules__littlefs.a(lfs.c.obj)
 .text.lfs_fs_size_
                0x000000000800e098       0x1c modules/littlefs/libmodules__littlefs.a(lfs.c.obj)
 .text.lfs_file_relocate
                0x000000000800e0b4       0xe8 modules/littlefs/libmodules__littlefs.a(lfs.c.obj)
 .text.lfs_dir_commitcrc
                0x000000000800e19c      0x1e8 modules/littlefs/libmodules__littlefs.a(lfs.c.obj)
 .text.lfs_dir_compact
                0x000000000800e384      0x250 modules/littlefs/libmodules__littlefs.a(lfs.c.obj)
 .text.lfs_dir_relocatingcommit
                0x000000000800e5d4      0x494 modules/littlefs/libmodules__littlefs.a(lfs.c.obj)
 .text.lfs_dir_orphaningcommit
                0x000000000800ea68      0x308 modules/littlefs/libmodules__littlefs.a(lfs.c.obj)
 .text.lfs_fs_deorphan
                0x000000000800ed70      0x180 modules/littlefs/libmodules__littlefs.a(lfs.c.obj)
 .text.lfs_dir_drop
                0x000000000800eef0       0x3c modules/littlefs/libmodules__littlefs.a(lfs.c.obj)
 .text.lfs_fs_forceconsistency
                0x000000000800ef2c       0xb8 modules/littlefs/libmodules__littlefs.a(lfs.c.obj)
 .text.lfs_file_opencfg_
                0x000000000800efe4      0x248 modules/littlefs/libmodules__littlefs.a(lfs.c.obj)
 .text.lfs_format
                0x000000000800f22c       0xc8 modules/littlefs/libmodules__littlefs.a(lfs.c.obj)
                0x000000000800f22c                lfs_format
 .text.lfs_mount
                0x000000000800f2f4      0x2bc modules/littlefs/libmodules__littlefs.a(lfs.c.obj)
                0x000000000800f2f4                lfs_mount
 .text.lfs_remove
                0x000000000800f5b0       0xe0 modules/littlefs/libmodules__littlefs.a(lfs.c.obj)
                0x000000000800f5b0                lfs_remove
 .text.lfs_rename
                0x000000000800f690      0x27c modules/littlefs/libmodules__littlefs.a(lfs.c.obj)
                0x000000000800f690                lfs_rename
 .text.lfs_mkdir
                0x000000000800f90c      0x160 modules/littlefs/libmodules__littlefs.a(lfs.c.obj)
                0x000000000800f90c                lfs_mkdir
 .text.lfs_dir_open
                0x000000000800fa6c       0x84 modules/littlefs/libmodules__littlefs.a(lfs.c.obj)
                0x000000000800fa6c                lfs_dir_open
 .text.lfs_dir_read
                0x000000000800faf0       0x94 modules/littlefs/libmodules__littlefs.a(lfs.c.obj)
                0x000000000800faf0                lfs_dir_read
 .text.lfs_crc  0x000000000800fb84       0x38 modules/littlefs/libmodules__littlefs.a(zephyr_lfs_crc.c.obj)
                0x000000000800fb84                lfs_crc
 .text.z_device_get_all_static
                0x000000000800fbbc       0x18 zephyr/kernel/libkernel.a(device.c.obj)
                0x000000000800fbbc                z_device_get_all_static
 .text.k_sys_fatal_error_handler
                0x000000000800fbd4       0x28 zephyr/kernel/libkernel.a(fatal.c.obj)
                0x000000000800fbd4                k_sys_fatal_error_handler
 .text.z_fatal_error
                0x000000000800fbfc      0x110 zephyr/kernel/libkernel.a(fatal.c.obj)
                0x000000000800fbfc                z_fatal_error
 .text.z_sys_init_run_level
                0x000000000800fd0c       0x30 zephyr/kernel/libkernel.a(init.c.obj)
 .text.bg_thread_main
                0x000000000800fd3c       0xc0 zephyr/kernel/libkernel.a(init.c.obj)
 .text.z_bss_zero
                0x000000000800fdfc       0x18 zephyr/kernel/libkernel.a(init.c.obj)
                0x000000000800fdfc                z_bss_zero
 .text.z_init_cpu
                0x000000000800fe14       0x78 zephyr/kernel/libkernel.a(init.c.obj)
                0x000000000800fe14                z_init_cpu
 .text.z_cstart
                0x000000000800fe8c       0xd4 zephyr/kernel/libkernel.a(init.c.obj)
                0x000000000800fe8c                z_cstart
 .text.statics_init
                0x000000000800ff60       0x24 zephyr/kernel/libkernel.a(kheap.c.obj)
 .text.k_heap_alloc
                0x000000000800ff84       0x1c zephyr/kernel/libkernel.a(kheap.c.obj)
                0x000000000800ff84                k_heap_alloc
 .text.init_mem_slab_obj_core_list
                0x000000000800ffa0       0x24 zephyr/kernel/libkernel.a(mem_slab.c.obj)
 .text.k_mem_slab_alloc
                0x000000000800ffc4       0x5c zephyr/kernel/libkernel.a(mem_slab.c.obj)
                0x000000000800ffc4                k_mem_slab_alloc
 .text.z_impl_k_mutex_lock
                0x0000000008010020       0xf0 zephyr/kernel/libkernel.a(mutex.c.obj)
                0x0000000008010020                z_impl_k_mutex_lock
 .text.z_impl_k_mutex_unlock
                0x0000000008010110       0xa0 zephyr/kernel/libkernel.a(mutex.c.obj)
                0x0000000008010110                z_impl_k_mutex_unlock
 .text.z_impl_k_sem_give
                0x00000000080101b0       0x74 zephyr/kernel/libkernel.a(sem.c.obj)
                0x00000000080101b0                z_impl_k_sem_give
 .text.z_impl_k_sem_take
                0x0000000008010224       0x4c zephyr/kernel/libkernel.a(sem.c.obj)
                0x0000000008010224                z_impl_k_sem_take
 .text.work_queue_main
                0x0000000008010270      0x14c zephyr/kernel/libkernel.a(work.c.obj)
 .text.submit_to_queue_locked
                0x00000000080103bc       0xb8 zephyr/kernel/libkernel.a(work.c.obj)
 .text.k_work_submit
                0x0000000008010474        0xc zephyr/kernel/libkernel.a(work.c.obj)
                0x0000000008010474                k_work_submit
 .text.k_work_queue_start
                0x0000000008010480       0x80 zephyr/kernel/libkernel.a(work.c.obj)
                0x0000000008010480                k_work_queue_start
 .text.z_impl_k_thread_name_set
                0x0000000008010500       0x20 zephyr/kernel/libkernel.a(thread.c.obj)
                0x0000000008010500                z_impl_k_thread_name_set
 .text.k_thread_state_str
                0x0000000008010520       0x84 zephyr/kernel/libkernel.a(thread.c.obj)
                0x0000000008010520                k_thread_state_str
 .text.z_setup_new_thread
                0x00000000080105a4       0xf8 zephyr/kernel/libkernel.a(thread.c.obj)
                0x00000000080105a4                z_setup_new_thread
 .text.z_impl_k_thread_create
                0x000000000801069c       0x58 zephyr/kernel/libkernel.a(thread.c.obj)
                0x000000000801069c                z_impl_k_thread_create
 .text.z_dummy_thread_init
                0x00000000080106f4       0x1c zephyr/kernel/libkernel.a(thread.c.obj)
                0x00000000080106f4                z_dummy_thread_init
 .text.z_swap_irqlock
                0x0000000008010710       0x34 zephyr/kernel/libkernel.a(sched.c.obj)
 .text.ready_thread
                0x0000000008010744       0x84 zephyr/kernel/libkernel.a(sched.c.obj)
 .text.unready_thread
                0x00000000080107c8       0x54 zephyr/kernel/libkernel.a(sched.c.obj)
 .text.add_thread_timeout
                0x000000000801081c       0x1c zephyr/kernel/libkernel.a(sched.c.obj)
 .text.move_thread_to_end_of_prio_q
                0x0000000008010838       0x90 zephyr/kernel/libkernel.a(sched.c.obj)
                0x0000000008010838                move_thread_to_end_of_prio_q
 .text.z_impl_k_thread_suspend
                0x00000000080108c8       0xf0 zephyr/kernel/libkernel.a(sched.c.obj)
                0x00000000080108c8                z_impl_k_thread_suspend
 .text.z_pend_curr
                0x00000000080109b8       0x44 zephyr/kernel/libkernel.a(sched.c.obj)
                0x00000000080109b8                z_pend_curr
 .text.z_thread_prio_set
                0x00000000080109fc       0xe4 zephyr/kernel/libkernel.a(sched.c.obj)
                0x00000000080109fc                z_thread_prio_set
 .text.z_reschedule
                0x0000000008010ae0       0x24 zephyr/kernel/libkernel.a(sched.c.obj)
                0x0000000008010ae0                z_reschedule
 .text.z_impl_k_thread_resume
                0x0000000008010b04       0x3c zephyr/kernel/libkernel.a(sched.c.obj)
                0x0000000008010b04                z_impl_k_thread_resume
 .text.z_reschedule_irqlock
                0x0000000008010b40       0x28 zephyr/kernel/libkernel.a(sched.c.obj)
                0x0000000008010b40                z_reschedule_irqlock
 .text.k_sched_lock
                0x0000000008010b68       0x28 zephyr/kernel/libkernel.a(sched.c.obj)
                0x0000000008010b68                k_sched_lock
 .text.k_sched_unlock
                0x0000000008010b90       0x68 zephyr/kernel/libkernel.a(sched.c.obj)
                0x0000000008010b90                k_sched_unlock
 .text.z_sched_init
                0x0000000008010bf8       0x10 zephyr/kernel/libkernel.a(sched.c.obj)
                0x0000000008010bf8                z_sched_init
 .text.z_impl_k_yield
                0x0000000008010c08       0x88 zephyr/kernel/libkernel.a(sched.c.obj)
                0x0000000008010c08                z_impl_k_yield
 .text.z_tick_sleep
                0x0000000008010c90       0x78 zephyr/kernel/libkernel.a(sched.c.obj)
 .text.z_impl_k_wakeup
                0x0000000008010d08       0x48 zephyr/kernel/libkernel.a(sched.c.obj)
                0x0000000008010d08                z_impl_k_wakeup
 .text.z_impl_k_sched_current_thread_query
                0x0000000008010d50        0xc zephyr/kernel/libkernel.a(sched.c.obj)
                0x0000000008010d50                z_impl_k_sched_current_thread_query
 .text.z_thread_abort
                0x0000000008010d5c      0x140 zephyr/kernel/libkernel.a(sched.c.obj)
                0x0000000008010d5c                z_thread_abort
 .text.z_sched_wait
                0x0000000008010e9c       0x24 zephyr/kernel/libkernel.a(sched.c.obj)
                0x0000000008010e9c                z_sched_wait
 .text.slice_timeout
                0x0000000008010ec0       0x20 zephyr/kernel/libkernel.a(timeslicing.c.obj)
 .text.thread_is_sliceable
                0x0000000008010ee0       0x3c zephyr/kernel/libkernel.a(timeslicing.c.obj)
                0x0000000008010ee0                thread_is_sliceable
 .text.z_reset_time_slice
                0x0000000008010f1c       0x50 zephyr/kernel/libkernel.a(timeslicing.c.obj)
                0x0000000008010f1c                z_reset_time_slice
 .text.z_time_slice
                0x0000000008010f6c       0x60 zephyr/kernel/libkernel.a(timeslicing.c.obj)
                0x0000000008010f6c                z_time_slice
 .text.z_thread_monitor_exit
                0x0000000008010fcc       0x3c zephyr/kernel/libkernel.a(thread_monitor.c.obj)
                0x0000000008010fcc                z_thread_monitor_exit
 .text.k_thread_foreach
                0x0000000008011008       0x34 zephyr/kernel/libkernel.a(thread_monitor.c.obj)
                0x0000000008011008                k_thread_foreach
 .text.k_thread_foreach_unlocked
                0x000000000801103c       0x48 zephyr/kernel/libkernel.a(thread_monitor.c.obj)
                0x000000000801103c                k_thread_foreach_unlocked
 .text.z_data_copy
                0x0000000008011084       0x38 zephyr/kernel/libkernel.a(xip.c.obj)
                0x0000000008011084                z_data_copy
 .text.first    0x00000000080110bc       0x10 zephyr/kernel/libkernel.a(timeout.c.obj)
 .text.elapsed  0x00000000080110cc       0x14 zephyr/kernel/libkernel.a(timeout.c.obj)
 .text.remove_timeout
                0x00000000080110e0       0x38 zephyr/kernel/libkernel.a(timeout.c.obj)
 .text.z_add_timeout
                0x0000000008011118      0x120 zephyr/kernel/libkernel.a(timeout.c.obj)
                0x0000000008011118                z_add_timeout
 .text.sys_clock_announce
                0x0000000008011238       0xc0 zephyr/kernel/libkernel.a(timeout.c.obj)
                0x0000000008011238                sys_clock_announce
 .text.sys_clock_tick_get
                0x00000000080112f8       0x30 zephyr/kernel/libkernel.a(timeout.c.obj)
                0x00000000080112f8                sys_clock_tick_get
 .text.z_timer_expiration_handler
                0x0000000008011328      0x110 zephyr/kernel/libkernel.a(timer.c.obj)
                0x0000000008011328                z_timer_expiration_handler
 .text.z_impl_k_timer_start
                0x0000000008011438       0x70 zephyr/kernel/libkernel.a(timer.c.obj)
                0x0000000008011438                z_impl_k_timer_start
 .text.clear_event_registrations
                0x00000000080114a8       0x60 zephyr/kernel/libkernel.a(poll.c.obj)
 .text.z_impl_k_poll
                0x0000000008011508       0xb0 zephyr/kernel/libkernel.a(poll.c.obj)
                0x0000000008011508                z_impl_k_poll
 .text.z_impl_k_poll_signal_raise
                0x00000000080115b8       0x50 zephyr/kernel/libkernel.a(poll.c.obj)
                0x00000000080115b8                z_impl_k_poll_signal_raise
 .text.boot_banner
                0x0000000008011608        0xc zephyr/kernel/libkernel.a(banner.c.obj)
                0x0000000008011608                boot_banner
 .text.k_sys_work_q_init
                0x0000000008011614       0x2c zephyr/kernel/libkernel.a(system_work_q.c.obj)
 .text.snprintf
                0x0000000008011640       0x54 /home/dharm/zephyr-sdk-0.17.2/arm-zephyr-eabi/bin/../lib/gcc/../../picolibc/arm-zephyr-eabi/lib/thumb/v7e-m/nofp/libc.a(libc_tinystdio_snprintf.c.o)
                0x0000000008011640                snprintf
 .text.strtol   0x0000000008011694       0xec /home/dharm/zephyr-sdk-0.17.2/arm-zephyr-eabi/bin/../lib/gcc/../../picolibc/arm-zephyr-eabi/lib/thumb/v7e-m/nofp/libc.a(libc_tinystdio_strtol.c.o)
                0x0000000008011694                strtol
 .text.strtoul  0x0000000008011780       0xcc /home/dharm/zephyr-sdk-0.17.2/arm-zephyr-eabi/bin/../lib/gcc/../../picolibc/arm-zephyr-eabi/lib/thumb/v7e-m/nofp/libc.a(libc_tinystdio_strtoul.c.o)
                0x0000000008011780                strtoul
 .text.skip_to_arg
                0x000000000801184c      0x138 /home/dharm/zephyr-sdk-0.17.2/arm-zephyr-eabi/bin/../lib/gcc/../../picolibc/arm-zephyr-eabi/lib/thumb/v7e-m/nofp/libc.a(libc_tinystdio_vfprintf.c.o)
 .text.vfprintf
                0x0000000008011984      0x9c4 /home/dharm/zephyr-sdk-0.17.2/arm-zephyr-eabi/bin/../lib/gcc/../../picolibc/arm-zephyr-eabi/lib/thumb/v7e-m/nofp/libc.a(libc_tinystdio_vfprintf.c.o)
                0x0000000008011984                __d_vfprintf
 .text.div10    0x0000000008012348       0x28 /home/dharm/zephyr-sdk-0.17.2/arm-zephyr-eabi/bin/../lib/gcc/../../picolibc/arm-zephyr-eabi/lib/thumb/v7e-m/nofp/libc.a(libc_tinystdio_dtoa_ryu.c.o)
 .text.__dtoa_engine
                0x0000000008012370      0x49c /home/dharm/zephyr-sdk-0.17.2/arm-zephyr-eabi/bin/../lib/gcc/../../picolibc/arm-zephyr-eabi/lib/thumb/v7e-m/nofp/libc.a(libc_tinystdio_dtoa_ryu.c.o)
                0x0000000008012370                __dtoa_engine
 .text.__log10Pow2
                0x000000000801280c        0xc /home/dharm/zephyr-sdk-0.17.2/arm-zephyr-eabi/bin/../lib/gcc/../../picolibc/arm-zephyr-eabi/lib/thumb/v7e-m/nofp/libc.a(libc_tinystdio_ryu_log10.c.o)
                0x000000000801280c                __log10Pow2
 .text.__log10Pow5
                0x0000000008012818        0xc /home/dharm/zephyr-sdk-0.17.2/arm-zephyr-eabi/bin/../lib/gcc/../../picolibc/arm-zephyr-eabi/lib/thumb/v7e-m/nofp/libc.a(libc_tinystdio_ryu_log10.c.o)
                0x0000000008012818                __log10Pow5
 .text.__pow5bits
                0x0000000008012824       0x10 /home/dharm/zephyr-sdk-0.17.2/arm-zephyr-eabi/bin/../lib/gcc/../../picolibc/arm-zephyr-eabi/lib/thumb/v7e-m/nofp/libc.a(libc_tinystdio_ryu_pow5bits.c.o)
                0x0000000008012824                __pow5bits
 .text.__pow5Factor
                0x0000000008012834       0x30 /home/dharm/zephyr-sdk-0.17.2/arm-zephyr-eabi/bin/../lib/gcc/../../picolibc/arm-zephyr-eabi/lib/thumb/v7e-m/nofp/libc.a(libc_tinystdio_ryu_table.c.o)
                0x0000000008012834                __pow5Factor
 .text.__double_computePow5
                0x0000000008012864       0xe8 /home/dharm/zephyr-sdk-0.17.2/arm-zephyr-eabi/bin/../lib/gcc/../../picolibc/arm-zephyr-eabi/lib/thumb/v7e-m/nofp/libc.a(libc_tinystdio_ryu_table.c.o)
                0x0000000008012864                __double_computePow5
 .text.__double_computeInvPow5
                0x000000000801294c       0xf8 /home/dharm/zephyr-sdk-0.17.2/arm-zephyr-eabi/bin/../lib/gcc/../../picolibc/arm-zephyr-eabi/lib/thumb/v7e-m/nofp/libc.a(libc_tinystdio_ryu_table.c.o)
                0x000000000801294c                __double_computeInvPow5
 .text._OffsetAbsSyms
                0x0000000008012a44        0x2 zephyr/CMakeFiles/offsets.dir/./arch/arm/core/offsets/offsets.c.obj
                0x0000000008012a44                _OffsetAbsSyms
 .text.chunk_size
                0x0000000008012a46        0xa zephyr/libzephyr.a(heap.c.obj)
 .text.free_list_add
                0x0000000008012a50       0x4e zephyr/libzephyr.a(heap.c.obj)
 .text.free_list_remove_bidx
                0x0000000008012a9e       0x3a zephyr/libzephyr.a(heap.c.obj)
 .text.free_list_remove
                0x0000000008012ad8       0x1a zephyr/libzephyr.a(heap.c.obj)
 .text.alloc_chunk
                0x0000000008012af2       0x6e zephyr/libzephyr.a(heap.c.obj)
 .text.merge_chunks
                0x0000000008012b60       0x2c zephyr/libzephyr.a(heap.c.obj)
 .text.split_chunks
                0x0000000008012b8c       0x34 zephyr/libzephyr.a(heap.c.obj)
 .text.free_chunk
                0x0000000008012bc0       0x62 zephyr/libzephyr.a(heap.c.obj)
 .text.sys_heap_free
                0x0000000008012c22       0x1e zephyr/libzephyr.a(heap.c.obj)
                0x0000000008012c22                sys_heap_free
 .text.sys_heap_alloc
                0x0000000008012c40       0x5a zephyr/libzephyr.a(heap.c.obj)
                0x0000000008012c40                sys_heap_alloc
 .text.sys_heap_noalign_alloc
                0x0000000008012c9a        0x6 zephyr/libzephyr.a(heap.c.obj)
                0x0000000008012c9a                sys_heap_noalign_alloc
 .text.sys_heap_aligned_alloc
                0x0000000008012ca0       0xde zephyr/libzephyr.a(heap.c.obj)
                0x0000000008012ca0                sys_heap_aligned_alloc
 .text.sys_heap_init
                0x0000000008012d7e       0x7a zephyr/libzephyr.a(heap.c.obj)
                0x0000000008012d7e                sys_heap_init
 .text.cbpprintf_external
                0x0000000008012df8       0x62 zephyr/libzephyr.a(cbprintf_packaged.c.obj)
                0x0000000008012df8                cbpprintf_external
 .text.is_ptr   0x0000000008012e5a       0x4a zephyr/libzephyr.a(cbprintf_packaged.c.obj)
                0x0000000008012e5a                is_ptr
 .text.arch_printk_char_out
                0x0000000008012ea4        0x4 zephyr/libzephyr.a(printk.c.obj)
                0x0000000008012ea4                arch_printk_char_out
 .text.printk   0x0000000008012ea8       0x1a zephyr/libzephyr.a(printk.c.obj)
                0x0000000008012ea8                printk
 .text.free_space
                0x0000000008012ec2       0x26 zephyr/libzephyr.a(mpsc_pbuf.c.obj)
 .text.get_usage
                0x0000000008012ee8       0x22 zephyr/libzephyr.a(mpsc_pbuf.c.obj)
 .text.idx_inc  0x0000000008012f0a       0x1c zephyr/libzephyr.a(mpsc_pbuf.c.obj)
 .text.rd_idx_inc
                0x0000000008012f26       0x18 zephyr/libzephyr.a(mpsc_pbuf.c.obj)
 .text.add_skip_item
                0x0000000008012f3e       0x3a zephyr/libzephyr.a(mpsc_pbuf.c.obj)
 .text.drop_item_locked
                0x0000000008012f78      0x100 zephyr/libzephyr.a(mpsc_pbuf.c.obj)
 .text.post_drop_action
                0x0000000008013078       0x36 zephyr/libzephyr.a(mpsc_pbuf.c.obj)
 .text.max_utilization_update
                0x00000000080130ae       0x1a zephyr/libzephyr.a(mpsc_pbuf.c.obj)
 .text.mpsc_pbuf_init
                0x00000000080130c8       0x42 zephyr/libzephyr.a(mpsc_pbuf.c.obj)
                0x00000000080130c8                mpsc_pbuf_init
 .text.mpsc_pbuf_alloc
                0x000000000801310a       0xfe zephyr/libzephyr.a(mpsc_pbuf.c.obj)
                0x000000000801310a                mpsc_pbuf_alloc
 .text.mpsc_pbuf_commit
                0x0000000008013208       0x3e zephyr/libzephyr.a(mpsc_pbuf.c.obj)
                0x0000000008013208                mpsc_pbuf_commit
 .text.mpsc_pbuf_claim
                0x0000000008013246       0xa8 zephyr/libzephyr.a(mpsc_pbuf.c.obj)
                0x0000000008013246                mpsc_pbuf_claim
 .text.mpsc_pbuf_free
                0x00000000080132ee       0x76 zephyr/libzephyr.a(mpsc_pbuf.c.obj)
                0x00000000080132ee                mpsc_pbuf_free
 .text.mpsc_pbuf_is_pending
                0x0000000008013364       0x32 zephyr/libzephyr.a(mpsc_pbuf.c.obj)
                0x0000000008013364                mpsc_pbuf_is_pending
 .text.ring_buf_area_claim
                0x0000000008013396       0x30 zephyr/libzephyr.a(ring_buffer.c.obj)
                0x0000000008013396                ring_buf_area_claim
 .text.ring_buf_put_claim
                0x00000000080133c6       0x1e zephyr/libzephyr.a(ring_buffer.c.obj)
 .text.ring_buf_get_claim
                0x00000000080133e4       0x1e zephyr/libzephyr.a(ring_buffer.c.obj)